Archive member included to satisfy reference by file (symbol)

C:/Users/LiuDongPeng/Desktop/g474/foc/Middlewares/ST/ARM/DSP/Lib/libarm_cortexM4lf_math.a(arm_fir_f32.o)
                              CMakeFiles/foc.elf.dir/foc/lowpass_filter.c.obj (arm_fir_f32)
C:/Users/LiuDongPeng/Desktop/g474/foc/Middlewares/ST/ARM/DSP/Lib/libarm_cortexM4lf_math.a(arm_sin_f32.o)
                              CMakeFiles/foc.elf.dir/foc/encoder.c.obj (arm_sin_f32)
C:/Users/LiuDongPeng/Desktop/g474/foc/Middlewares/ST/ARM/DSP/Lib/libarm_cortexM4lf_math.a(arm_cos_f32.o)
                              CMakeFiles/foc.elf.dir/foc/encoder.c.obj (arm_cos_f32)
C:/Users/LiuDongPeng/Desktop/g474/foc/Middlewares/ST/ARM/DSP/Lib/libarm_cortexM4lf_math.a(arm_common_tables.o)
                              C:/Users/LiuDongPeng/Desktop/g474/foc/Middlewares/ST/ARM/DSP/Lib/libarm_cortexM4lf_math.a(arm_sin_f32.o) (sinTable_f32)
d:/gnuarm~1/102021~1.10/bin/../lib/gcc/arm-none-eabi/10.3.1/thumb/v7e-m+fp/hard\libgcc.a(_arm_muldf3.o)
                              CMakeFiles/foc.elf.dir/foc/encoder.c.obj (__aeabi_dmul)
d:/gnuarm~1/102021~1.10/bin/../lib/gcc/arm-none-eabi/10.3.1/thumb/v7e-m+fp/hard\libgcc.a(_arm_addsubdf3.o)
                              CMakeFiles/foc.elf.dir/foc/utils.c.obj (__aeabi_dsub)
d:/gnuarm~1/102021~1.10/bin/../lib/gcc/arm-none-eabi/10.3.1/thumb/v7e-m+fp/hard\libgcc.a(_arm_muldivdf3.o)
                              CMakeFiles/foc.elf.dir/foc/motor.c.obj (__aeabi_ddiv)
d:/gnuarm~1/102021~1.10/bin/../lib/gcc/arm-none-eabi/10.3.1/thumb/v7e-m+fp/hard\libgcc.a(_arm_cmpdf2.o)
                              CMakeFiles/foc.elf.dir/foc/encoder.c.obj (__aeabi_dcmplt)
d:/gnuarm~1/102021~1.10/bin/../lib/gcc/arm-none-eabi/10.3.1/thumb/v7e-m+fp/hard\libgcc.a(_arm_fixdfsi.o)
                              CMakeFiles/foc.elf.dir/foc/motor.c.obj (__aeabi_d2iz)
d:/gnuarm~1/102021~1.10/bin/../lib/gcc/arm-none-eabi/10.3.1/thumb/v7e-m+fp/hard\libgcc.a(_arm_truncdfsf2.o)
                              CMakeFiles/foc.elf.dir/Core/Src/app_freertos.c.obj (__aeabi_d2f)
d:/gnuarm~1/102021~1.10/bin/../lib/gcc/arm-none-eabi/10.3.1/thumb/v7e-m+fp/hard\libgcc.a(_arm_addsubsf3.o)
                              CMakeFiles/foc.elf.dir/bsp/bsp.c.obj (__aeabi_ul2f)
d:/gnuarm~1/102021~1.10/bin/../lib/gcc/arm-none-eabi/10.3.1/thumb/v7e-m+fp/hard\libgcc.a(_aeabi_ldivmod.o)
                              CMakeFiles/foc.elf.dir/Drivers/STM32G4xx_HAL_Driver/Src/stm32g4xx_hal_uart.c.obj (__aeabi_ldivmod)
d:/gnuarm~1/102021~1.10/bin/../lib/gcc/arm-none-eabi/10.3.1/thumb/v7e-m+fp/hard\libgcc.a(_aeabi_uldivmod.o)
                              CMakeFiles/foc.elf.dir/Drivers/STM32G4xx_HAL_Driver/Src/stm32g4xx_hal_uart.c.obj (__aeabi_uldivmod)
d:/gnuarm~1/102021~1.10/bin/../lib/gcc/arm-none-eabi/10.3.1/thumb/v7e-m+fp/hard\libgcc.a(_fixunssfdi.o)
                              CMakeFiles/foc.elf.dir/bsp/bsp.c.obj (__aeabi_f2ulz)
d:/gnuarm~1/102021~1.10/bin/../lib/gcc/arm-none-eabi/10.3.1/thumb/v7e-m+fp/hard\libgcc.a(_udivmoddi4.o)
                              d:/gnuarm~1/102021~1.10/bin/../lib/gcc/arm-none-eabi/10.3.1/thumb/v7e-m+fp/hard\libgcc.a(_aeabi_ldivmod.o) (__udivmoddi4)
d:/gnuarm~1/102021~1.10/bin/../lib/gcc/arm-none-eabi/10.3.1/thumb/v7e-m+fp/hard\libgcc.a(_dvmd_tls.o)
                              d:/gnuarm~1/102021~1.10/bin/../lib/gcc/arm-none-eabi/10.3.1/thumb/v7e-m+fp/hard\libgcc.a(_aeabi_ldivmod.o) (__aeabi_ldiv0)
d:/gnuarm~1/102021~1.10/bin/../lib/gcc/arm-none-eabi/10.3.1/thumb/v7e-m+fp/hard\libgcc.a(_arm_fixunsdfsi.o)
                              d:/gnuarm~1/102021~1.10/bin/../lib/gcc/arm-none-eabi/10.3.1/thumb/v7e-m+fp/hard\libgcc.a(_fixunssfdi.o) (__aeabi_d2uiz)
d:/gnuarm~1/102021~1.10/bin/../lib/gcc/arm-none-eabi/10.3.1/../../../../arm-none-eabi/lib/thumb/v7e-m+fp/hard\libc.a(lib_a-atof.o)
                              CMakeFiles/foc.elf.dir/Core/Src/app_freertos.c.obj (atof)
d:/gnuarm~1/102021~1.10/bin/../lib/gcc/arm-none-eabi/10.3.1/../../../../arm-none-eabi/lib/thumb/v7e-m+fp/hard\libc.a(lib_a-errno.o)
                              CMakeFiles/foc.elf.dir/Core/Src/syscalls.c.obj (__errno)
d:/gnuarm~1/102021~1.10/bin/../lib/gcc/arm-none-eabi/10.3.1/../../../../arm-none-eabi/lib/thumb/v7e-m+fp/hard\libc.a(lib_a-exit.o)
                              d:/gnuarm~1/102021~1.10/bin/../lib/gcc/arm-none-eabi/10.3.1/../../../../arm-none-eabi/lib/thumb/v7e-m+fp/hard/crt0.o (exit)
d:/gnuarm~1/102021~1.10/bin/../lib/gcc/arm-none-eabi/10.3.1/../../../../arm-none-eabi/lib/thumb/v7e-m+fp/hard\libc.a(lib_a-impure.o)
                              d:/gnuarm~1/102021~1.10/bin/../lib/gcc/arm-none-eabi/10.3.1/../../../../arm-none-eabi/lib/thumb/v7e-m+fp/hard\libc.a(lib_a-exit.o) (_global_impure_ptr)
d:/gnuarm~1/102021~1.10/bin/../lib/gcc/arm-none-eabi/10.3.1/../../../../arm-none-eabi/lib/thumb/v7e-m+fp/hard\libc.a(lib_a-init.o)
[...]
Memory Configuration

Name             Origin             Length             Attributes
RAM              0x20000000         0x00020000         xrw
FLASH            0x08000000         0x00080000         xr
*default*        0x00000000         0xffffffff

Linker script and memory map

LOAD d:/gnuarm~1/102021~1.10/bin/../lib/gcc/arm-none-eabi/10.3.1/thumb/v7e-m+fp/hard/crti.o
LOAD d:/gnuarm~1/102021~1.10/bin/../lib/gcc/arm-none-eabi/10.3.1/thumb/v7e-m+fp/hard/crtbegin.o
LOAD d:/gnuarm~1/102021~1.10/bin/../lib/gcc/arm-none-eabi/10.3.1/../../../../arm-none-eabi/lib/thumb/v7e-m+fp/hard/crt0.o
LOAD CMakeFiles/foc.elf.dir/Core/Src/adc.c.obj
LOAD CMakeFiles/foc.elf.dir/Core/Src/app_freertos.c.obj
LOAD CMakeFiles/foc.elf.dir/Core/Src/dma.c.obj
LOAD CMakeFiles/foc.elf.dir/Core/Src/gpio.c.obj
LOAD CMakeFiles/foc.elf.dir/Core/Src/main.c.obj
LOAD CMakeFiles/foc.elf.dir/Core/Src/spi.c.obj
LOAD CMakeFiles/foc.elf.dir/Core/Src/stm32g4xx_hal_msp.c.obj
LOAD CMakeFiles/foc.elf.dir/Core/Src/stm32g4xx_hal_timebase_tim.c.obj
LOAD CMakeFiles/foc.elf.dir/Core/Src/stm32g4xx_it.c.obj
LOAD CMakeFiles/foc.elf.dir/Core/Src/syscalls.c.obj
LOAD CMakeFiles/foc.elf.dir/Core/Src/sysmem.c.obj
LOAD CMakeFiles/foc.elf.dir/Core/Src/system_stm32g4xx.c.obj
LOAD CMakeFiles/foc.elf.dir/Core/Src/tim.c.obj
LOAD CMakeFiles/foc.elf.dir/Core/Src/usart.c.obj
LOAD CMakeFiles/foc.elf.dir/Core/Startup/startup_stm32g474retx.s.obj
LOAD CMakeFiles/foc.elf.dir/Drivers/STM32G4xx_HAL_Driver/Src/stm32g4xx_hal.c.obj
LOAD CMakeFiles/foc.elf.dir/Drivers/STM32G4xx_HAL_Driver/Src/stm32g4xx_hal_adc.c.obj
LOAD CMakeFiles/foc.elf.dir/Drivers/STM32G4xx_HAL_Driver/Src/stm32g4xx_hal_adc_ex.c.obj
LOAD CMakeFiles/foc.elf.dir/Drivers/STM32G4xx_HAL_Driver/Src/stm32g4xx_hal_cortex.c.obj
LOAD CMakeFiles/foc.elf.dir/Drivers/STM32G4xx_HAL_Driver/Src/stm32g4xx_hal_dma.c.obj
LOAD CMakeFiles/foc.elf.dir/Drivers/STM32G4xx_HAL_Driver/Src/stm32g4xx_hal_dma_ex.c.obj
LOAD CMakeFiles/foc.elf.dir/Drivers/STM32G4xx_HAL_Driver/Src/stm32g4xx_hal_exti.c.obj
LOAD CMakeFiles/foc.elf.dir/Drivers/STM32G4xx_HAL_Driver/Src/stm32g4xx_hal_flash.c.obj
LOAD CMakeFiles/foc.elf.dir/Drivers/STM32G4xx_HAL_Driver/Src/stm32g4xx_hal_flash_ex.c.obj
LOAD CMakeFiles/foc.elf.dir/Drivers/STM32G4xx_HAL_Driver/Src/stm32g4xx_hal_flash_ramfunc.c.obj
LOAD CMakeFiles/foc.elf.dir/Drivers/STM32G4xx_HAL_Driver/Src/stm32g4xx_hal_gpio.c.obj
LOAD CMakeFiles/foc.elf.dir/Drivers/STM32G4xx_HAL_Driver/Src/stm32g4xx_hal_pcd.c.obj
LOAD CMakeFiles/foc.elf.dir/Drivers/STM32G4xx_HAL_Driver/Src/stm32g4xx_hal_pcd_ex.c.obj
LOAD CMakeFiles/foc.elf.dir/Drivers/STM32G4xx_HAL_Driver/Src/stm32g4xx_hal_pwr.c.obj
LOAD CMakeFiles/foc.elf.dir/Drivers/STM32G4xx_HAL_Driver/Src/stm32g4xx_hal_pwr_ex.c.obj
LOAD CMakeFiles/foc.elf.dir/Drivers/STM32G4xx_HAL_Driver/Src/stm32g4xx_hal_rcc.c.obj
LOAD CMakeFiles/foc.elf.dir/Drivers/STM32G4xx_HAL_Driver/Src/stm32g4xx_hal_rcc_ex.c.obj
LOAD CMakeFiles/foc.elf.dir/Drivers/STM32G4xx_HAL_Driver/Src/stm32g4xx_hal_spi.c.obj
LOAD CMakeFiles/foc.elf.dir/Drivers/STM32G4xx_HAL_Driver/Src/stm32g4xx_hal_spi_ex.c.obj
LOAD CMakeFiles/foc.elf.dir/Drivers/STM32G4xx_HAL_Driver/Src/stm32g4xx_hal_tim.c.obj
LOAD CMakeFiles/foc.elf.dir/Drivers/STM32G4xx_HAL_Driver/Src/stm32g4xx_hal_tim_ex.c.obj
LOAD CMakeFiles/foc.elf.dir/Drivers/STM32G4xx_HAL_Driver/Src/stm32g4xx_hal_uart.c.obj
LOAD CMakeFiles/foc.elf.dir/Drivers/STM32G4xx_HAL_Driver/Src/stm32g4xx_hal_uart_ex.c.obj
LOAD CMakeFiles/foc.elf.dir/Drivers/STM32G4xx_HAL_Driver/Src/stm32g4xx_ll_adc.c.obj
LOAD CMakeFiles/foc.elf.dir/Drivers/STM32G4xx_HAL_Driver/Src/stm32g4xx_ll_usb.c.obj
LOAD CMakeFiles/foc.elf.dir/Middlewares/ST/STM32_USB_Device_Library/Class/CDC/Src/usbd_cdc.c.obj
LOAD CMakeFiles/foc.elf.dir/Middlewares/ST/STM32_USB_Device_Library/Core/Src/usbd_core.c.obj
LOAD CMakeFiles/foc.elf.dir/Middlewares/ST/STM32_USB_Device_Library/Core/Src/usbd_ctlreq.c.obj
LOAD CMakeFiles/foc.elf.dir/Middlewares/ST/STM32_USB_Device_Library/Core/Src/usbd_ioreq.c.obj
LOAD CMakeFiles/foc.elf.dir/Middlewares/Third_Party/FreeRTOS/Source/CMSIS_RTOS_V2/cmsis_os2.c.obj
LOAD CMakeFiles/foc.elf.dir/Middlewares/Third_Party/FreeRTOS/Source/croutine.c.obj
LOAD CMakeFiles/foc.elf.dir/Middlewares/Third_Party/FreeRTOS/Source/event_groups.c.obj
LOAD CMakeFiles/foc.elf.dir/Middlewares/Third_Party/FreeRTOS/Source/list.c.obj
LOAD CMakeFiles/foc.elf.dir/Middlewares/Third_Party/FreeRTOS/Source/portable/GCC/ARM_CM4F/port.c.obj
LOAD CMakeFiles/foc.elf.dir/Middlewares/Third_Party/FreeRTOS/Source/portable/MemMang/heap_4.c.obj
LOAD CMakeFiles/foc.elf.dir/Middlewares/Third_Party/FreeRTOS/Source/queue.c.obj
LOAD CMakeFiles/foc.elf.dir/Middlewares/Third_Party/FreeRTOS/Source/stream_buffer.c.obj
LOAD CMakeFiles/foc.elf.dir/Middlewares/Third_Party/FreeRTOS/Source/tasks.c.obj
LOAD CMakeFiles/foc.elf.dir/Middlewares/Third_Party/FreeRTOS/Source/timers.c.obj
LOAD CMakeFiles/foc.elf.dir/USB_Device/App/usb_device.c.obj
LOAD CMakeFiles/foc.elf.dir/USB_Device/App/usbd_cdc_if.c.obj
LOAD CMakeFiles/foc.elf.dir/USB_Device/App/usbd_desc.c.obj
LOAD CMakeFiles/foc.elf.dir/USB_Device/Target/usbd_conf.c.obj
LOAD CMakeFiles/foc.elf.dir/bsp/bsp.c.obj
LOAD CMakeFiles/foc.elf.dir/bsp/button/button.c.obj
LOAD CMakeFiles/foc.elf.dir/bsp/led/led.c.obj
LOAD CMakeFiles/foc.elf.dir/bsp/mt6701/mt6701.c.obj
LOAD CMakeFiles/foc.elf.dir/foc/encoder.c.obj
LOAD CMakeFiles/foc.elf.dir/foc/foc.c.obj
LOAD CMakeFiles/foc.elf.dir/foc/lowpass_filter.c.obj
LOAD CMakeFiles/foc.elf.dir/foc/motor.c.obj
LOAD CMakeFiles/foc.elf.dir/foc/pid.c.obj
LOAD CMakeFiles/foc.elf.dir/foc/utils.c.obj
LOAD C:/Users/LiuDongPeng/Desktop/g474/foc/Middlewares/ST/ARM/DSP/Lib/libarm_cortexM4lf_math.a
START GROUP
LOAD d:/gnuarm~1/102021~1.10/bin/../lib/gcc/arm-none-eabi/10.3.1/thumb/v7e-m+fp/hard\libgcc.a
LOAD d:/gnuarm~1/102021~1.10/bin/../lib/gcc/arm-none-eabi/10.3.1/../../../../arm-none-eabi/lib/thumb/v7e-m+fp/hard\libc.a
END GROUP
LOAD d:/gnuarm~1/102021~1.10/bin/../lib/gcc/arm-none-eabi/10.3.1/thumb/v7e-m+fp/hard/crtend.o
LOAD d:/gnuarm~1/102021~1.10/bin/../lib/gcc/arm-none-eabi/10.3.1/thumb/v7e-m+fp/hard/crtn.o
                0x20020000                _estack = (ORIGIN (RAM) + LENGTH (RAM))
                0x00000600                _Min_Heap_Size = 0x600
                0x00000600                _Min_Stack_Size = 0x600

.isr_vector     0x08000000      0x1d8
                0x08000000                . = ALIGN (0x4)
 *(.isr_vector)
 .isr_vector    0x08000000      0x1d8 CMakeFiles/foc.elf.dir/Core/Startup/startup_stm32g474retx.s.obj
                0x08000000                g_pfnVectors
                0x080001d8                . = ALIGN (0x4)

.text           0x08000200    0x131c4
                0x08000200                . = ALIGN (0x4)
 *(.text)
 .text          0x08000200       0x40 d:/gnuarm~1/102021~1.10/bin/../lib/gcc/arm-none-eabi/10.3.1/thumb/v7e-m+fp/hard/crtbegin.o
 .text          0x08000240      0x378 d:/gnuarm~1/102021~1.10/bin/../lib/gcc/arm-none-eabi/10.3.1/thumb/v7e-m+fp/hard\libgcc.a(_arm_addsubdf3.o)
                0x08000240                __aeabi_drsub
                0x08000248                __aeabi_dsub
                0x08000248                __subdf3
                0x0800024c                __aeabi_dadd
                0x0800024c                __adddf3
                0x080004c4                __floatunsidf
                0x080004c4                __aeabi_ui2d
                0x080004e4                __floatsidf
                0x080004e4                __aeabi_i2d
                0x08000508                __aeabi_f2d
                0x08000508                __extendsfdf2
                0x0800054c                __floatundidf
                0x0800054c                __aeabi_ul2d
                0x0800055c                __floatdidf
                0x0800055c                __aeabi_l2d
 .text          0x080005b8      0x424 d:/gnuarm~1/102021~1.10/bin/../lib/gcc/arm-none-eabi/10.3.1/thumb/v7e-m+fp/hard\libgcc.a(_arm_muldivdf3.o)
                0x080005b8                __aeabi_dmul
                0x080005b8                __muldf3
                0x0800080c                __divdf3
                0x0800080c                __aeabi_ddiv
 .text          0x080009dc      0x110 d:/gnuarm~1/102021~1.10/bin/../lib/gcc/arm-none-eabi/10.3.1/thumb/v7e-m+fp/hard\libgcc.a(_arm_cmpdf2.o)
                0x080009dc                __gtdf2
                0x080009dc                __gedf2
                0x080009e4                __ltdf2
                0x080009e4                __ledf2
                0x080009ec                __nedf2
                0x080009ec                __eqdf2
                0x080009ec                __cmpdf2
                0x08000a68                __aeabi_cdrcmple
                0x08000a78                __aeabi_cdcmpeq
                0x08000a78                __aeabi_cdcmple
                0x08000a88                __aeabi_dcmpeq
                0x08000a9c                __aeabi_dcmplt
                0x08000ab0                __aeabi_dcmple
                0x08000ac4                __aeabi_dcmpge
                0x08000ad8                __aeabi_dcmpgt
 .text          0x08000aec       0xa0 d:/gnuarm~1/102021~1.10/bin/../lib/gcc/arm-none-eabi/10.3.1/thumb/v7e-m+fp/hard\libgcc.a(_arm_truncdfsf2.o)
                0x08000aec                __truncdfsf2
                0x08000aec                __aeabi_d2f
 .text          0x08000b8c       0x30 d:/gnuarm~1/102021~1.10/bin/../lib/gcc/arm-none-eabi/10.3.1/thumb/v7e-m+fp/hard\libgcc.a(_aeabi_uldivmod.o)
                0x08000b8c                __aeabi_uldivmod
 .text          0x08000bbc      0x2d0 d:/gnuarm~1/102021~1.10/bin/../lib/gcc/arm-none-eabi/10.3.1/thumb/v7e-m+fp/hard\libgcc.a(_udivmoddi4.o)
                0x08000bbc                __udivmoddi4
 .text          0x08000e8c        0x4 d:/gnuarm~1/102021~1.10/bin/../lib/gcc/arm-none-eabi/10.3.1/thumb/v7e-m+fp/hard\libgcc.a(_dvmd_tls.o)
                0x08000e8c                __aeabi_idiv0
                0x08000e8c                __aeabi_ldiv0
 .text          0x08000e90       0x40 d:/gnuarm~1/102021~1.10/bin/../lib/gcc/arm-none-eabi/10.3.1/thumb/v7e-m+fp/hard\libgcc.a(_arm_fixunsdfsi.o)
                0x08000e90                __aeabi_d2uiz
                0x08000e90                __fixunsdfsi
 .text          0x08000ed0      0x134 d:/gnuarm~1/102021~1.10/bin/../lib/gcc/arm-none-eabi/10.3.1/../../../../arm-none-eabi/lib/thumb/v7e-m+fp/hard\libc.a(lib_a-memcpy.o)
                0x08000ed0                memcpy
 *fill*         0x08001004       0x3c 
 .text          0x08001040       0xdc d:/gnuarm~1/102021~1.10/bin/../lib/gcc/arm-none-eabi/10.3.1/../../../../arm-none-eabi/lib/thumb/v7e-m+fp/hard\libc.a(lib_a-strlen.o)
                0x08001040                strlen
 *fill*         0x0800111c        0x4 
 .text          0x08001120       0xa0 d:/gnuarm~1/102021~1.10/bin/../lib/gcc/arm-none-eabi/10.3.1/../../../../arm-none-eabi/lib/thumb/v7e-m+fp/hard\libc.a(lib_a-memchr.o)
                0x08001120                memchr
 .text          0x080011c0       0x30 d:/gnuarm~1/102021~1.10/bin/../lib/gcc/arm-none-eabi/10.3.1/thumb/v7e-m+fp/hard\libgcc.a(_fixdfdi.o)
                0x080011c0                __fixdfdi
                0x080011c0                __aeabi_d2lz
 .text          0x080011f0       0x3c d:/gnuarm~1/102021~1.10/bin/../lib/gcc/arm-none-eabi/10.3.1/thumb/v7e-m+fp/hard\libgcc.a(_fixunsdfdi.o)
                0x080011f0                __fixunsdfdi
                0x080011f0                __aeabi_d2ulz
 *(.text*)
 *fill*         0x0800122c        0x4 
 .text.MX_ADC1_Init
                0x08001230       0xb8 CMakeFiles/foc.elf.dir/Core/Src/adc.c.obj
                0x08001230                MX_ADC1_Init
 .text.MX_ADC2_Init
                0x080012e8      0x130 CMakeFiles/foc.elf.dir/Core/Src/adc.c.obj
                0x080012e8                MX_ADC2_Init
 .text.HAL_ADC_MspInit
                0x08001418      0x154 CMakeFiles/foc.elf.dir/Core/Src/adc.c.obj
                0x08001418                HAL_ADC_MspInit
 .text.bsp_btn_event_callback
                0x0800156c       0xe8 CMakeFiles/foc.elf.dir/Core/Src/app_freertos.c.obj
 .text.StartDefaultTask
                0x08001654       0x88 CMakeFiles/foc.elf.dir/Core/Src/app_freertos.c.obj
                0x08001654                StartDefaultTask
 .text.StartBtnScanTask
                0x080016dc       0x14 CMakeFiles/foc.elf.dir/Core/Src/app_freertos.c.obj
                0x080016dc                StartBtnScanTask
 .text.MX_FREERTOS_Init
                0x080016f0       0x9c CMakeFiles/foc.elf.dir/Core/Src/app_freertos.c.obj
                0x080016f0                MX_FREERTOS_Init
 .text.HAL_ADCEx_InjectedConvCpltCallback
                0x0800178c      0x1cc CMakeFiles/foc.elf.dir/Core/Src/app_freertos.c.obj
                0x0800178c                HAL_ADCEx_InjectedConvCpltCallback
 .text.HAL_UARTEx_RxEventCallback
                0x08001958      0x2d8 CMakeFiles/foc.elf.dir/Core/Src/app_freertos.c.obj
                0x08001958                HAL_UARTEx_RxEventCallback
 .text.MX_DMA_Init
                0x08001c30       0x54 CMakeFiles/foc.elf.dir/Core/Src/dma.c.obj
                0x08001c30                MX_DMA_Init
 .text.MX_GPIO_Init
                0x08001c84      0x190 CMakeFiles/foc.elf.dir/Core/Src/gpio.c.obj
                0x08001c84                MX_GPIO_Init
 *fill*         0x08001e14        0x4 
 .text.SystemClock_Config
                0x08001e18       0x90 CMakeFiles/foc.elf.dir/Core/Src/main.c.obj
                0x08001e18                SystemClock_Config
 .text.startup.main
                0x08001ea8       0x3c CMakeFiles/foc.elf.dir/Core/Src/main.c.obj
                0x08001ea8                main
 .text.HAL_TIM_PeriodElapsedCallback
                0x08001ee4       0x14 CMakeFiles/foc.elf.dir/Core/Src/main.c.obj
                0x08001ee4                HAL_TIM_PeriodElapsedCallback
 .text.Error_Handler
                0x08001ef8        0x4 CMakeFiles/foc.elf.dir/Core/Src/main.c.obj
                0x08001ef8                Error_Handler
 .text.MX_SPI1_Init
                0x08001efc       0x50 CMakeFiles/foc.elf.dir/Core/Src/spi.c.obj
                0x08001efc                MX_SPI1_Init
 .text.MX_SPI3_Init
                0x08001f4c       0x50 CMakeFiles/foc.elf.dir/Core/Src/spi.c.obj
                0x08001f4c                MX_SPI3_Init
 *fill*         0x08001f9c        0x4 
 .text.HAL_SPI_MspInit
                0x08001fa0       0xd0 CMakeFiles/foc.elf.dir/Core/Src/spi.c.obj
                0x08001fa0                HAL_SPI_MspInit
 .text.HAL_MspInit
                0x08002070       0x44 CMakeFiles/foc.elf.dir/Core/Src/stm32g4xx_hal_msp.c.obj
                0x08002070                HAL_MspInit
 .text.HAL_InitTick
                0x080020b4       0x94 CMakeFiles/foc.elf.dir/Core/Src/stm32g4xx_hal_timebase_tim.c.obj
                0x080020b4                HAL_InitTick
 .text.NMI_Handler
                0x08002148        0x8 CMakeFiles/foc.elf.dir/Core/Src/stm32g4xx_it.c.obj
                0x08002148                NMI_Handler
 .text.HardFault_Handler
                0x08002150        0x4 CMakeFiles/foc.elf.dir/Core/Src/stm32g4xx_it.c.obj
                0x08002150                HardFault_Handler
 .text.MemManage_Handler
                0x08002154        0x4 CMakeFiles/foc.elf.dir/Core/Src/stm32g4xx_it.c.obj
                0x08002154                MemManage_Handler
 .text.BusFault_Handler
                0x08002158        0x4 CMakeFiles/foc.elf.dir/Core/Src/stm32g4xx_it.c.obj
                0x08002158                BusFault_Handler
 .text.UsageFault_Handler
                0x0800215c        0x4 CMakeFiles/foc.elf.dir/Core/Src/stm32g4xx_it.c.obj
                0x0800215c                UsageFault_Handler
 .text.DebugMon_Handler
                0x08002160        0x4 CMakeFiles/foc.elf.dir/Core/Src/stm32g4xx_it.c.obj
                0x08002160                DebugMon_Handler
 .text.DMA1_Channel1_IRQHandler
                0x08002164        0xc CMakeFiles/foc.elf.dir/Core/Src/stm32g4xx_it.c.obj
                0x08002164                DMA1_Channel1_IRQHandler
 .text.DMA1_Channel2_IRQHandler
                0x08002170        0xc CMakeFiles/foc.elf.dir/Core/Src/stm32g4xx_it.c.obj
                0x08002170                DMA1_Channel2_IRQHandler
 .text.ADC1_2_IRQHandler
                0x0800217c       0x1c CMakeFiles/foc.elf.dir/Core/Src/stm32g4xx_it.c.obj
                0x0800217c                ADC1_2_IRQHandler
 .text.USB_LP_IRQHandler
                0x08002198        0xc CMakeFiles/foc.elf.dir/Core/Src/stm32g4xx_it.c.obj
                0x08002198                USB_LP_IRQHandler
 .text.USART3_IRQHandler
                0x080021a4        0xc CMakeFiles/foc.elf.dir/Core/Src/stm32g4xx_it.c.obj
                0x080021a4                USART3_IRQHandler
 .text.TIM20_UP_IRQHandler
                0x080021b0        0xc CMakeFiles/foc.elf.dir/Core/Src/stm32g4xx_it.c.obj
                0x080021b0                TIM20_UP_IRQHandler
 .text._getpid  0x080021bc        0x4 CMakeFiles/foc.elf.dir/Core/Src/syscalls.c.obj
                0x080021bc                _getpid
 .text._kill    0x080021c0       0x10 CMakeFiles/foc.elf.dir/Core/Src/syscalls.c.obj
                0x080021c0                _kill
 .text._exit    0x080021d0        0xc CMakeFiles/foc.elf.dir/Core/Src/syscalls.c.obj
                0x080021d0                _exit
 .text._read    0x080021dc       0x1c CMakeFiles/foc.elf.dir/Core/Src/syscalls.c.obj
                0x080021dc                _read
 .text._write   0x080021f8       0x1c CMakeFiles/foc.elf.dir/Core/Src/syscalls.c.obj
                0x080021f8                _write
 .text._close   0x08002214        0x8 CMakeFiles/foc.elf.dir/Core/Src/syscalls.c.obj
                0x08002214                _close
 .text._fstat   0x0800221c        0xc CMakeFiles/foc.elf.dir/Core/Src/syscalls.c.obj
                0x0800221c                _fstat
 .text._isatty  0x08002228        0x4 CMakeFiles/foc.elf.dir/Core/Src/syscalls.c.obj
                0x08002228                _isatty
 .text._lseek   0x0800222c        0x4 CMakeFiles/foc.elf.dir/Core/Src/syscalls.c.obj
                0x0800222c                _lseek
 .text._sbrk    0x08002230       0x44 CMakeFiles/foc.elf.dir/Core/Src/sysmem.c.obj
                0x08002230                _sbrk
 .text.SystemInit
                0x08002274       0x14 CMakeFiles/foc.elf.dir/Core/Src/system_stm32g4xx.c.obj
                0x08002274                SystemInit
 .text.HAL_TIM_Base_MspInit
                0x08002288       0x2c CMakeFiles/foc.elf.dir/Core/Src/tim.c.obj
                0x08002288                HAL_TIM_Base_MspInit
 .text.HAL_TIM_MspPostInit
                0x080022b4       0xa4 CMakeFiles/foc.elf.dir/Core/Src/tim.c.obj
                0x080022b4                HAL_TIM_MspPostInit
 .text.MX_TIM1_Init
                0x08002358      0x180 CMakeFiles/foc.elf.dir/Core/Src/tim.c.obj
                0x08002358                MX_TIM1_Init
 .text.MX_USART3_UART_Init
                0x080024d8       0x88 CMakeFiles/foc.elf.dir/Core/Src/usart.c.obj
                0x080024d8                MX_USART3_UART_Init
 .text.HAL_UART_MspInit
                0x08002560      0x110 CMakeFiles/foc.elf.dir/Core/Src/usart.c.obj
                0x08002560                HAL_UART_MspInit
 .text.__io_putchar
                0x08002670       0x20 CMakeFiles/foc.elf.dir/Core/Src/usart.c.obj
                0x08002670                __io_putchar
 .text.Reset_Handler
                0x08002690       0x50 CMakeFiles/foc.elf.dir/Core/Startup/startup_stm32g474retx.s.obj
                0x08002690                Reset_Handler
 .text.Default_Handler
                0x080026e0        0x2 CMakeFiles/foc.elf.dir/Core/Startup/startup_stm32g474retx.s.obj
                0x080026e0                RTC_Alarm_IRQHandler
                0x080026e0                EXTI2_IRQHandler
                0x080026e0                TIM8_TRG_COM_IRQHandler
                0x080026e0                TIM8_CC_IRQHandler
                0x080026e0                HRTIM1_Master_IRQHandler
                0x080026e0                SPI4_IRQHandler
                0x080026e0                FDCAN3_IT0_IRQHandler
                0x080026e0                TIM1_CC_IRQHandler
                0x080026e0                HRTIM1_FLT_IRQHandler
                0x080026e0                HRTIM1_TIMF_IRQHandler
                0x080026e0                USB_HP_IRQHandler
                0x080026e0                CORDIC_IRQHandler
                0x080026e0                HRTIM1_TIMD_IRQHandler
                0x080026e0                DMA2_Channel8_IRQHandler
                0x080026e0                EXTI3_IRQHandler
                0x080026e0                I2C3_ER_IRQHandler
                0x080026e0                EXTI0_IRQHandler
                0x080026e0                I2C2_EV_IRQHandler
                0x080026e0                FPU_IRQHandler
                0x080026e0                FDCAN1_IT1_IRQHandler
                0x080026e0                TIM1_UP_TIM16_IRQHandler
                0x080026e0                HRTIM1_TIME_IRQHandler
                0x080026e0                SPI1_IRQHandler
                0x080026e0                TIM6_DAC_IRQHandler
                0x080026e0                HRTIM1_TIMC_IRQHandler
                0x080026e0                TIM8_UP_IRQHandler
                0x080026e0                DMA2_Channel2_IRQHandler
                0x080026e0                DMA1_Channel4_IRQHandler
                0x080026e0                TIM20_TRG_COM_IRQHandler
                0x080026e0                DMA1_Channel7_IRQHandler
                0x080026e0                UART5_IRQHandler
                0x080026e0                ADC3_IRQHandler
                0x080026e0                TIM4_IRQHandler
                0x080026e0                DMA2_Channel1_IRQHandler
                0x080026e0                QUADSPI_IRQHandler
                0x080026e0                I2C1_EV_IRQHandler
                0x080026e0                DMA1_Channel6_IRQHandler
                0x080026e0                UART4_IRQHandler
                0x080026e0                DMA2_Channel4_IRQHandler
                0x080026e0                TIM3_IRQHandler
                0x080026e0                RCC_IRQHandler
                0x080026e0                Default_Handler
                0x080026e0                DMA2_Channel7_IRQHandler
                0x080026e0                RTC_TAMP_LSECSS_IRQHandler
                0x080026e0                FMAC_IRQHandler
                0x080026e0                EXTI15_10_IRQHandler
                0x080026e0                DMA1_Channel8_IRQHandler
                0x080026e0                HRTIM1_TIMA_IRQHandler
                0x080026e0                TIM7_DAC_IRQHandler
                0x080026e0                FDCAN3_IT1_IRQHandler
                0x080026e0                TIM5_IRQHandler
                0x080026e0                UCPD1_IRQHandler
                0x080026e0                I2C3_EV_IRQHandler
                0x080026e0                EXTI9_5_IRQHandler
                0x080026e0                RTC_WKUP_IRQHandler
                0x080026e0                PVD_PVM_IRQHandler
                0x080026e0                SPI2_IRQHandler
                0x080026e0                ADC5_IRQHandler
                0x080026e0                DMA2_Channel5_IRQHandler
                0x080026e0                CRS_IRQHandler
                0x080026e0                DMA1_Channel5_IRQHandler
                0x080026e0                EXTI4_IRQHandler
                0x080026e0                RNG_IRQHandler
                0x080026e0                HRTIM1_TIMB_IRQHandler
                0x080026e0                TIM1_TRG_COM_TIM17_IRQHandler
                0x080026e0                FDCAN2_IT1_IRQHandler
                0x080026e0                DMA1_Channel3_IRQHandler
                0x080026e0                ADC4_IRQHandler
                0x080026e0                WWDG_IRQHandler
                0x080026e0                I2C4_EV_IRQHandler
                0x080026e0                FDCAN2_IT0_IRQHandler
                0x080026e0                LPUART1_IRQHandler
                0x080026e0                DMA2_Channel6_IRQHandler
                0x080026e0                FDCAN1_IT0_IRQHandler
                0x080026e0                TIM2_IRQHandler
                0x080026e0                COMP7_IRQHandler
                0x080026e0                COMP1_2_3_IRQHandler
                0x080026e0                EXTI1_IRQHandler
                0x080026e0                USART2_IRQHandler
                0x080026e0                COMP4_5_6_IRQHandler
                0x080026e0                TIM20_BRK_IRQHandler
                0x080026e0                I2C2_ER_IRQHandler
                0x080026e0                TIM8_BRK_IRQHandler
                0x080026e0                FLASH_IRQHandler
                0x080026e0                TIM20_CC_IRQHandler
                0x080026e0                USART1_IRQHandler
                0x080026e0                SPI3_IRQHandler
                0x080026e0                I2C1_ER_IRQHandler
                0x080026e0                FMC_IRQHandler
                0x080026e0                LPTIM1_IRQHandler
                0x080026e0                DMAMUX_OVR_IRQHandler
                0x080026e0                I2C4_ER_IRQHandler
                0x080026e0                USBWakeUp_IRQHandler
                0x080026e0                SAI1_IRQHandler
                0x080026e0                DMA2_Channel3_IRQHandler
                0x080026e0                TIM1_BRK_TIM15_IRQHandler
 *fill*         0x080026e2        0x2 
 .text.HAL_Init
                0x080026e4       0x20 CMakeFiles/foc.elf.dir/Drivers/STM32G4xx_HAL_Driver/Src/stm32g4xx_hal.c.obj
                0x080026e4                HAL_Init
 .text.HAL_IncTick
                0x08002704       0x18 CMakeFiles/foc.elf.dir/Drivers/STM32G4xx_HAL_Driver/Src/stm32g4xx_hal.c.obj
                0x08002704                HAL_IncTick
 .text.HAL_GetTick
                0x0800271c        0xc CMakeFiles/foc.elf.dir/Drivers/STM32G4xx_HAL_Driver/Src/stm32g4xx_hal.c.obj
                0x0800271c                HAL_GetTick
 .text.HAL_Delay
                0x08002728       0x24 CMakeFiles/foc.elf.dir/Drivers/STM32G4xx_HAL_Driver/Src/stm32g4xx_hal.c.obj
                0x08002728                HAL_Delay
 .text.HAL_ADC_Init
                0x0800274c      0x24c CMakeFiles/foc.elf.dir/Drivers/STM32G4xx_HAL_Driver/Src/stm32g4xx_hal_adc.c.obj
                0x0800274c                HAL_ADC_Init
 .text.HAL_ADC_PollForConversion
                0x08002998      0x144 CMakeFiles/foc.elf.dir/Drivers/STM32G4xx_HAL_Driver/Src/stm32g4xx_hal_adc.c.obj
                0x08002998                HAL_ADC_PollForConversion
 .text.HAL_ADC_GetValue
                0x08002adc        0x8 CMakeFiles/foc.elf.dir/Drivers/STM32G4xx_HAL_Driver/Src/stm32g4xx_hal_adc.c.obj
                0x08002adc                HAL_ADC_GetValue
 .text.HAL_ADC_ConvCpltCallback
                0x08002ae4        0x4 CMakeFiles/foc.elf.dir/Drivers/STM32G4xx_HAL_Driver/Src/stm32g4xx_hal_adc.c.obj
                0x08002ae4                HAL_ADC_ConvCpltCallback
 .text.HAL_ADC_LevelOutOfWindowCallback
                0x08002ae8        0x4 CMakeFiles/foc.elf.dir/Drivers/STM32G4xx_HAL_Driver/Src/stm32g4xx_hal_adc.c.obj
                0x08002ae8                HAL_ADC_LevelOutOfWindowCallback
 .text.HAL_ADC_ErrorCallback
                0x08002aec        0x4 CMakeFiles/foc.elf.dir/Drivers/STM32G4xx_HAL_Driver/Src/stm32g4xx_hal_adc.c.obj
                0x08002aec                HAL_ADC_ErrorCallback
 .text.HAL_ADC_IRQHandler
                0x08002af0      0x2b4 CMakeFiles/foc.elf.dir/Drivers/STM32G4xx_HAL_Driver/Src/stm32g4xx_hal_adc.c.obj
                0x08002af0                HAL_ADC_IRQHandler
 .text.HAL_ADC_ConfigChannel
                0x08002da4      0x534 CMakeFiles/foc.elf.dir/Drivers/STM32G4xx_HAL_Driver/Src/stm32g4xx_hal_adc.c.obj
                0x08002da4                HAL_ADC_ConfigChannel
 .text.ADC_Enable
                0x080032d8       0xe0 CMakeFiles/foc.elf.dir/Drivers/STM32G4xx_HAL_Driver/Src/stm32g4xx_hal_adc.c.obj
                0x080032d8                ADC_Enable
 .text.HAL_ADC_Start
                0x080033b8      0x108 CMakeFiles/foc.elf.dir/Drivers/STM32G4xx_HAL_Driver/Src/stm32g4xx_hal_adc.c.obj
                0x080033b8                HAL_ADC_Start
 .text.ADC_Disable
                0x080034c0       0x74 CMakeFiles/foc.elf.dir/Drivers/STM32G4xx_HAL_Driver/Src/stm32g4xx_hal_adc.c.obj
                0x080034c0                ADC_Disable
 .text.HAL_ADCEx_Calibration_Start
                0x08003534       0x9c CMakeFiles/foc.elf.dir/Drivers/STM32G4xx_HAL_Driver/Src/stm32g4xx_hal_adc_ex.c.obj
                0x08003534                HAL_ADCEx_Calibration_Start
 .text.HAL_ADCEx_InjectedStart
                0x080035d0       0xfc CMakeFiles/foc.elf.dir/Drivers/STM32G4xx_HAL_Driver/Src/stm32g4xx_hal_adc_ex.c.obj
                0x080035d0                HAL_ADCEx_InjectedStart
 .text.HAL_ADCEx_InjectedStart_IT
                0x080036cc      0x130 CMakeFiles/foc.elf.dir/Drivers/STM32G4xx_HAL_Driver/Src/stm32g4xx_hal_adc_ex.c.obj
                0x080036cc                HAL_ADCEx_InjectedStart_IT
 .text.HAL_ADCEx_InjectedGetValue
                0x080037fc       0x38 CMakeFiles/foc.elf.dir/Drivers/STM32G4xx_HAL_Driver/Src/stm32g4xx_hal_adc_ex.c.obj
                0x080037fc                HAL_ADCEx_InjectedGetValue
 .text.HAL_ADCEx_InjectedQueueOverflowCallback
                0x08003834        0x4 CMakeFiles/foc.elf.dir/Drivers/STM32G4xx_HAL_Driver/Src/stm32g4xx_hal_adc_ex.c.obj
                0x08003834                HAL_ADCEx_InjectedQueueOverflowCallback
 .text.HAL_ADCEx_LevelOutOfWindow2Callback
                0x08003838        0x4 CMakeFiles/foc.elf.dir/Drivers/STM32G4xx_HAL_Driver/Src/stm32g4xx_hal_adc_ex.c.obj
                0x08003838                HAL_ADCEx_LevelOutOfWindow2Callback
 .text.HAL_ADCEx_LevelOutOfWindow3Callback
                0x0800383c        0x4 CMakeFiles/foc.elf.dir/Drivers/STM32G4xx_HAL_Driver/Src/stm32g4xx_hal_adc_ex.c.obj
                0x0800383c                HAL_ADCEx_LevelOutOfWindow3Callback
 .text.HAL_ADCEx_EndOfSamplingCallback
                0x08003840        0x4 CMakeFiles/foc.elf.dir/Drivers/STM32G4xx_HAL_Driver/Src/stm32g4xx_hal_adc_ex.c.obj
                0x08003840                HAL_ADCEx_EndOfSamplingCallback
 .text.HAL_ADCEx_InjectedConfigChannel
                0x08003844      0x65c CMakeFiles/foc.elf.dir/Drivers/STM32G4xx_HAL_Driver/Src/stm32g4xx_hal_adc_ex.c.obj
                0x08003844                HAL_ADCEx_InjectedConfigChannel
 .text.HAL_ADCEx_MultiModeConfigChannel
                0x08003ea0      0x164 CMakeFiles/foc.elf.dir/Drivers/STM32G4xx_HAL_Driver/Src/stm32g4xx_hal_adc_ex.c.obj
                0x08003ea0                HAL_ADCEx_MultiModeConfigChannel
 .text.HAL_NVIC_SetPriorityGrouping
                0x08004004       0x24 CMakeFiles/foc.elf.dir/Drivers/STM32G4xx_HAL_Driver/Src/stm32g4xx_hal_cortex.c.obj
                0x08004004                HAL_NVIC_SetPriorityGrouping
 .text.HAL_NVIC_SetPriority
                0x08004028       0x7c CMakeFiles/foc.elf.dir/Drivers/STM32G4xx_HAL_Driver/Src/stm32g4xx_hal_cortex.c.obj
                0x08004028                HAL_NVIC_SetPriority
 .text.HAL_NVIC_EnableIRQ
                0x080040a4       0x1c CMakeFiles/foc.elf.dir/Drivers/STM32G4xx_HAL_Driver/Src/stm32g4xx_hal_cortex.c.obj
                0x080040a4                HAL_NVIC_EnableIRQ
 .text.HAL_DMA_Init
                0x080040c0      0x12c CMakeFiles/foc.elf.dir/Drivers/STM32G4xx_HAL_Driver/Src/stm32g4xx_hal_dma.c.obj
                0x080040c0                HAL_DMA_Init
 .text.HAL_DMA_Start_IT
                0x080041ec       0xb4 CMakeFiles/foc.elf.dir/Drivers/STM32G4xx_HAL_Driver/Src/stm32g4xx_hal_dma.c.obj
                0x080041ec                HAL_DMA_Start_IT
 .text.HAL_DMA_Abort
                0x080042a0       0x74 CMakeFiles/foc.elf.dir/Drivers/STM32G4xx_HAL_Driver/Src/stm32g4xx_hal_dma.c.obj
                0x080042a0                HAL_DMA_Abort
 .text.HAL_DMA_Abort_IT
                0x08004314       0x7c CMakeFiles/foc.elf.dir/Drivers/STM32G4xx_HAL_Driver/Src/stm32g4xx_hal_dma.c.obj
                0x08004314                HAL_DMA_Abort_IT
 .text.HAL_DMA_IRQHandler
                0x08004390       0x9c CMakeFiles/foc.elf.dir/Drivers/STM32G4xx_HAL_Driver/Src/stm32g4xx_hal_dma.c.obj
                0x08004390                HAL_DMA_IRQHandler
 .text.HAL_GPIO_Init
                0x0800442c      0x1f0 CMakeFiles/foc.elf.dir/Drivers/STM32G4xx_HAL_Driver/Src/stm32g4xx_hal_gpio.c.obj
                0x0800442c                HAL_GPIO_Init
 .text.HAL_GPIO_ReadPin
                0x0800461c        0xc CMakeFiles/foc.elf.dir/Drivers/STM32G4xx_HAL_Driver/Src/stm32g4xx_hal_gpio.c.obj
                0x0800461c                HAL_GPIO_ReadPin
 .text.HAL_GPIO_WritePin
                0x08004628        0xc CMakeFiles/foc.elf.dir/Drivers/STM32G4xx_HAL_Driver/Src/stm32g4xx_hal_gpio.c.obj
                0x08004628                HAL_GPIO_WritePin
 .text.HAL_PCD_Init
                0x08004634      0x1d4 CMakeFiles/foc.elf.dir/Drivers/STM32G4xx_HAL_Driver/Src/stm32g4xx_hal_pcd.c.obj
                0x08004634                HAL_PCD_Init
 .text.HAL_PCD_Start
                0x08004808       0x2c CMakeFiles/foc.elf.dir/Drivers/STM32G4xx_HAL_Driver/Src/stm32g4xx_hal_pcd.c.obj
                0x08004808                HAL_PCD_Start
 .text.HAL_PCD_IRQHandler
                0x08004834      0xb1c CMakeFiles/foc.elf.dir/Drivers/STM32G4xx_HAL_Driver/Src/stm32g4xx_hal_pcd.c.obj
                0x08004834                HAL_PCD_IRQHandler
 .text.HAL_PCD_SetAddress
                0x08005350       0x28 CMakeFiles/foc.elf.dir/Drivers/STM32G4xx_HAL_Driver/Src/stm32g4xx_hal_pcd.c.obj
                0x08005350                HAL_PCD_SetAddress
 .text.HAL_PCD_EP_Open
                0x08005378       0x70 CMakeFiles/foc.elf.dir/Drivers/STM32G4xx_HAL_Driver/Src/stm32g4xx_hal_pcd.c.obj
                0x08005378                HAL_PCD_EP_Open
 .text.HAL_PCD_EP_Close
                0x080053e8       0x5c CMakeFiles/foc.elf.dir/Drivers/STM32G4xx_HAL_Driver/Src/stm32g4xx_hal_pcd.c.obj
                0x080053e8                HAL_PCD_EP_Close
 .text.HAL_PCD_EP_Receive
                0x08005444       0x34 CMakeFiles/foc.elf.dir/Drivers/STM32G4xx_HAL_Driver/Src/stm32g4xx_hal_pcd.c.obj
                0x08005444                HAL_PCD_EP_Receive
 .text.HAL_PCD_EP_GetRxCount
                0x08005478       0x14 CMakeFiles/foc.elf.dir/Drivers/STM32G4xx_HAL_Driver/Src/stm32g4xx_hal_pcd.c.obj
                0x08005478                HAL_PCD_EP_GetRxCount
 .text.HAL_PCD_EP_Transmit
                0x0800548c       0x3c CMakeFiles/foc.elf.dir/Drivers/STM32G4xx_HAL_Driver/Src/stm32g4xx_hal_pcd.c.obj
                0x0800548c                HAL_PCD_EP_Transmit
 .text.HAL_PCD_EP_SetStall
                0x080054c8       0x74 CMakeFiles/foc.elf.dir/Drivers/STM32G4xx_HAL_Driver/Src/stm32g4xx_hal_pcd.c.obj
                0x080054c8                HAL_PCD_EP_SetStall
 .text.HAL_PCD_EP_ClrStall
                0x0800553c       0x70 CMakeFiles/foc.elf.dir/Drivers/STM32G4xx_HAL_Driver/Src/stm32g4xx_hal_pcd.c.obj
                0x0800553c                HAL_PCD_EP_ClrStall
 .text.HAL_PCDEx_PMAConfig
                0x080055ac       0x38 CMakeFiles/foc.elf.dir/Drivers/STM32G4xx_HAL_Driver/Src/stm32g4xx_hal_pcd_ex.c.obj
                0x080055ac                HAL_PCDEx_PMAConfig
 .text.HAL_PCDEx_ActivateLPM
                0x080055e4       0x34 CMakeFiles/foc.elf.dir/Drivers/STM32G4xx_HAL_Driver/Src/stm32g4xx_hal_pcd_ex.c.obj
                0x080055e4                HAL_PCDEx_ActivateLPM
 .text.HAL_PWREx_ControlVoltageScaling
                0x08005618       0xfc CMakeFiles/foc.elf.dir/Drivers/STM32G4xx_HAL_Driver/Src/stm32g4xx_hal_pwr_ex.c.obj
                0x08005618                HAL_PWREx_ControlVoltageScaling
 .text.HAL_PWREx_DisableUCPDDeadBattery
                0x08005714       0x10 CMakeFiles/foc.elf.dir/Drivers/STM32G4xx_HAL_Driver/Src/stm32g4xx_hal_pwr_ex.c.obj
                0x08005714                HAL_PWREx_DisableUCPDDeadBattery
 .text.HAL_RCC_OscConfig
                0x08005724      0x498 CMakeFiles/foc.elf.dir/Drivers/STM32G4xx_HAL_Driver/Src/stm32g4xx_hal_rcc.c.obj
                0x08005724                HAL_RCC_OscConfig
 .text.HAL_RCC_GetSysClockFreq
                0x08005bbc       0x70 CMakeFiles/foc.elf.dir/Drivers/STM32G4xx_HAL_Driver/Src/stm32g4xx_hal_rcc.c.obj
                0x08005bbc                HAL_RCC_GetSysClockFreq
 .text.HAL_RCC_ClockConfig
                0x08005c2c      0x224 CMakeFiles/foc.elf.dir/Drivers/STM32G4xx_HAL_Driver/Src/stm32g4xx_hal_rcc.c.obj
                0x08005c2c                HAL_RCC_ClockConfig
 .text.HAL_RCC_GetPCLK1Freq
                0x08005e50       0x24 CMakeFiles/foc.elf.dir/Drivers/STM32G4xx_HAL_Driver/Src/stm32g4xx_hal_rcc.c.obj
                0x08005e50                HAL_RCC_GetPCLK1Freq
 .text.HAL_RCC_GetPCLK2Freq
                0x08005e74       0x24 CMakeFiles/foc.elf.dir/Drivers/STM32G4xx_HAL_Driver/Src/stm32g4xx_hal_rcc.c.obj
                0x08005e74                HAL_RCC_GetPCLK2Freq
 .text.HAL_RCC_GetClockConfig
                0x08005e98       0x44 CMakeFiles/foc.elf.dir/Drivers/STM32G4xx_HAL_Driver/Src/stm32g4xx_hal_rcc.c.obj
                0x08005e98                HAL_RCC_GetClockConfig
 .text.HAL_RCC_EnableCSS
                0x08005edc       0x10 CMakeFiles/foc.elf.dir/Drivers/STM32G4xx_HAL_Driver/Src/stm32g4xx_hal_rcc.c.obj
                0x08005edc                HAL_RCC_EnableCSS
 .text.HAL_RCC_CSSCallback
                0x08005eec        0x4 CMakeFiles/foc.elf.dir/Drivers/STM32G4xx_HAL_Driver/Src/stm32g4xx_hal_rcc.c.obj
                0x08005eec                HAL_RCC_CSSCallback
 .text.HAL_RCC_NMI_IRQHandler
                0x08005ef0       0x1c CMakeFiles/foc.elf.dir/Drivers/STM32G4xx_HAL_Driver/Src/stm32g4xx_hal_rcc.c.obj
                0x08005ef0                HAL_RCC_NMI_IRQHandler
 .text.HAL_RCCEx_PeriphCLKConfig
                0x08005f0c      0x310 CMakeFiles/foc.elf.dir/Drivers/STM32G4xx_HAL_Driver/Src/stm32g4xx_hal_rcc_ex.c.obj
                0x08005f0c                HAL_RCCEx_PeriphCLKConfig
 .text.SPI_WaitFifoStateUntilTimeout.constprop.0
                0x0800621c       0xec CMakeFiles/foc.elf.dir/Drivers/STM32G4xx_HAL_Driver/Src/stm32g4xx_hal_spi.c.obj
 .text.SPI_EndRxTxTransaction
                0x08006308      0x140 CMakeFiles/foc.elf.dir/Drivers/STM32G4xx_HAL_Driver/Src/stm32g4xx_hal_spi.c.obj
 .text.HAL_SPI_Init
                0x08006448       0xfc CMakeFiles/foc.elf.dir/Drivers/STM32G4xx_HAL_Driver/Src/stm32g4xx_hal_spi.c.obj
                0x08006448                HAL_SPI_Init
 .text.HAL_SPI_TransmitReceive
                0x08006544      0x324 CMakeFiles/foc.elf.dir/Drivers/STM32G4xx_HAL_Driver/Src/stm32g4xx_hal_spi.c.obj
                0x08006544                HAL_SPI_TransmitReceive
 .text.TIM_OC1_SetConfig
                0x08006868       0x80 CMakeFiles/foc.elf.dir/Drivers/STM32G4xx_HAL_Driver/Src/stm32g4xx_hal_tim.c.obj
 .text.TIM_OC3_SetConfig
                0x080068e8       0xa0 CMakeFiles/foc.elf.dir/Drivers/STM32G4xx_HAL_Driver/Src/stm32g4xx_hal_tim.c.obj
 .text.TIM_OC4_SetConfig
                0x08006988       0xa4 CMakeFiles/foc.elf.dir/Drivers/STM32G4xx_HAL_Driver/Src/stm32g4xx_hal_tim.c.obj
 .text.HAL_TIM_Base_Init
                0x08006a2c      0x148 CMakeFiles/foc.elf.dir/Drivers/STM32G4xx_HAL_Driver/Src/stm32g4xx_hal_tim.c.obj
                0x08006a2c                HAL_TIM_Base_Init
 .text.HAL_TIM_Base_Start_IT
                0x08006b74       0x84 CMakeFiles/foc.elf.dir/Drivers/STM32G4xx_HAL_Driver/Src/stm32g4xx_hal_tim.c.obj
                0x08006b74                HAL_TIM_Base_Start_IT
 .text.HAL_TIM_PWM_MspInit
                0x08006bf8        0x4 CMakeFiles/foc.elf.dir/Drivers/STM32G4xx_HAL_Driver/Src/stm32g4xx_hal_tim.c.obj
                0x08006bf8                HAL_TIM_PWM_MspInit
 .text.HAL_TIM_PWM_Init
                0x08006bfc      0x148 CMakeFiles/foc.elf.dir/Drivers/STM32G4xx_HAL_Driver/Src/stm32g4xx_hal_tim.c.obj
                0x08006bfc                HAL_TIM_PWM_Init
 .text.HAL_TIM_PWM_Start
                0x08006d44      0x13c CMakeFiles/foc.elf.dir/Drivers/STM32G4xx_HAL_Driver/Src/stm32g4xx_hal_tim.c.obj
                0x08006d44                HAL_TIM_PWM_Start
 .text.HAL_TIM_PWM_Stop
                0x08006e80       0xd8 CMakeFiles/foc.elf.dir/Drivers/STM32G4xx_HAL_Driver/Src/stm32g4xx_hal_tim.c.obj
                0x08006e80                HAL_TIM_PWM_Stop
 .text.HAL_TIM_ConfigClockSource
                0x08006f58      0x1c8 CMakeFiles/foc.elf.dir/Drivers/STM32G4xx_HAL_Driver/Src/stm32g4xx_hal_tim.c.obj
                0x08006f58                HAL_TIM_ConfigClockSource
 .text.HAL_TIM_OC_DelayElapsedCallback
                0x08007120        0x4 CMakeFiles/foc.elf.dir/Drivers/STM32G4xx_HAL_Driver/Src/stm32g4xx_hal_tim.c.obj
                0x08007120                HAL_TIM_OC_DelayElapsedCallback
 .text.HAL_TIM_IC_CaptureCallback
                0x08007124        0x4 CMakeFiles/foc.elf.dir/Drivers/STM32G4xx_HAL_Driver/Src/stm32g4xx_hal_tim.c.obj
                0x08007124                HAL_TIM_IC_CaptureCallback
 .text.HAL_TIM_PWM_PulseFinishedCallback
                0x08007128        0x4 CMakeFiles/foc.elf.dir/Drivers/STM32G4xx_HAL_Driver/Src/stm32g4xx_hal_tim.c.obj
                0x08007128                HAL_TIM_PWM_PulseFinishedCallback
 .text.HAL_TIM_TriggerCallback
                0x0800712c        0x4 CMakeFiles/foc.elf.dir/Drivers/STM32G4xx_HAL_Driver/Src/stm32g4xx_hal_tim.c.obj
                0x0800712c                HAL_TIM_TriggerCallback
 .text.HAL_TIM_IRQHandler
                0x08007130      0x1c4 CMakeFiles/foc.elf.dir/Drivers/STM32G4xx_HAL_Driver/Src/stm32g4xx_hal_tim.c.obj
                0x08007130                HAL_TIM_IRQHandler
 .text.TIM_OC2_SetConfig
                0x080072f4       0xa4 CMakeFiles/foc.elf.dir/Drivers/STM32G4xx_HAL_Driver/Src/stm32g4xx_hal_tim.c.obj
                0x080072f4                TIM_OC2_SetConfig
 .text.HAL_TIM_PWM_ConfigChannel
                0x08007398      0x20c CMakeFiles/foc.elf.dir/Drivers/STM32G4xx_HAL_Driver/Src/stm32g4xx_hal_tim.c.obj
                0x08007398                HAL_TIM_PWM_ConfigChannel
 .text.HAL_TIMEx_PWMN_Start
                0x080075a4       0xd8 CMakeFiles/foc.elf.dir/Drivers/STM32G4xx_HAL_Driver/Src/stm32g4xx_hal_tim_ex.c.obj
                0x080075a4                HAL_TIMEx_PWMN_Start
 .text.HAL_TIMEx_PWMN_Stop
                0x0800767c       0x8c CMakeFiles/foc.elf.dir/Drivers/STM32G4xx_HAL_Driver/Src/stm32g4xx_hal_tim_ex.c.obj
                0x0800767c                HAL_TIMEx_PWMN_Stop
 .text.HAL_TIMEx_MasterConfigSynchronization
                0x08007708       0xb8 CMakeFiles/foc.elf.dir/Drivers/STM32G4xx_HAL_Driver/Src/stm32g4xx_hal_tim_ex.c.obj
                0x08007708                HAL_TIMEx_MasterConfigSynchronization
 .text.HAL_TIMEx_ConfigBreakDeadTime
                0x080077c0       0xa4 CMakeFiles/foc.elf.dir/Drivers/STM32G4xx_HAL_Driver/Src/stm32g4xx_hal_tim_ex.c.obj
                0x080077c0                HAL_TIMEx_ConfigBreakDeadTime
 .text.HAL_TIMEx_CommutCallback
                0x08007864        0x4 CMakeFiles/foc.elf.dir/Drivers/STM32G4xx_HAL_Driver/Src/stm32g4xx_hal_tim_ex.c.obj
                0x08007864                HAL_TIMEx_CommutCallback
 .text.HAL_TIMEx_BreakCallback
                0x08007868        0x4 CMakeFiles/foc.elf.dir/Drivers/STM32G4xx_HAL_Driver/Src/stm32g4xx_hal_tim_ex.c.obj
                0x08007868                HAL_TIMEx_BreakCallback
 .text.HAL_TIMEx_Break2Callback
                0x0800786c        0x4 CMakeFiles/foc.elf.dir/Drivers/STM32G4xx_HAL_Driver/Src/stm32g4xx_hal_tim_ex.c.obj
                0x0800786c                HAL_TIMEx_Break2Callback
 .text.HAL_TIMEx_EncoderIndexCallback
                0x08007870        0x4 CMakeFiles/foc.elf.dir/Drivers/STM32G4xx_HAL_Driver/Src/stm32g4xx_hal_tim_ex.c.obj
                0x08007870                HAL_TIMEx_EncoderIndexCallback
 .text.HAL_TIMEx_DirectionChangeCallback
                0x08007874        0x4 CMakeFiles/foc.elf.dir/Drivers/STM32G4xx_HAL_Driver/Src/stm32g4xx_hal_tim_ex.c.obj
                0x08007874                HAL_TIMEx_DirectionChangeCallback
 .text.HAL_TIMEx_IndexErrorCallback
                0x08007878        0x4 CMakeFiles/foc.elf.dir/Drivers/STM32G4xx_HAL_Driver/Src/stm32g4xx_hal_tim_ex.c.obj
                0x08007878                HAL_TIMEx_IndexErrorCallback
 .text.HAL_TIMEx_TransitionErrorCallback
                0x0800787c        0x4 CMakeFiles/foc.elf.dir/Drivers/STM32G4xx_HAL_Driver/Src/stm32g4xx_hal_tim_ex.c.obj
                0x0800787c                HAL_TIMEx_TransitionErrorCallback
 .text.HAL_UART_Transmit
                0x08007880       0xe8 CMakeFiles/foc.elf.dir/Drivers/STM32G4xx_HAL_Driver/Src/stm32g4xx_hal_uart.c.obj
                0x08007880                HAL_UART_Transmit
 .text.HAL_UART_TxCpltCallback
                0x08007968        0x4 CMakeFiles/foc.elf.dir/Drivers/STM32G4xx_HAL_Driver/Src/stm32g4xx_hal_uart.c.obj
                0x08007968                HAL_UART_TxCpltCallback
 .text.HAL_UART_RxCpltCallback
                0x0800796c        0x4 CMakeFiles/foc.elf.dir/Drivers/STM32G4xx_HAL_Driver/Src/stm32g4xx_hal_uart.c.obj
                0x0800796c                HAL_UART_RxCpltCallback
 .text.HAL_UART_RxHalfCpltCallback
                0x08007970        0x4 CMakeFiles/foc.elf.dir/Drivers/STM32G4xx_HAL_Driver/Src/stm32g4xx_hal_uart.c.obj
                0x08007970                HAL_UART_RxHalfCpltCallback
 .text.HAL_UART_ErrorCallback
                0x08007974        0x4 CMakeFiles/foc.elf.dir/Drivers/STM32G4xx_HAL_Driver/Src/stm32g4xx_hal_uart.c.obj
                0x08007974                HAL_UART_ErrorCallback
 .text.UART_DMAError
                0x08007978       0xd4 CMakeFiles/foc.elf.dir/Drivers/STM32G4xx_HAL_Driver/Src/stm32g4xx_hal_uart.c.obj
 .text.UART_DMAAbortOnError
                0x08007a4c       0x14 CMakeFiles/foc.elf.dir/Drivers/STM32G4xx_HAL_Driver/Src/stm32g4xx_hal_uart.c.obj
 .text.HAL_UART_IRQHandler
                0x08007a60      0x37c CMakeFiles/foc.elf.dir/Drivers/STM32G4xx_HAL_Driver/Src/stm32g4xx_hal_uart.c.obj
                0x08007a60                HAL_UART_IRQHandler
 .text.UART_DMARxHalfCplt
                0x08007ddc       0x20 CMakeFiles/foc.elf.dir/Drivers/STM32G4xx_HAL_Driver/Src/stm32g4xx_hal_uart.c.obj
 .text.UART_DMAReceiveCplt
                0x08007dfc       0x9c CMakeFiles/foc.elf.dir/Drivers/STM32G4xx_HAL_Driver/Src/stm32g4xx_hal_uart.c.obj
 .text.UART_SetConfig
                0x08007e98      0x318 CMakeFiles/foc.elf.dir/Drivers/STM32G4xx_HAL_Driver/Src/stm32g4xx_hal_uart.c.obj
                0x08007e98                UART_SetConfig
 .text.UART_AdvFeatureConfig
                0x080081b0       0xb0 CMakeFiles/foc.elf.dir/Drivers/STM32G4xx_HAL_Driver/Src/stm32g4xx_hal_uart.c.obj
                0x080081b0                UART_AdvFeatureConfig
 .text.UART_CheckIdleState
                0x08008260      0x260 CMakeFiles/foc.elf.dir/Drivers/STM32G4xx_HAL_Driver/Src/stm32g4xx_hal_uart.c.obj
                0x08008260                UART_CheckIdleState
 .text.HAL_UART_Init
                0x080084c0       0x68 CMakeFiles/foc.elf.dir/Drivers/STM32G4xx_HAL_Driver/Src/stm32g4xx_hal_uart.c.obj
                0x080084c0                HAL_UART_Init
 .text.UART_Start_Receive_DMA
                0x08008528       0xa4 CMakeFiles/foc.elf.dir/Drivers/STM32G4xx_HAL_Driver/Src/stm32g4xx_hal_uart.c.obj
                0x08008528                UART_Start_Receive_DMA
 .text.HAL_UARTEx_WakeupCallback
                0x080085cc        0x4 CMakeFiles/foc.elf.dir/Drivers/STM32G4xx_HAL_Driver/Src/stm32g4xx_hal_uart_ex.c.obj
                0x080085cc                HAL_UARTEx_WakeupCallback
 .text.HAL_UARTEx_RxFifoFullCallback
                0x080085d0        0x4 CMakeFiles/foc.elf.dir/Drivers/STM32G4xx_HAL_Driver/Src/stm32g4xx_hal_uart_ex.c.obj
                0x080085d0                HAL_UARTEx_RxFifoFullCallback
 .text.HAL_UARTEx_TxFifoEmptyCallback
                0x080085d4        0x4 CMakeFiles/foc.elf.dir/Drivers/STM32G4xx_HAL_Driver/Src/stm32g4xx_hal_uart_ex.c.obj
                0x080085d4                HAL_UARTEx_TxFifoEmptyCallback
 .text.HAL_UARTEx_DisableFifoMode
                0x080085d8       0x3c CMakeFiles/foc.elf.dir/Drivers/STM32G4xx_HAL_Driver/Src/stm32g4xx_hal_uart_ex.c.obj
                0x080085d8                HAL_UARTEx_DisableFifoMode
 .text.HAL_UARTEx_SetTxFifoThreshold
                0x08008614       0x84 CMakeFiles/foc.elf.dir/Drivers/STM32G4xx_HAL_Driver/Src/stm32g4xx_hal_uart_ex.c.obj
                0x08008614                HAL_UARTEx_SetTxFifoThreshold
 .text.HAL_UARTEx_SetRxFifoThreshold
                0x08008698       0x84 CMakeFiles/foc.elf.dir/Drivers/STM32G4xx_HAL_Driver/Src/stm32g4xx_hal_uart_ex.c.obj
                0x08008698                HAL_UARTEx_SetRxFifoThreshold
 .text.HAL_UARTEx_ReceiveToIdle_DMA
                0x0800871c       0x48 CMakeFiles/foc.elf.dir/Drivers/STM32G4xx_HAL_Driver/Src/stm32g4xx_hal_uart_ex.c.obj
                0x0800871c                HAL_UARTEx_ReceiveToIdle_DMA
 .text.USB_EnableGlobalInt
                0x08008764       0x14 CMakeFiles/foc.elf.dir/Drivers/STM32G4xx_HAL_Driver/Src/stm32g4xx_ll_usb.c.obj
                0x08008764                USB_EnableGlobalInt
 .text.USB_DisableGlobalInt
                0x08008778       0x14 CMakeFiles/foc.elf.dir/Drivers/STM32G4xx_HAL_Driver/Src/stm32g4xx_ll_usb.c.obj
                0x08008778                USB_DisableGlobalInt
 .text.USB_DevInit
                0x0800878c       0x28 CMakeFiles/foc.elf.dir/Drivers/STM32G4xx_HAL_Driver/Src/stm32g4xx_ll_usb.c.obj
                0x0800878c                USB_DevInit
 .text.USB_ActivateEndpoint
                0x080087b4      0x38c CMakeFiles/foc.elf.dir/Drivers/STM32G4xx_HAL_Driver/Src/stm32g4xx_ll_usb.c.obj
                0x080087b4                USB_ActivateEndpoint
 .text.USB_DeactivateEndpoint
                0x08008b40      0x1c0 CMakeFiles/foc.elf.dir/Drivers/STM32G4xx_HAL_Driver/Src/stm32g4xx_ll_usb.c.obj
                0x08008b40                USB_DeactivateEndpoint
 .text.USB_EPStartXfer
                0x08008d00      0x5d8 CMakeFiles/foc.elf.dir/Drivers/STM32G4xx_HAL_Driver/Src/stm32g4xx_ll_usb.c.obj
                0x08008d00                USB_EPStartXfer
 .text.USB_EPSetStall
                0x080092d8       0x50 CMakeFiles/foc.elf.dir/Drivers/STM32G4xx_HAL_Driver/Src/stm32g4xx_ll_usb.c.obj
                0x080092d8                USB_EPSetStall
 .text.USB_EPClearStall
                0x08009328       0xa0 CMakeFiles/foc.elf.dir/Drivers/STM32G4xx_HAL_Driver/Src/stm32g4xx_ll_usb.c.obj
                0x08009328                USB_EPClearStall
 .text.USB_SetDevAddress
                0x080093c8        0xc CMakeFiles/foc.elf.dir/Drivers/STM32G4xx_HAL_Driver/Src/stm32g4xx_ll_usb.c.obj
                0x080093c8                USB_SetDevAddress
 .text.USB_DevConnect
                0x080093d4       0x18 CMakeFiles/foc.elf.dir/Drivers/STM32G4xx_HAL_Driver/Src/stm32g4xx_ll_usb.c.obj
                0x080093d4                USB_DevConnect
 .text.USB_ReadInterrupts
                0x080093ec        0x8 CMakeFiles/foc.elf.dir/Drivers/STM32G4xx_HAL_Driver/Src/stm32g4xx_ll_usb.c.obj
                0x080093ec                USB_ReadInterrupts
 .text.USB_WritePMA
                0x080093f4       0x20 CMakeFiles/foc.elf.dir/Drivers/STM32G4xx_HAL_Driver/Src/stm32g4xx_ll_usb.c.obj
                0x080093f4                USB_WritePMA
 .text.USB_ReadPMA
                0x08009414       0x54 CMakeFiles/foc.elf.dir/Drivers/STM32G4xx_HAL_Driver/Src/stm32g4xx_ll_usb.c.obj
                0x08009414                USB_ReadPMA
 .text.USBD_CDC_EP0_RxReady
                0x08009468       0x30 CMakeFiles/foc.elf.dir/Middlewares/ST/STM32_USB_Device_Library/Class/CDC/Src/usbd_cdc.c.obj
 .text.USBD_CDC_GetFSCfgDesc
                0x08009498        0xc CMakeFiles/foc.elf.dir/Middlewares/ST/STM32_USB_Device_Library/Class/CDC/Src/usbd_cdc.c.obj
 .text.USBD_CDC_GetHSCfgDesc
                0x080094a4        0xc CMakeFiles/foc.elf.dir/Middlewares/ST/STM32_USB_Device_Library/Class/CDC/Src/usbd_cdc.c.obj
 .text.USBD_CDC_GetOtherSpeedCfgDesc
                0x080094b0        0xc CMakeFiles/foc.elf.dir/Middlewares/ST/STM32_USB_Device_Library/Class/CDC/Src/usbd_cdc.c.obj
 .text.USBD_CDC_GetDeviceQualifierDescriptor
                0x080094bc        0xc CMakeFiles/foc.elf.dir/Middlewares/ST/STM32_USB_Device_Library/Class/CDC/Src/usbd_cdc.c.obj
                0x080094bc                USBD_CDC_GetDeviceQualifierDescriptor
 .text.USBD_CDC_DataOut
                0x080094c8       0x2c CMakeFiles/foc.elf.dir/Middlewares/ST/STM32_USB_Device_Library/Class/CDC/Src/usbd_cdc.c.obj
 .text.USBD_CDC_DataIn
                0x080094f4       0x64 CMakeFiles/foc.elf.dir/Middlewares/ST/STM32_USB_Device_Library/Class/CDC/Src/usbd_cdc.c.obj
 .text.USBD_CDC_Setup
                0x08009558      0x10c CMakeFiles/foc.elf.dir/Middlewares/ST/STM32_USB_Device_Library/Class/CDC/Src/usbd_cdc.c.obj
 .text.USBD_CDC_DeInit
                0x08009664       0x44 CMakeFiles/foc.elf.dir/Middlewares/ST/STM32_USB_Device_Library/Class/CDC/Src/usbd_cdc.c.obj
 .text.USBD_CDC_Init
                0x080096a8       0xb8 CMakeFiles/foc.elf.dir/Middlewares/ST/STM32_USB_Device_Library/Class/CDC/Src/usbd_cdc.c.obj
 .text.USBD_CDC_RegisterInterface
                0x08009760       0x10 CMakeFiles/foc.elf.dir/Middlewares/ST/STM32_USB_Device_Library/Class/CDC/Src/usbd_cdc.c.obj
                0x08009760                USBD_CDC_RegisterInterface
 .text.USBD_CDC_SetTxBuffer
                0x08009770       0x18 CMakeFiles/foc.elf.dir/Middlewares/ST/STM32_USB_Device_Library/Class/CDC/Src/usbd_cdc.c.obj
                0x08009770                USBD_CDC_SetTxBuffer
 .text.USBD_CDC_SetRxBuffer
                0x08009788       0x14 CMakeFiles/foc.elf.dir/Middlewares/ST/STM32_USB_Device_Library/Class/CDC/Src/usbd_cdc.c.obj
                0x08009788                USBD_CDC_SetRxBuffer
 .text.USBD_CDC_TransmitPacket
                0x0800979c       0x30 CMakeFiles/foc.elf.dir/Middlewares/ST/STM32_USB_Device_Library/Class/CDC/Src/usbd_cdc.c.obj
                0x0800979c                USBD_CDC_TransmitPacket
 .text.USBD_CDC_ReceivePacket
                0x080097cc       0x34 CMakeFiles/foc.elf.dir/Middlewares/ST/STM32_USB_Device_Library/Class/CDC/Src/usbd_cdc.c.obj
                0x080097cc                USBD_CDC_ReceivePacket
 .text.USBD_Init
                0x08009800       0x28 CMakeFiles/foc.elf.dir/Middlewares/ST/STM32_USB_Device_Library/Core/Src/usbd_core.c.obj
                0x08009800                USBD_Init
 .text.USBD_RegisterClass
                0x08009828       0x34 CMakeFiles/foc.elf.dir/Middlewares/ST/STM32_USB_Device_Library/Core/Src/usbd_core.c.obj
                0x08009828                USBD_RegisterClass
 .text.USBD_Start
                0x0800985c        0x4 CMakeFiles/foc.elf.dir/Middlewares/ST/STM32_USB_Device_Library/Core/Src/usbd_core.c.obj
                0x0800985c                USBD_Start
 .text.USBD_SetClassConfig
                0x08009860       0x10 CMakeFiles/foc.elf.dir/Middlewares/ST/STM32_USB_Device_Library/Core/Src/usbd_core.c.obj
                0x08009860                USBD_SetClassConfig
 .text.USBD_ClrClassConfig
                0x08009870       0x10 CMakeFiles/foc.elf.dir/Middlewares/ST/STM32_USB_Device_Library/Core/Src/usbd_core.c.obj
                0x08009870                USBD_ClrClassConfig
 .text.USBD_LL_SetupStage
                0x08009880       0x60 CMakeFiles/foc.elf.dir/Middlewares/ST/STM32_USB_Device_Library/Core/Src/usbd_core.c.obj
                0x08009880                USBD_LL_SetupStage
 .text.USBD_LL_DataOutStage
                0x080098e0       0x68 CMakeFiles/foc.elf.dir/Middlewares/ST/STM32_USB_Device_Library/Core/Src/usbd_core.c.obj
                0x080098e0                USBD_LL_DataOutStage
 .text.USBD_LL_DataInStage
                0x08009948       0xac CMakeFiles/foc.elf.dir/Middlewares/ST/STM32_USB_Device_Library/Core/Src/usbd_core.c.obj
                0x08009948                USBD_LL_DataInStage
 .text.USBD_LL_Reset
                0x080099f4       0x58 CMakeFiles/foc.elf.dir/Middlewares/ST/STM32_USB_Device_Library/Core/Src/usbd_core.c.obj
                0x080099f4                USBD_LL_Reset
 .text.USBD_LL_SetSpeed
                0x08009a4c        0x8 CMakeFiles/foc.elf.dir/Middlewares/ST/STM32_USB_Device_Library/Core/Src/usbd_core.c.obj
                0x08009a4c                USBD_LL_SetSpeed
 .text.USBD_LL_Suspend
                0x08009a54       0x18 CMakeFiles/foc.elf.dir/Middlewares/ST/STM32_USB_Device_Library/Core/Src/usbd_core.c.obj
                0x08009a54                USBD_LL_Suspend
 .text.USBD_LL_Resume
                0x08009a6c       0x18 CMakeFiles/foc.elf.dir/Middlewares/ST/STM32_USB_Device_Library/Core/Src/usbd_core.c.obj
                0x08009a6c                USBD_LL_Resume
 .text.USBD_LL_SOF
                0x08009a84       0x28 CMakeFiles/foc.elf.dir/Middlewares/ST/STM32_USB_Device_Library/Core/Src/usbd_core.c.obj
                0x08009a84                USBD_LL_SOF
 .text.USBD_StdDevReq
                0x08009aac      0x350 CMakeFiles/foc.elf.dir/Middlewares/ST/STM32_USB_Device_Library/Core/Src/usbd_ctlreq.c.obj
                0x08009aac                USBD_StdDevReq
 .text.USBD_StdItfReq
                0x08009dfc       0x60 CMakeFiles/foc.elf.dir/Middlewares/ST/STM32_USB_Device_Library/Core/Src/usbd_ctlreq.c.obj
                0x08009dfc                USBD_StdItfReq
 .text.USBD_StdEPReq
                0x08009e5c      0x134 CMakeFiles/foc.elf.dir/Middlewares/ST/STM32_USB_Device_Library/Core/Src/usbd_ctlreq.c.obj
                0x08009e5c                USBD_StdEPReq
 .text.USBD_ParseSetupRequest
                0x08009f90       0x18 CMakeFiles/foc.elf.dir/Middlewares/ST/STM32_USB_Device_Library/Core/Src/usbd_ctlreq.c.obj
                0x08009f90                USBD_ParseSetupRequest
 .text.USBD_CtlError
                0x08009fa8       0x18 CMakeFiles/foc.elf.dir/Middlewares/ST/STM32_USB_Device_Library/Core/Src/usbd_ctlreq.c.obj
                0x08009fa8                USBD_CtlError
 .text.USBD_GetString
                0x08009fc0       0x54 CMakeFiles/foc.elf.dir/Middlewares/ST/STM32_USB_Device_Library/Core/Src/usbd_ctlreq.c.obj
                0x08009fc0                USBD_GetString
 .text.USBD_CtlSendData
                0x0800a014       0x1c CMakeFiles/foc.elf.dir/Middlewares/ST/STM32_USB_Device_Library/Core/Src/usbd_ioreq.c.obj
                0x0800a014                USBD_CtlSendData
 .text.USBD_CtlContinueSendData
                0x0800a030       0x10 CMakeFiles/foc.elf.dir/Middlewares/ST/STM32_USB_Device_Library/Core/Src/usbd_ioreq.c.obj
                0x0800a030                USBD_CtlContinueSendData
 .text.USBD_CtlPrepareRx
                0x0800a040       0x1c CMakeFiles/foc.elf.dir/Middlewares/ST/STM32_USB_Device_Library/Core/Src/usbd_ioreq.c.obj
                0x0800a040                USBD_CtlPrepareRx
 .text.USBD_CtlContinueRx
                0x0800a05c       0x10 CMakeFiles/foc.elf.dir/Middlewares/ST/STM32_USB_Device_Library/Core/Src/usbd_ioreq.c.obj
                0x0800a05c                USBD_CtlContinueRx
 .text.USBD_CtlSendStatus
                0x0800a06c       0x18 CMakeFiles/foc.elf.dir/Middlewares/ST/STM32_USB_Device_Library/Core/Src/usbd_ioreq.c.obj
                0x0800a06c                USBD_CtlSendStatus
 .text.USBD_CtlReceiveStatus
                0x0800a084       0x18 CMakeFiles/foc.elf.dir/Middlewares/ST/STM32_USB_Device_Library/Core/Src/usbd_ioreq.c.obj
                0x0800a084                USBD_CtlReceiveStatus
 .text.SysTick_Handler
                0x0800a09c       0x1c CMakeFiles/foc.elf.dir/Middlewares/Third_Party/FreeRTOS/Source/CMSIS_RTOS_V2/cmsis_os2.c.obj
                0x0800a09c                SysTick_Handler
 .text.osKernelInitialize
                0x0800a0b8       0x24 CMakeFiles/foc.elf.dir/Middlewares/Third_Party/FreeRTOS/Source/CMSIS_RTOS_V2/cmsis_os2.c.obj
                0x0800a0b8                osKernelInitialize
 .text.osKernelStart
                0x0800a0dc       0x34 CMakeFiles/foc.elf.dir/Middlewares/Third_Party/FreeRTOS/Source/CMSIS_RTOS_V2/cmsis_os2.c.obj
                0x0800a0dc                osKernelStart
 .text.osThreadNew
                0x0800a110       0x9c CMakeFiles/foc.elf.dir/Middlewares/Third_Party/FreeRTOS/Source/CMSIS_RTOS_V2/cmsis_os2.c.obj
                0x0800a110                osThreadNew
 .text.osDelay  0x0800a1ac       0x1c CMakeFiles/foc.elf.dir/Middlewares/Third_Party/FreeRTOS/Source/CMSIS_RTOS_V2/cmsis_os2.c.obj
                0x0800a1ac                osDelay
 .text.vApplicationGetIdleTaskMemory
                0x0800a1c8       0x20 CMakeFiles/foc.elf.dir/Middlewares/Third_Party/FreeRTOS/Source/CMSIS_RTOS_V2/cmsis_os2.c.obj
                0x0800a1c8                vApplicationGetIdleTaskMemory
 .text.vApplicationGetTimerTaskMemory
                0x0800a1e8       0x20 CMakeFiles/foc.elf.dir/Middlewares/Third_Party/FreeRTOS/Source/CMSIS_RTOS_V2/cmsis_os2.c.obj
                0x0800a1e8                vApplicationGetTimerTaskMemory
 .text.vListInitialise
                0x0800a208       0x18 CMakeFiles/foc.elf.dir/Middlewares/Third_Party/FreeRTOS/Source/list.c.obj
                0x0800a208                vListInitialise
 .text.vListInitialiseItem
                0x0800a220        0x8 CMakeFiles/foc.elf.dir/Middlewares/Third_Party/FreeRTOS/Source/list.c.obj
                0x0800a220                vListInitialiseItem
 .text.vListInsertEnd
                0x0800a228       0x20 CMakeFiles/foc.elf.dir/Middlewares/Third_Party/FreeRTOS/Source/list.c.obj
                0x0800a228                vListInsertEnd
 .text.vListInsert
                0x0800a248       0x30 CMakeFiles/foc.elf.dir/Middlewares/Third_Party/FreeRTOS/Source/list.c.obj
                0x0800a248                vListInsert
 .text.uxListRemove
                0x0800a278       0x28 CMakeFiles/foc.elf.dir/Middlewares/Third_Party/FreeRTOS/Source/list.c.obj
                0x0800a278                uxListRemove
 .text.prvPortStartFirstTask
                0x0800a2a0       0x28 CMakeFiles/foc.elf.dir/Middlewares/Third_Party/FreeRTOS/Source/portable/GCC/ARM_CM4F/port.c.obj
 .text.vPortEnableVFP
                0x0800a2c8       0x14 CMakeFiles/foc.elf.dir/Middlewares/Third_Party/FreeRTOS/Source/portable/GCC/ARM_CM4F/port.c.obj
 .text.prvTaskExitError
                0x0800a2dc       0x40 CMakeFiles/foc.elf.dir/Middlewares/Third_Party/FreeRTOS/Source/portable/GCC/ARM_CM4F/port.c.obj
 .text.pxPortInitialiseStack
                0x0800a31c       0x28 CMakeFiles/foc.elf.dir/Middlewares/Third_Party/FreeRTOS/Source/portable/GCC/ARM_CM4F/port.c.obj
                0x0800a31c                pxPortInitialiseStack
 *fill*         0x0800a344        0xc 
 .text.SVC_Handler
                0x0800a350       0x24 CMakeFiles/foc.elf.dir/Middlewares/Third_Party/FreeRTOS/Source/portable/GCC/ARM_CM4F/port.c.obj
                0x0800a350                SVC_Handler
 .text.vPortEnterCritical
                0x0800a374       0x44 CMakeFiles/foc.elf.dir/Middlewares/Third_Party/FreeRTOS/Source/portable/GCC/ARM_CM4F/port.c.obj
                0x0800a374                vPortEnterCritical
 .text.vPortExitCritical
                0x0800a3b8       0x28 CMakeFiles/foc.elf.dir/Middlewares/Third_Party/FreeRTOS/Source/portable/GCC/ARM_CM4F/port.c.obj
                0x0800a3b8                vPortExitCritical
 .text.PendSV_Handler
                0x0800a3e0       0x64 CMakeFiles/foc.elf.dir/Middlewares/Third_Party/FreeRTOS/Source/portable/GCC/ARM_CM4F/port.c.obj
                0x0800a3e0                PendSV_Handler
 .text.xPortSysTickHandler
                0x0800a444       0x2c CMakeFiles/foc.elf.dir/Middlewares/Third_Party/FreeRTOS/Source/portable/GCC/ARM_CM4F/port.c.obj
                0x0800a444                xPortSysTickHandler
 .text.vPortSetupTimerInterrupt
                0x0800a470       0x28 CMakeFiles/foc.elf.dir/Middlewares/Third_Party/FreeRTOS/Source/portable/GCC/ARM_CM4F/port.c.obj
                0x0800a470                vPortSetupTimerInterrupt
 .text.xPortStartScheduler
                0x0800a498      0x140 CMakeFiles/foc.elf.dir/Middlewares/Third_Party/FreeRTOS/Source/portable/GCC/ARM_CM4F/port.c.obj
                0x0800a498                xPortStartScheduler
 .text.pvPortMalloc
                0x0800a5d8      0x170 CMakeFiles/foc.elf.dir/Middlewares/Third_Party/FreeRTOS/Source/portable/MemMang/heap_4.c.obj
                0x0800a5d8                pvPortMalloc
 .text.vPortFree
                0x0800a748       0xc4 CMakeFiles/foc.elf.dir/Middlewares/Third_Party/FreeRTOS/Source/portable/MemMang/heap_4.c.obj
                0x0800a748                vPortFree
 .text.prvCopyDataToQueue
                0x0800a80c       0x78 CMakeFiles/foc.elf.dir/Middlewares/Third_Party/FreeRTOS/Source/queue.c.obj
 .text.xQueueGenericCreateStatic
                0x0800a884       0xe8 CMakeFiles/foc.elf.dir/Middlewares/Third_Party/FreeRTOS/Source/queue.c.obj
                0x0800a884                xQueueGenericCreateStatic
 .text.xQueueGenericSend
                0x0800a96c      0x2fc CMakeFiles/foc.elf.dir/Middlewares/Third_Party/FreeRTOS/Source/queue.c.obj
                0x0800a96c                xQueueGenericSend
 .text.xQueueReceive
                0x0800ac68      0x304 CMakeFiles/foc.elf.dir/Middlewares/Third_Party/FreeRTOS/Source/queue.c.obj
                0x0800ac68                xQueueReceive
 .text.vQueueAddToRegistry
                0x0800af6c       0x50 CMakeFiles/foc.elf.dir/Middlewares/Third_Party/FreeRTOS/Source/queue.c.obj
                0x0800af6c                vQueueAddToRegistry
 .text.vQueueWaitForMessageRestricted
                0x0800afbc       0xc8 CMakeFiles/foc.elf.dir/Middlewares/Third_Party/FreeRTOS/Source/queue.c.obj
                0x0800afbc                vQueueWaitForMessageRestricted
 .text.prvAddNewTaskToReadyList
                0x0800b084      0x110 CMakeFiles/foc.elf.dir/Middlewares/Third_Party/FreeRTOS/Source/tasks.c.obj
 *fill*         0x0800b194        0x4 
 .text.prvInitialiseNewTask.constprop.0
                0x0800b198      0x17c CMakeFiles/foc.elf.dir/Middlewares/Third_Party/FreeRTOS/Source/tasks.c.obj
 .text.prvIdleTask
                0x0800b314       0xa0 CMakeFiles/foc.elf.dir/Middlewares/Third_Party/FreeRTOS/Source/tasks.c.obj
 .text.xTaskIncrementTick.part.0
                0x0800b3b4      0x148 CMakeFiles/foc.elf.dir/Middlewares/Third_Party/FreeRTOS/Source/tasks.c.obj
 .text.xTaskResumeAll.part.0
                0x0800b4fc      0x134 CMakeFiles/foc.elf.dir/Middlewares/Third_Party/FreeRTOS/Source/tasks.c.obj
 .text.xTaskCreateStatic
                0x0800b630       0x78 CMakeFiles/foc.elf.dir/Middlewares/Third_Party/FreeRTOS/Source/tasks.c.obj
                0x0800b630                xTaskCreateStatic
 .text.xTaskCreate
                0x0800b6a8       0x68 CMakeFiles/foc.elf.dir/Middlewares/Third_Party/FreeRTOS/Source/tasks.c.obj
                0x0800b6a8                xTaskCreate
 .text.vTaskDelay
                0x0800b710       0xac CMakeFiles/foc.elf.dir/Middlewares/Third_Party/FreeRTOS/Source/tasks.c.obj
                0x0800b710                vTaskDelay
 .text.vTaskStartScheduler
                0x0800b7bc       0xfc CMakeFiles/foc.elf.dir/Middlewares/Third_Party/FreeRTOS/Source/tasks.c.obj
                0x0800b7bc                vTaskStartScheduler
 .text.vTaskSuspendAll
                0x0800b8b8       0x10 CMakeFiles/foc.elf.dir/Middlewares/Third_Party/FreeRTOS/Source/tasks.c.obj
                0x0800b8b8                vTaskSuspendAll
 .text.xTaskResumeAll
                0x0800b8c8       0x20 CMakeFiles/foc.elf.dir/Middlewares/Third_Party/FreeRTOS/Source/tasks.c.obj
                0x0800b8c8                xTaskResumeAll
 .text.xTaskGetTickCount
                0x0800b8e8        0xc CMakeFiles/foc.elf.dir/Middlewares/Third_Party/FreeRTOS/Source/tasks.c.obj
                0x0800b8e8                xTaskGetTickCount
 .text.xTaskIncrementTick
                0x0800b8f4       0x20 CMakeFiles/foc.elf.dir/Middlewares/Third_Party/FreeRTOS/Source/tasks.c.obj
                0x0800b8f4                xTaskIncrementTick
 .text.vTaskSwitchContext
                0x0800b914       0x94 CMakeFiles/foc.elf.dir/Middlewares/Third_Party/FreeRTOS/Source/tasks.c.obj
                0x0800b914                vTaskSwitchContext
 .text.vTaskPlaceOnEventList
                0x0800b9a8       0x88 CMakeFiles/foc.elf.dir/Middlewares/Third_Party/FreeRTOS/Source/tasks.c.obj
                0x0800b9a8                vTaskPlaceOnEventList
 .text.vTaskPlaceOnEventListRestricted
                0x0800ba30       0x94 CMakeFiles/foc.elf.dir/Middlewares/Third_Party/FreeRTOS/Source/tasks.c.obj
                0x0800ba30                vTaskPlaceOnEventListRestricted
 .text.xTaskRemoveFromEventList
                0x0800bac4       0x90 CMakeFiles/foc.elf.dir/Middlewares/Third_Party/FreeRTOS/Source/tasks.c.obj
                0x0800bac4                xTaskRemoveFromEventList
 .text.vTaskInternalSetTimeOutState
                0x0800bb54       0x18 CMakeFiles/foc.elf.dir/Middlewares/Third_Party/FreeRTOS/Source/tasks.c.obj
                0x0800bb54                vTaskInternalSetTimeOutState
 .text.xTaskCheckForTimeOut
                0x0800bb6c       0x90 CMakeFiles/foc.elf.dir/Middlewares/Third_Party/FreeRTOS/Source/tasks.c.obj
                0x0800bb6c                xTaskCheckForTimeOut
 .text.vTaskMissedYield
                0x0800bbfc        0xc CMakeFiles/foc.elf.dir/Middlewares/Third_Party/FreeRTOS/Source/tasks.c.obj
                0x0800bbfc                vTaskMissedYield
 .text.xTaskGetSchedulerState
                0x0800bc08       0x20 CMakeFiles/foc.elf.dir/Middlewares/Third_Party/FreeRTOS/Source/tasks.c.obj
                0x0800bc08                xTaskGetSchedulerState
 .text.xTaskPriorityDisinherit
                0x0800bc28       0x8c CMakeFiles/foc.elf.dir/Middlewares/Third_Party/FreeRTOS/Source/tasks.c.obj
                0x0800bc28                xTaskPriorityDisinherit
 .text.prvSwitchTimerLists
                0x0800bcb4       0x9c CMakeFiles/foc.elf.dir/Middlewares/Third_Party/FreeRTOS/Source/timers.c.obj
 .text.prvTimerTask
                0x0800bd50      0x284 CMakeFiles/foc.elf.dir/Middlewares/Third_Party/FreeRTOS/Source/timers.c.obj
 .text.xTimerCreateTimerTask
                0x0800bfd4       0xbc CMakeFiles/foc.elf.dir/Middlewares/Third_Party/FreeRTOS/Source/timers.c.obj
                0x0800bfd4                xTimerCreateTimerTask
 .text.MX_USB_Device_Init
                0x0800c090       0x74 CMakeFiles/foc.elf.dir/USB_Device/App/usb_device.c.obj
                0x0800c090                MX_USB_Device_Init
 .text.CDC_DeInit_FS
                0x0800c104        0x4 CMakeFiles/foc.elf.dir/USB_Device/App/usbd_cdc_if.c.obj
 .text.CDC_Control_FS
                0x0800c108        0x4 CMakeFiles/foc.elf.dir/USB_Device/App/usbd_cdc_if.c.obj
 .text.CDC_TransmitCplt_FS
                0x0800c10c        0x4 CMakeFiles/foc.elf.dir/USB_Device/App/usbd_cdc_if.c.obj
 .text.CDC_Receive_FS
                0x0800c110      0x2cc CMakeFiles/foc.elf.dir/USB_Device/App/usbd_cdc_if.c.obj
 .text.CDC_Init_FS
                0x0800c3dc       0x28 CMakeFiles/foc.elf.dir/USB_Device/App/usbd_cdc_if.c.obj
 .text.CDC_Transmit_FS
                0x0800c404       0x2c CMakeFiles/foc.elf.dir/USB_Device/App/usbd_cdc_if.c.obj
                0x0800c404                CDC_Transmit_FS
 .text.USBD_CDC_DeviceDescriptor
                0x0800c430        0xc CMakeFiles/foc.elf.dir/USB_Device/App/usbd_desc.c.obj
                0x0800c430                USBD_CDC_DeviceDescriptor
 .text.USBD_CDC_LangIDStrDescriptor
                0x0800c43c        0xc CMakeFiles/foc.elf.dir/USB_Device/App/usbd_desc.c.obj
                0x0800c43c                USBD_CDC_LangIDStrDescriptor
 .text.USBD_CDC_ManufacturerStrDescriptor
                0x0800c448       0x1c CMakeFiles/foc.elf.dir/USB_Device/App/usbd_desc.c.obj
                0x0800c448                USBD_CDC_ManufacturerStrDescriptor
 .text.USBD_CDC_ProductStrDescriptor
                0x0800c464       0x1c CMakeFiles/foc.elf.dir/USB_Device/App/usbd_desc.c.obj
                0x0800c464                USBD_CDC_ProductStrDescriptor
 .text.USBD_CDC_ConfigStrDescriptor
                0x0800c480       0x1c CMakeFiles/foc.elf.dir/USB_Device/App/usbd_desc.c.obj
                0x0800c480                USBD_CDC_ConfigStrDescriptor
 .text.USBD_CDC_InterfaceStrDescriptor
                0x0800c49c       0x1c CMakeFiles/foc.elf.dir/USB_Device/App/usbd_desc.c.obj
                0x0800c49c                USBD_CDC_InterfaceStrDescriptor
 .text.USBD_CDC_SerialStrDescriptor
                0x0800c4b8      0x120 CMakeFiles/foc.elf.dir/USB_Device/App/usbd_desc.c.obj
                0x0800c4b8                USBD_CDC_SerialStrDescriptor
 .text.HAL_PCD_MspInit
                0x0800c5d8       0x60 CMakeFiles/foc.elf.dir/USB_Device/Target/usbd_conf.c.obj
                0x0800c5d8                HAL_PCD_MspInit
 .text.HAL_PCD_SetupStageCallback
                0x0800c638        0xc CMakeFiles/foc.elf.dir/USB_Device/Target/usbd_conf.c.obj
                0x0800c638                HAL_PCD_SetupStageCallback
 .text.HAL_PCD_DataOutStageCallback
                0x0800c644       0x14 CMakeFiles/foc.elf.dir/USB_Device/Target/usbd_conf.c.obj
                0x0800c644                HAL_PCD_DataOutStageCallback
 .text.HAL_PCD_DataInStageCallback
                0x0800c658       0x14 CMakeFiles/foc.elf.dir/USB_Device/Target/usbd_conf.c.obj
                0x0800c658                HAL_PCD_DataInStageCallback
 .text.HAL_PCD_SOFCallback
                0x0800c66c        0x8 CMakeFiles/foc.elf.dir/USB_Device/Target/usbd_conf.c.obj
                0x0800c66c                HAL_PCD_SOFCallback
 .text.HAL_PCD_ResetCallback
                0x0800c674       0x24 CMakeFiles/foc.elf.dir/USB_Device/Target/usbd_conf.c.obj
                0x0800c674                HAL_PCD_ResetCallback
 .text.HAL_PCD_SuspendCallback
                0x0800c698       0x20 CMakeFiles/foc.elf.dir/USB_Device/Target/usbd_conf.c.obj
                0x0800c698                HAL_PCD_SuspendCallback
 .text.HAL_PCD_ResumeCallback
                0x0800c6b8       0x34 CMakeFiles/foc.elf.dir/USB_Device/Target/usbd_conf.c.obj
                0x0800c6b8                HAL_PCD_ResumeCallback
 .text.USBD_LL_Init
                0x0800c6ec       0x88 CMakeFiles/foc.elf.dir/USB_Device/Target/usbd_conf.c.obj
                0x0800c6ec                USBD_LL_Init
 .text.USBD_LL_Start
                0x0800c774       0x1c CMakeFiles/foc.elf.dir/USB_Device/Target/usbd_conf.c.obj
                0x0800c774                USBD_LL_Start
 .text.USBD_LL_OpenEP
                0x0800c790       0x20 CMakeFiles/foc.elf.dir/USB_Device/Target/usbd_conf.c.obj
                0x0800c790                USBD_LL_OpenEP
 .text.USBD_LL_CloseEP
                0x0800c7b0       0x1c CMakeFiles/foc.elf.dir/USB_Device/Target/usbd_conf.c.obj
                0x0800c7b0                USBD_LL_CloseEP
 .text.USBD_LL_StallEP
                0x0800c7cc       0x1c CMakeFiles/foc.elf.dir/USB_Device/Target/usbd_conf.c.obj
                0x0800c7cc                USBD_LL_StallEP
 .text.USBD_LL_ClearStallEP
                0x0800c7e8       0x1c CMakeFiles/foc.elf.dir/USB_Device/Target/usbd_conf.c.obj
                0x0800c7e8                USBD_LL_ClearStallEP
 .text.USBD_LL_IsStallEP
                0x0800c804       0x28 CMakeFiles/foc.elf.dir/USB_Device/Target/usbd_conf.c.obj
                0x0800c804                USBD_LL_IsStallEP
 .text.USBD_LL_SetUSBAddress
                0x0800c82c       0x1c CMakeFiles/foc.elf.dir/USB_Device/Target/usbd_conf.c.obj
                0x0800c82c                USBD_LL_SetUSBAddress
 .text.USBD_LL_Transmit
                0x0800c848       0x1c CMakeFiles/foc.elf.dir/USB_Device/Target/usbd_conf.c.obj
                0x0800c848                USBD_LL_Transmit
 .text.USBD_LL_PrepareReceive
                0x0800c864       0x1c CMakeFiles/foc.elf.dir/USB_Device/Target/usbd_conf.c.obj
                0x0800c864                USBD_LL_PrepareReceive
 .text.USBD_LL_GetRxDataSize
                0x0800c880        0x8 CMakeFiles/foc.elf.dir/USB_Device/Target/usbd_conf.c.obj
                0x0800c880                USBD_LL_GetRxDataSize
 .text.HAL_PCDEx_LPM_Callback
                0x0800c888       0x50 CMakeFiles/foc.elf.dir/USB_Device/Target/usbd_conf.c.obj
                0x0800c888                HAL_PCDEx_LPM_Callback
 .text.USBD_static_malloc
                0x0800c8d8        0x8 CMakeFiles/foc.elf.dir/USB_Device/Target/usbd_conf.c.obj
                0x0800c8d8                USBD_static_malloc
 .text.USBD_static_free
                0x0800c8e0        0x4 CMakeFiles/foc.elf.dir/USB_Device/Target/usbd_conf.c.obj
                0x0800c8e0                USBD_static_free
 .text.led3_set_level
                0x0800c8e4       0x14 CMakeFiles/foc.elf.dir/bsp/bsp.c.obj
 .text.led2_set_level
                0x0800c8f8       0x14 CMakeFiles/foc.elf.dir/bsp/bsp.c.obj
 .text.led1_set_level
                0x0800c90c       0x14 CMakeFiles/foc.elf.dir/bsp/bsp.c.obj
 .text.encoder_spi_cs_set_callback
                0x0800c920       0x14 CMakeFiles/foc.elf.dir/bsp/bsp.c.obj
 .text.get_btn4_level
                0x0800c934        0xc CMakeFiles/foc.elf.dir/bsp/bsp.c.obj
 .text.get_btn3_level
                0x0800c940        0xc CMakeFiles/foc.elf.dir/bsp/bsp.c.obj
 .text.get_btn2_level
                0x0800c94c       0x10 CMakeFiles/foc.elf.dir/bsp/bsp.c.obj
 .text.get_btn1_level
                0x0800c95c       0x10 CMakeFiles/foc.elf.dir/bsp/bsp.c.obj
 .text.encoder_get_data_callback
                0x0800c96c        0xc CMakeFiles/foc.elf.dir/bsp/bsp.c.obj
 .text.encoder_spi_send_recv_callback
                0x0800c978       0x20 CMakeFiles/foc.elf.dir/bsp/bsp.c.obj
 .text.motor_get_phase_current_callback
                0x0800c998       0x60 CMakeFiles/foc.elf.dir/bsp/bsp.c.obj
                0x0800c998                motor_get_phase_current_callback
 .text.bsp_init
                0x0800c9f8      0x10c CMakeFiles/foc.elf.dir/bsp/bsp.c.obj
                0x0800c9f8                bsp_init
 .text.bsp_get_vbus
                0x0800cb04       0x64 CMakeFiles/foc.elf.dir/bsp/bsp.c.obj
                0x0800cb04                bsp_get_vbus
 .text.bsp_get_phase_voltage
                0x0800cb68       0xb0 CMakeFiles/foc.elf.dir/bsp/bsp.c.obj
                0x0800cb68                bsp_get_phase_voltage
 .text.motor_get_phase_voltage_callback
                0x0800cc18       0x24 CMakeFiles/foc.elf.dir/bsp/bsp.c.obj
                0x0800cc18                motor_get_phase_voltage_callback
 .text.button_create
                0x0800cc3c       0x58 CMakeFiles/foc.elf.dir/bsp/button/button.c.obj
                0x0800cc3c                button_create
 .text.button_install_event_callback
                0x0800cc94       0x20 CMakeFiles/foc.elf.dir/bsp/button/button.c.obj
                0x0800cc94                button_install_event_callback
 .text.button_ticks
                0x0800ccb4      0x16c CMakeFiles/foc.elf.dir/bsp/button/button.c.obj
                0x0800ccb4                button_ticks
 .text.led_create
                0x0800ce20       0x28 CMakeFiles/foc.elf.dir/bsp/led/led.c.obj
                0x0800ce20                led_create
 .text.led_toggle
                0x0800ce48       0x44 CMakeFiles/foc.elf.dir/bsp/led/led.c.obj
                0x0800ce48                led_toggle
 .text.mt6701_init
                0x0800ce8c       0x24 CMakeFiles/foc.elf.dir/bsp/mt6701/mt6701.c.obj
                0x0800ce8c                mt6701_init
 .text.mt6701_get_data
                0x0800ceb0       0xa8 CMakeFiles/foc.elf.dir/bsp/mt6701/mt6701.c.obj
                0x0800ceb0                mt6701_get_data
 .text.encoder_init
                0x0800cf58       0x10 CMakeFiles/foc.elf.dir/foc/encoder.c.obj
                0x0800cf58                encoder_init
 .text.foc_clark
                0x0800cf68       0x28 CMakeFiles/foc.elf.dir/foc/foc.c.obj
                0x0800cf68                foc_clark
 .text.foc_park
                0x0800cf90       0x20 CMakeFiles/foc.elf.dir/foc/foc.c.obj
                0x0800cf90                foc_park
 .text.foc_inv_park
                0x0800cfb0       0x20 CMakeFiles/foc.elf.dir/foc/foc.c.obj
                0x0800cfb0                foc_inv_park
 .text.odriver_svm
                0x0800cfd0      0x1f4 CMakeFiles/foc.elf.dir/foc/foc.c.obj
                0x0800cfd0                odriver_svm
 .text.foc_pll_init
                0x0800d1c4       0x54 CMakeFiles/foc.elf.dir/foc/foc.c.obj
                0x0800d1c4                foc_pll_init
 .text.foc_pll_calc
                0x0800d218       0x6c CMakeFiles/foc.elf.dir/foc/foc.c.obj
                0x0800d218                foc_pll_calc
 .text.low_pass_filter_init
                0x0800d284       0x10 CMakeFiles/foc.elf.dir/foc/lowpass_filter.c.obj
                0x0800d284                low_pass_filter_init
 .text.motor_create
                0x0800d294      0x190 CMakeFiles/foc.elf.dir/foc/motor.c.obj
                0x0800d294                motor_create
 .text.motor_enable
                0x0800d424       0x40 CMakeFiles/foc.elf.dir/foc/motor.c.obj
                0x0800d424                motor_enable
 .text.motor_disable
                0x0800d464       0x40 CMakeFiles/foc.elf.dir/foc/motor.c.obj
                0x0800d464                motor_disable
 .text.motor_link_encoder
                0x0800d4a4       0x10 CMakeFiles/foc.elf.dir/foc/motor.c.obj
                0x0800d4a4                motor_link_encoder
 .text.motor_get_elec_angle
                0x0800d4b4       0xc4 CMakeFiles/foc.elf.dir/foc/motor.c.obj
                0x0800d4b4                motor_get_elec_angle
 .text.motor_align_encoder
                0x0800d578      0x428 CMakeFiles/foc.elf.dir/foc/motor.c.obj
                0x0800d578                motor_align_encoder
 .text.motor_current_pi_ctrl
                0x0800d9a0       0xc4 CMakeFiles/foc.elf.dir/foc/motor.c.obj
                0x0800d9a0                motor_current_pi_ctrl
 .text.motor_current_closed_loop
                0x0800da64      0x128 CMakeFiles/foc.elf.dir/foc/motor.c.obj
                0x0800da64                motor_current_closed_loop
 .text.pid_ctrl_init
                0x0800db8c       0x54 CMakeFiles/foc.elf.dir/foc/pid.c.obj
                0x0800db8c                pid_ctrl_init
 .text.pid_ctrl_set_limit
                0x0800dbe0       0x14 CMakeFiles/foc.elf.dir/foc/pid.c.obj
                0x0800dbe0                pid_ctrl_set_limit
 .text.arm_sin_f32
                0x0800dbf4       0x8c C:/Users/LiuDongPeng/Desktop/g474/foc/Middlewares/ST/ARM/DSP/Lib/libarm_cortexM4lf_math.a(arm_sin_f32.o)
                0x0800dbf4                arm_sin_f32
 .text.arm_cos_f32
                0x0800dc80       0x94 C:/Users/LiuDongPeng/Desktop/g474/foc/Middlewares/ST/ARM/DSP/Lib/libarm_cortexM4lf_math.a(arm_cos_f32.o)
                0x0800dc80                arm_cos_f32
 .text.atof     0x0800dd14        0x8 d:/gnuarm~1/102021~1.10/bin/../lib/gcc/arm-none-eabi/10.3.1/../../../../arm-none-eabi/lib/thumb/v7e-m+fp/hard\libc.a(lib_a-atof.o)
                0x0800dd14                atof
 .text.__errno  0x0800dd1c        0xc d:/gnuarm~1/102021~1.10/bin/../lib/gcc/arm-none-eabi/10.3.1/../../../../arm-none-eabi/lib/thumb/v7e-m+fp/hard\libc.a(lib_a-errno.o)
                0x0800dd1c                __errno
 .text.__libc_init_array
                0x0800dd28       0x48 d:/gnuarm~1/102021~1.10/bin/../lib/gcc/arm-none-eabi/10.3.1/../../../../arm-none-eabi/lib/thumb/v7e-m+fp/hard\libc.a(lib_a-init.o)
                0x0800dd28                __libc_init_array
 .text.memmove  0x0800dd70       0xf8 d:/gnuarm~1/102021~1.10/bin/../lib/gcc/arm-none-eabi/10.3.1/../../../../arm-none-eabi/lib/thumb/v7e-m+fp/hard\libc.a(lib_a-memmove.o)
                0x0800dd70                memmove
 .text.memset   0x0800de68       0xa4 d:/gnuarm~1/102021~1.10/bin/../lib/gcc/arm-none-eabi/10.3.1/../../../../arm-none-eabi/lib/thumb/v7e-m+fp/hard\libc.a(lib_a-memset.o)
                0x0800de68                memset
 .text.cleanup_glue
                0x0800df0c       0x48 d:/gnuarm~1/102021~1.10/bin/../lib/gcc/arm-none-eabi/10.3.1/../../../../arm-none-eabi/lib/thumb/v7e-m+fp/hard\libc.a(lib_a-reent.o)
                0x0800df0c                cleanup_glue
 .text._reclaim_reent
                0x0800df54       0x90 d:/gnuarm~1/102021~1.10/bin/../lib/gcc/arm-none-eabi/10.3.1/../../../../arm-none-eabi/lib/thumb/v7e-m+fp/hard\libc.a(lib_a-reent.o)
                0x0800df54                _reclaim_reent
 .text.two_way_long_needle
                0x0800dfe4      0x2b4 d:/gnuarm~1/102021~1.10/bin/../lib/gcc/arm-none-eabi/10.3.1/../../../../arm-none-eabi/lib/thumb/v7e-m+fp/hard\libc.a(lib_a-strstr.o)
 .text.strstr   0x0800e298      0x168 d:/gnuarm~1/102021~1.10/bin/../lib/gcc/arm-none-eabi/10.3.1/../../../../arm-none-eabi/lib/thumb/v7e-m+fp/hard\libc.a(lib_a-strstr.o)
                0x0800e298                strstr
 .text._strtod_l
                0x0800e400      0xf50 d:/gnuarm~1/102021~1.10/bin/../lib/gcc/arm-none-eabi/10.3.1/../../../../arm-none-eabi/lib/thumb/v7e-m+fp/hard\libc.a(lib_a-strtod.o)
                0x0800e400                _strtod_l
 .text.strtod   0x0800f350       0x20 d:/gnuarm~1/102021~1.10/bin/../lib/gcc/arm-none-eabi/10.3.1/../../../../arm-none-eabi/lib/thumb/v7e-m+fp/hard\libc.a(lib_a-strtod.o)
                0x0800f350                strtod
 .text.startup.register_fini
                0x0800f370       0x14 d:/gnuarm~1/102021~1.10/bin/../lib/gcc/arm-none-eabi/10.3.1/../../../../arm-none-eabi/lib/thumb/v7e-m+fp/hard\libc.a(lib_a-__call_atexit.o)
 .text.atexit   0x0800f384        0xc d:/gnuarm~1/102021~1.10/bin/../lib/gcc/arm-none-eabi/10.3.1/../../../../arm-none-eabi/lib/thumb/v7e-m+fp/hard\libc.a(lib_a-atexit.o)
                0x0800f384                atexit
 .text.__libc_fini_array
                0x0800f390       0x2c d:/gnuarm~1/102021~1.10/bin/../lib/gcc/arm-none-eabi/10.3.1/../../../../arm-none-eabi/lib/thumb/v7e-m+fp/hard\libc.a(lib_a-fini.o)
                0x0800f390                __libc_fini_array
 .text._malloc_trim_r
                0x0800f3bc       0xa0 d:/gnuarm~1/102021~1.10/bin/../lib/gcc/arm-none-eabi/10.3.1/../../../../arm-none-eabi/lib/thumb/v7e-m+fp/hard\libc.a(lib_a-freer.o)
                0x0800f3bc                _malloc_trim_r
 .text._free_r  0x0800f45c      0x20c d:/gnuarm~1/102021~1.10/bin/../lib/gcc/arm-none-eabi/10.3.1/../../../../arm-none-eabi/lib/thumb/v7e-m+fp/hard\libc.a(lib_a-freer.o)
                0x0800f45c                _free_r
 .text.rshift   0x0800f668       0xa4 d:/gnuarm~1/102021~1.10/bin/../lib/gcc/arm-none-eabi/10.3.1/../../../../arm-none-eabi/lib/thumb/v7e-m+fp/hard\libc.a(lib_a-gdtoa-gethex.o)
 .text.__gethex
                0x0800f70c      0x5d8 d:/gnuarm~1/102021~1.10/bin/../lib/gcc/arm-none-eabi/10.3.1/../../../../arm-none-eabi/lib/thumb/v7e-m+fp/hard\libc.a(lib_a-gdtoa-gethex.o)
                0x0800f70c                __gethex
 .text.__match  0x0800fce4       0x38 d:/gnuarm~1/102021~1.10/bin/../lib/gcc/arm-none-eabi/10.3.1/../../../../arm-none-eabi/lib/thumb/v7e-m+fp/hard\libc.a(lib_a-gdtoa-hexnan.o)
                0x0800fce4                __match
 .text.__hexnan
                0x0800fd1c      0x1ac d:/gnuarm~1/102021~1.10/bin/../lib/gcc/arm-none-eabi/10.3.1/../../../../arm-none-eabi/lib/thumb/v7e-m+fp/hard\libc.a(lib_a-gdtoa-hexnan.o)
                0x0800fd1c                __hexnan
 .text.__locale_mb_cur_max
                0x0800fec8        0xc d:/gnuarm~1/102021~1.10/bin/../lib/gcc/arm-none-eabi/10.3.1/../../../../arm-none-eabi/lib/thumb/v7e-m+fp/hard\libc.a(lib_a-locale.o)
                0x0800fec8                __locale_mb_cur_max
 .text.__retarget_lock_init_recursive
                0x0800fed4        0x4 d:/gnuarm~1/102021~1.10/bin/../lib/gcc/arm-none-eabi/10.3.1/../../../../arm-none-eabi/lib/thumb/v7e-m+fp/hard\libc.a(lib_a-lock.o)
                0x0800fed4                __retarget_lock_init_recursive
 .text.__retarget_lock_close_recursive
                0x0800fed8        0x4 d:/gnuarm~1/102021~1.10/bin/../lib/gcc/arm-none-eabi/10.3.1/../../../../arm-none-eabi/lib/thumb/v7e-m+fp/hard\libc.a(lib_a-lock.o)
                0x0800fed8                __retarget_lock_close_recursive
 .text.__retarget_lock_acquire_recursive
                0x0800fedc        0x4 d:/gnuarm~1/102021~1.10/bin/../lib/gcc/arm-none-eabi/10.3.1/../../../../arm-none-eabi/lib/thumb/v7e-m+fp/hard\libc.a(lib_a-lock.o)
                0x0800fedc                __retarget_lock_acquire_recursive
 .text.__retarget_lock_release_recursive
                0x0800fee0        0x4 d:/gnuarm~1/102021~1.10/bin/../lib/gcc/arm-none-eabi/10.3.1/../../../../arm-none-eabi/lib/thumb/v7e-m+fp/hard\libc.a(lib_a-lock.o)
                0x0800fee0                __retarget_lock_release_recursive
 .text._malloc_r
                0x0800fee4      0x560 d:/gnuarm~1/102021~1.10/bin/../lib/gcc/arm-none-eabi/10.3.1/../../../../arm-none-eabi/lib/thumb/v7e-m+fp/hard\libc.a(lib_a-mallocr.o)
                0x0800fee4                _malloc_r
 .text.__ascii_mbtowc
                0x08010444       0x2c d:/gnuarm~1/102021~1.10/bin/../lib/gcc/arm-none-eabi/10.3.1/../../../../arm-none-eabi/lib/thumb/v7e-m+fp/hard\libc.a(lib_a-mbtowc_r.o)
                0x08010444                __ascii_mbtowc
 .text.memcmp   0x08010470       0x64 d:/gnuarm~1/102021~1.10/bin/../lib/gcc/arm-none-eabi/10.3.1/../../../../arm-none-eabi/lib/thumb/v7e-m+fp/hard\libc.a(lib_a-memcmp.o)
                0x08010470                memcmp
 .text.__malloc_lock
                0x080104d4        0xc d:/gnuarm~1/102021~1.10/bin/../lib/gcc/arm-none-eabi/10.3.1/../../../../arm-none-eabi/lib/thumb/v7e-m+fp/hard\libc.a(lib_a-mlock.o)
                0x080104d4                __malloc_lock
 .text.__malloc_unlock
                0x080104e0        0xc d:/gnuarm~1/102021~1.10/bin/../lib/gcc/arm-none-eabi/10.3.1/../../../../arm-none-eabi/lib/thumb/v7e-m+fp/hard\libc.a(lib_a-mlock.o)
                0x080104e0                __malloc_unlock
 .text._Balloc  0x080104ec       0x4c d:/gnuarm~1/102021~1.10/bin/../lib/gcc/arm-none-eabi/10.3.1/../../../../arm-none-eabi/lib/thumb/v7e-m+fp/hard\libc.a(lib_a-mprec.o)
                0x080104ec                _Balloc
 .text._Bfree   0x08010538       0x14 d:/gnuarm~1/102021~1.10/bin/../lib/gcc/arm-none-eabi/10.3.1/../../../../arm-none-eabi/lib/thumb/v7e-m+fp/hard\libc.a(lib_a-mprec.o)
                0x08010538                _Bfree
 .text.__multadd
                0x0801054c       0xa8 d:/gnuarm~1/102021~1.10/bin/../lib/gcc/arm-none-eabi/10.3.1/../../../../arm-none-eabi/lib/thumb/v7e-m+fp/hard\libc.a(lib_a-mprec.o)
                0x0801054c                __multadd
 .text.__s2b    0x080105f4       0xb4 d:/gnuarm~1/102021~1.10/bin/../lib/gcc/arm-none-eabi/10.3.1/../../../../arm-none-eabi/lib/thumb/v7e-m+fp/hard\libc.a(lib_a-mprec.o)
                0x080105f4                __s2b
 .text.__hi0bits
                0x080106a8       0x40 d:/gnuarm~1/102021~1.10/bin/../lib/gcc/arm-none-eabi/10.3.1/../../../../arm-none-eabi/lib/thumb/v7e-m+fp/hard\libc.a(lib_a-mprec.o)
                0x080106a8                __hi0bits
 .text.__lo0bits
                0x080106e8       0x60 d:/gnuarm~1/102021~1.10/bin/../lib/gcc/arm-none-eabi/10.3.1/../../../../arm-none-eabi/lib/thumb/v7e-m+fp/hard\libc.a(lib_a-mprec.o)
                0x080106e8                __lo0bits
 .text.__i2b    0x08010748       0x5c d:/gnuarm~1/102021~1.10/bin/../lib/gcc/arm-none-eabi/10.3.1/../../../../arm-none-eabi/lib/thumb/v7e-m+fp/hard\libc.a(lib_a-mprec.o)
                0x08010748                __i2b
 .text.__multiply
                0x080107a4      0x15c d:/gnuarm~1/102021~1.10/bin/../lib/gcc/arm-none-eabi/10.3.1/../../../../arm-none-eabi/lib/thumb/v7e-m+fp/hard\libc.a(lib_a-mprec.o)
                0x080107a4                __multiply
 .text.__pow5mult
                0x08010900       0xc0 d:/gnuarm~1/102021~1.10/bin/../lib/gcc/arm-none-eabi/10.3.1/../../../../arm-none-eabi/lib/thumb/v7e-m+fp/hard\libc.a(lib_a-mprec.o)
                0x08010900                __pow5mult
 .text.__lshift
                0x080109c0       0xf0 d:/gnuarm~1/102021~1.10/bin/../lib/gcc/arm-none-eabi/10.3.1/../../../../arm-none-eabi/lib/thumb/v7e-m+fp/hard\libc.a(lib_a-mprec.o)
                0x080109c0                __lshift
 .text.__mcmp   0x08010ab0       0x44 d:/gnuarm~1/102021~1.10/bin/../lib/gcc/arm-none-eabi/10.3.1/../../../../arm-none-eabi/lib/thumb/v7e-m+fp/hard\libc.a(lib_a-mprec.o)
                0x08010ab0                __mcmp
 .text.__mdiff  0x08010af4      0x14c d:/gnuarm~1/102021~1.10/bin/../lib/gcc/arm-none-eabi/10.3.1/../../../../arm-none-eabi/lib/thumb/v7e-m+fp/hard\libc.a(lib_a-mprec.o)
                0x08010af4                __mdiff
 .text.__ulp    0x08010c40       0x60 d:/gnuarm~1/102021~1.10/bin/../lib/gcc/arm-none-eabi/10.3.1/../../../../arm-none-eabi/lib/thumb/v7e-m+fp/hard\libc.a(lib_a-mprec.o)
                0x08010c40                __ulp
 .text.__b2d    0x08010ca0       0xc0 d:/gnuarm~1/102021~1.10/bin/../lib/gcc/arm-none-eabi/10.3.1/../../../../arm-none-eabi/lib/thumb/v7e-m+fp/hard\libc.a(lib_a-mprec.o)
                0x08010ca0                __b2d
 .text.__d2b    0x08010d60       0xd0 d:/gnuarm~1/102021~1.10/bin/../lib/gcc/arm-none-eabi/10.3.1/../../../../arm-none-eabi/lib/thumb/v7e-m+fp/hard\libc.a(lib_a-mprec.o)
                0x08010d60                __d2b
 .text.__ratio  0x08010e30       0x5c d:/gnuarm~1/102021~1.10/bin/../lib/gcc/arm-none-eabi/10.3.1/../../../../arm-none-eabi/lib/thumb/v7e-m+fp/hard\libc.a(lib_a-mprec.o)
                0x08010e30                __ratio
 .text.__copybits
                0x08010e8c       0x5c d:/gnuarm~1/102021~1.10/bin/../lib/gcc/arm-none-eabi/10.3.1/../../../../arm-none-eabi/lib/thumb/v7e-m+fp/hard\libc.a(lib_a-mprec.o)