Archive member included to satisfy reference by file (symbol)

C:/Users/LiuDongPeng/Desktop/g474/foc/Middlewares/ST/ARM/DSP/Lib/libarm_cortexM4lf_math.a(arm_sin_f32.o)
                              CMakeFiles/foc.elf.dir/foc/encoder.c.obj (arm_sin_f32)
C:/Users/LiuDongPeng/Desktop/g474/foc/Middlewares/ST/ARM/DSP/Lib/libarm_cortexM4lf_math.a(arm_cos_f32.o)
                              CMakeFiles/foc.elf.dir/foc/encoder.c.obj (arm_cos_f32)
C:/Users/LiuDongPeng/Desktop/g474/foc/Middlewares/ST/ARM/DSP/Lib/libarm_cortexM4lf_math.a(arm_common_tables.o)
                              C:/Users/LiuDongPeng/Desktop/g474/foc/Middlewares/ST/ARM/DSP/Lib/libarm_cortexM4lf_math.a(arm_sin_f32.o) (sinTable_f32)
d:/gnuarm~1/102021~1.10/bin/../lib/gcc/arm-none-eabi/10.3.1/thumb/v7e-m+fp/hard\libgcc.a(_arm_muldf3.o)
                              CMakeFiles/foc.elf.dir/foc/digital_filter.c.obj (__aeabi_dmul)
d:/gnuarm~1/102021~1.10/bin/../lib/gcc/arm-none-eabi/10.3.1/thumb/v7e-m+fp/hard\libgcc.a(_arm_addsubdf3.o)
                              CMakeFiles/foc.elf.dir/foc/foc.c.obj (__aeabi_dsub)
d:/gnuarm~1/102021~1.10/bin/../lib/gcc/arm-none-eabi/10.3.1/thumb/v7e-m+fp/hard\libgcc.a(_arm_muldivdf3.o)
                              CMakeFiles/foc.elf.dir/foc/motor.c.obj (__aeabi_ddiv)
d:/gnuarm~1/102021~1.10/bin/../lib/gcc/arm-none-eabi/10.3.1/thumb/v7e-m+fp/hard\libgcc.a(_arm_cmpdf2.o)
                              CMakeFiles/foc.elf.dir/foc/encoder.c.obj (__aeabi_dcmplt)
d:/gnuarm~1/102021~1.10/bin/../lib/gcc/arm-none-eabi/10.3.1/thumb/v7e-m+fp/hard\libgcc.a(_arm_fixdfsi.o)
                              CMakeFiles/foc.elf.dir/foc/motor.c.obj (__aeabi_d2iz)
d:/gnuarm~1/102021~1.10/bin/../lib/gcc/arm-none-eabi/10.3.1/thumb/v7e-m+fp/hard\libgcc.a(_arm_truncdfsf2.o)
                              CMakeFiles/foc.elf.dir/Core/Src/app_freertos.c.obj (__aeabi_d2f)
d:/gnuarm~1/102021~1.10/bin/../lib/gcc/arm-none-eabi/10.3.1/thumb/v7e-m+fp/hard\libgcc.a(_arm_addsubsf3.o)
                              CMakeFiles/foc.elf.dir/bsp/bsp.c.obj (__aeabi_ul2f)
d:/gnuarm~1/102021~1.10/bin/../lib/gcc/arm-none-eabi/10.3.1/thumb/v7e-m+fp/hard\libgcc.a(_aeabi_uldivmod.o)
                              CMakeFiles/foc.elf.dir/Drivers/STM32G4xx_HAL_Driver/Src/stm32g4xx_hal_uart.c.obj (__aeabi_uldivmod)
d:/gnuarm~1/102021~1.10/bin/../lib/gcc/arm-none-eabi/10.3.1/thumb/v7e-m+fp/hard\libgcc.a(_fixunssfdi.o)
                              CMakeFiles/foc.elf.dir/bsp/bsp.c.obj (__aeabi_f2ulz)
d:/gnuarm~1/102021~1.10/bin/../lib/gcc/arm-none-eabi/10.3.1/thumb/v7e-m+fp/hard\libgcc.a(_udivmoddi4.o)
                              d:/gnuarm~1/102021~1.10/bin/../lib/gcc/arm-none-eabi/10.3.1/thumb/v7e-m+fp/hard\libgcc.a(_aeabi_uldivmod.o) (__udivmoddi4)
d:/gnuarm~1/102021~1.10/bin/../lib/gcc/arm-none-eabi/10.3.1/thumb/v7e-m+fp/hard\libgcc.a(_dvmd_tls.o)
                              d:/gnuarm~1/102021~1.10/bin/../lib/gcc/arm-none-eabi/10.3.1/thumb/v7e-m+fp/hard\libgcc.a(_aeabi_uldivmod.o) (__aeabi_ldiv0)
d:/gnuarm~1/102021~1.10/bin/../lib/gcc/arm-none-eabi/10.3.1/thumb/v7e-m+fp/hard\libgcc.a(_arm_fixunsdfsi.o)
                              d:/gnuarm~1/102021~1.10/bin/../lib/gcc/arm-none-eabi/10.3.1/thumb/v7e-m+fp/hard\libgcc.a(_fixunssfdi.o) (__aeabi_d2uiz)
d:/gnuarm~1/102021~1.10/bin/../lib/gcc/arm-none-eabi/10.3.1/../../../../arm-none-eabi/lib/thumb/v7e-m+fp/hard\libg.a(lib_a-atof.o)
                              CMakeFiles/foc.elf.dir/Core/Src/app_freertos.c.obj (atof)
d:/gnuarm~1/102021~1.10/bin/../lib/gcc/arm-none-eabi/10.3.1/../../../../arm-none-eabi/lib/thumb/v7e-m+fp/hard\libg.a(lib_a-errno.o)
                              CMakeFiles/foc.elf.dir/Core/Src/syscalls.c.obj (__errno)
d:/gnuarm~1/102021~1.10/bin/../lib/gcc/arm-none-eabi/10.3.1/../../../../arm-none-eabi/lib/thumb/v7e-m+fp/hard\libg.a(lib_a-exit.o)
                              d:/gnuarm~1/102021~1.10/bin/../lib/gcc/arm-none-eabi/10.3.1/../../../../arm-none-eabi/lib/thumb/v7e-m+fp/hard/crt0.o (exit)
d:/gnuarm~1/102021~1.10/bin/../lib/gcc/arm-none-eabi/10.3.1/../../../../arm-none-eabi/lib/thumb/v7e-m+fp/hard\libg.a(lib_a-impure.o)
                              d:/gnuarm~1/102021~1.10/bin/../lib/gcc/arm-none-eabi/10.3.1/../../../../arm-none-eabi/lib/thumb/v7e-m+fp/hard\libg.a(lib_a-exit.o) (_global_impure_ptr)
d:/gnuarm~1/102021~1.10/bin/../lib/gcc/arm-none-eabi/10.3.1/../../../../arm-none-eabi/lib/thumb/v7e-m+fp/hard\libg.a(lib_a-init.o)
                              d:/gnuarm~1/102021~1.10/bin/../lib/gcc/arm-none-eabi/10.3.1/../../../../arm-none-eabi/lib/thumb/v7e-m+fp/hard/crt0.o (__libc_init_array)
d:/gnuarm~1/102021~1.10/bin/../lib/gcc/arm-none-eabi/10.3.1/../../../../arm-none-eabi/lib/thumb/v7e-m+fp/hard\libg.a(lib_a-memcpy.o)
                              CMakeFiles/foc.elf.dir/Middlewares/Third_Party/FreeRTOS/Source/CMSIS_RTOS_V2/cmsis_os2.c.obj (memcpy)
d:/gnuarm~1/102021~1.10/bin/../lib/gcc/arm-none-eabi/10.3.1/../../../../arm-none-eabi/lib/thumb/v7e-m+fp/hard\libg.a(lib_a-memset.o)
[...]
Memory Configuration

Name             Origin             Length             Attributes
RAM              0x20000000         0x00020000         xrw
FLASH            0x08000000         0x00080000         xr
*default*        0x00000000         0xffffffff

Linker script and memory map

LOAD d:/gnuarm~1/102021~1.10/bin/../lib/gcc/arm-none-eabi/10.3.1/thumb/v7e-m+fp/hard/crti.o
LOAD d:/gnuarm~1/102021~1.10/bin/../lib/gcc/arm-none-eabi/10.3.1/thumb/v7e-m+fp/hard/crtbegin.o
LOAD d:/gnuarm~1/102021~1.10/bin/../lib/gcc/arm-none-eabi/10.3.1/../../../../arm-none-eabi/lib/thumb/v7e-m+fp/hard/crt0.o
LOAD CMakeFiles/foc.elf.dir/Core/Src/adc.c.obj
LOAD CMakeFiles/foc.elf.dir/Core/Src/app_freertos.c.obj
LOAD CMakeFiles/foc.elf.dir/Core/Src/dma.c.obj
LOAD CMakeFiles/foc.elf.dir/Core/Src/gpio.c.obj
LOAD CMakeFiles/foc.elf.dir/Core/Src/main.c.obj
LOAD CMakeFiles/foc.elf.dir/Core/Src/spi.c.obj
LOAD CMakeFiles/foc.elf.dir/Core/Src/stm32g4xx_hal_msp.c.obj
LOAD CMakeFiles/foc.elf.dir/Core/Src/stm32g4xx_hal_timebase_tim.c.obj
LOAD CMakeFiles/foc.elf.dir/Core/Src/stm32g4xx_it.c.obj
LOAD CMakeFiles/foc.elf.dir/Core/Src/syscalls.c.obj
LOAD CMakeFiles/foc.elf.dir/Core/Src/sysmem.c.obj
LOAD CMakeFiles/foc.elf.dir/Core/Src/system_stm32g4xx.c.obj
LOAD CMakeFiles/foc.elf.dir/Core/Src/tim.c.obj
LOAD CMakeFiles/foc.elf.dir/Core/Src/usart.c.obj
LOAD CMakeFiles/foc.elf.dir/Core/Startup/startup_stm32g474retx.s.obj
LOAD CMakeFiles/foc.elf.dir/Drivers/STM32G4xx_HAL_Driver/Src/stm32g4xx_hal.c.obj
LOAD CMakeFiles/foc.elf.dir/Drivers/STM32G4xx_HAL_Driver/Src/stm32g4xx_hal_adc.c.obj
LOAD CMakeFiles/foc.elf.dir/Drivers/STM32G4xx_HAL_Driver/Src/stm32g4xx_hal_adc_ex.c.obj
LOAD CMakeFiles/foc.elf.dir/Drivers/STM32G4xx_HAL_Driver/Src/stm32g4xx_hal_cortex.c.obj
LOAD CMakeFiles/foc.elf.dir/Drivers/STM32G4xx_HAL_Driver/Src/stm32g4xx_hal_dma.c.obj
LOAD CMakeFiles/foc.elf.dir/Drivers/STM32G4xx_HAL_Driver/Src/stm32g4xx_hal_dma_ex.c.obj
LOAD CMakeFiles/foc.elf.dir/Drivers/STM32G4xx_HAL_Driver/Src/stm32g4xx_hal_exti.c.obj
LOAD CMakeFiles/foc.elf.dir/Drivers/STM32G4xx_HAL_Driver/Src/stm32g4xx_hal_flash.c.obj
LOAD CMakeFiles/foc.elf.dir/Drivers/STM32G4xx_HAL_Driver/Src/stm32g4xx_hal_flash_ex.c.obj
LOAD CMakeFiles/foc.elf.dir/Drivers/STM32G4xx_HAL_Driver/Src/stm32g4xx_hal_flash_ramfunc.c.obj
LOAD CMakeFiles/foc.elf.dir/Drivers/STM32G4xx_HAL_Driver/Src/stm32g4xx_hal_gpio.c.obj
LOAD CMakeFiles/foc.elf.dir/Drivers/STM32G4xx_HAL_Driver/Src/stm32g4xx_hal_pcd.c.obj
LOAD CMakeFiles/foc.elf.dir/Drivers/STM32G4xx_HAL_Driver/Src/stm32g4xx_hal_pcd_ex.c.obj
LOAD CMakeFiles/foc.elf.dir/Drivers/STM32G4xx_HAL_Driver/Src/stm32g4xx_hal_pwr.c.obj
LOAD CMakeFiles/foc.elf.dir/Drivers/STM32G4xx_HAL_Driver/Src/stm32g4xx_hal_pwr_ex.c.obj
LOAD CMakeFiles/foc.elf.dir/Drivers/STM32G4xx_HAL_Driver/Src/stm32g4xx_hal_rcc.c.obj
LOAD CMakeFiles/foc.elf.dir/Drivers/STM32G4xx_HAL_Driver/Src/stm32g4xx_hal_rcc_ex.c.obj
LOAD CMakeFiles/foc.elf.dir/Drivers/STM32G4xx_HAL_Driver/Src/stm32g4xx_hal_spi.c.obj
LOAD CMakeFiles/foc.elf.dir/Drivers/STM32G4xx_HAL_Driver/Src/stm32g4xx_hal_spi_ex.c.obj
LOAD CMakeFiles/foc.elf.dir/Drivers/STM32G4xx_HAL_Driver/Src/stm32g4xx_hal_tim.c.obj
LOAD CMakeFiles/foc.elf.dir/Drivers/STM32G4xx_HAL_Driver/Src/stm32g4xx_hal_tim_ex.c.obj
LOAD CMakeFiles/foc.elf.dir/Drivers/STM32G4xx_HAL_Driver/Src/stm32g4xx_hal_uart.c.obj
LOAD CMakeFiles/foc.elf.dir/Drivers/STM32G4xx_HAL_Driver/Src/stm32g4xx_hal_uart_ex.c.obj
LOAD CMakeFiles/foc.elf.dir/Drivers/STM32G4xx_HAL_Driver/Src/stm32g4xx_ll_adc.c.obj
LOAD CMakeFiles/foc.elf.dir/Drivers/STM32G4xx_HAL_Driver/Src/stm32g4xx_ll_usb.c.obj
LOAD CMakeFiles/foc.elf.dir/Middlewares/ST/STM32_USB_Device_Library/Class/CDC/Src/usbd_cdc.c.obj
LOAD CMakeFiles/foc.elf.dir/Middlewares/ST/STM32_USB_Device_Library/Core/Src/usbd_core.c.obj
LOAD CMakeFiles/foc.elf.dir/Middlewares/ST/STM32_USB_Device_Library/Core/Src/usbd_ctlreq.c.obj
LOAD CMakeFiles/foc.elf.dir/Middlewares/ST/STM32_USB_Device_Library/Core/Src/usbd_ioreq.c.obj
LOAD CMakeFiles/foc.elf.dir/Middlewares/Third_Party/FreeRTOS/Source/CMSIS_RTOS_V2/cmsis_os2.c.obj
LOAD CMakeFiles/foc.elf.dir/Middlewares/Third_Party/FreeRTOS/Source/croutine.c.obj
LOAD CMakeFiles/foc.elf.dir/Middlewares/Third_Party/FreeRTOS/Source/event_groups.c.obj
LOAD CMakeFiles/foc.elf.dir/Middlewares/Third_Party/FreeRTOS/Source/list.c.obj
LOAD CMakeFiles/foc.elf.dir/Middlewares/Third_Party/FreeRTOS/Source/portable/GCC/ARM_CM4F/port.c.obj
LOAD CMakeFiles/foc.elf.dir/Middlewares/Third_Party/FreeRTOS/Source/portable/MemMang/heap_4.c.obj
LOAD CMakeFiles/foc.elf.dir/Middlewares/Third_Party/FreeRTOS/Source/queue.c.obj
LOAD CMakeFiles/foc.elf.dir/Middlewares/Third_Party/FreeRTOS/Source/stream_buffer.c.obj
LOAD CMakeFiles/foc.elf.dir/Middlewares/Third_Party/FreeRTOS/Source/tasks.c.obj
LOAD CMakeFiles/foc.elf.dir/Middlewares/Third_Party/FreeRTOS/Source/timers.c.obj
LOAD CMakeFiles/foc.elf.dir/USB_Device/App/usb_device.c.obj
LOAD CMakeFiles/foc.elf.dir/USB_Device/App/usbd_cdc_if.c.obj
LOAD CMakeFiles/foc.elf.dir/USB_Device/App/usbd_desc.c.obj
LOAD CMakeFiles/foc.elf.dir/USB_Device/Target/usbd_conf.c.obj
LOAD CMakeFiles/foc.elf.dir/bsp/bsp.c.obj
LOAD CMakeFiles/foc.elf.dir/bsp/button/button.c.obj
LOAD CMakeFiles/foc.elf.dir/bsp/led/led.c.obj
LOAD CMakeFiles/foc.elf.dir/bsp/mt6701/mt6701.c.obj
LOAD CMakeFiles/foc.elf.dir/foc/digital_filter.c.obj
LOAD CMakeFiles/foc.elf.dir/foc/encoder.c.obj
LOAD CMakeFiles/foc.elf.dir/foc/foc.c.obj
LOAD CMakeFiles/foc.elf.dir/foc/hfi.c.obj
LOAD CMakeFiles/foc.elf.dir/foc/motor.c.obj
LOAD CMakeFiles/foc.elf.dir/foc/pid.c.obj
LOAD CMakeFiles/foc.elf.dir/foc/smo.c.obj
LOAD CMakeFiles/foc.elf.dir/foc/utils.c.obj
LOAD C:/Users/LiuDongPeng/Desktop/g474/foc/Middlewares/ST/ARM/DSP/Lib/libarm_cortexM4lf_math.a
START GROUP
LOAD d:/gnuarm~1/102021~1.10/bin/../lib/gcc/arm-none-eabi/10.3.1/thumb/v7e-m+fp/hard\libgcc.a
LOAD d:/gnuarm~1/102021~1.10/bin/../lib/gcc/arm-none-eabi/10.3.1/../../../../arm-none-eabi/lib/thumb/v7e-m+fp/hard\libg.a
LOAD d:/gnuarm~1/102021~1.10/bin/../lib/gcc/arm-none-eabi/10.3.1/../../../../arm-none-eabi/lib/thumb/v7e-m+fp/hard\libc.a
END GROUP
LOAD d:/gnuarm~1/102021~1.10/bin/../lib/gcc/arm-none-eabi/10.3.1/thumb/v7e-m+fp/hard/crtend.o
LOAD d:/gnuarm~1/102021~1.10/bin/../lib/gcc/arm-none-eabi/10.3.1/thumb/v7e-m+fp/hard/crtn.o
                0x20020000                _estack = (ORIGIN (RAM) + LENGTH (RAM))
                0x00000800                _Min_Heap_Size = 0x800
                0x00000800                _Min_Stack_Size = 0x800

.isr_vector     0x08000000      0x1d8
                0x08000000                . = ALIGN (0x4)
 *(.isr_vector)
 .isr_vector    0x08000000      0x1d8 CMakeFiles/foc.elf.dir/Core/Startup/startup_stm32g474retx.s.obj
                0x08000000                g_pfnVectors
                0x080001d8                . = ALIGN (0x4)

.text           0x08000200    0x143b0
                0x08000200                . = ALIGN (0x4)
 *(.text)
 .text          0x08000200       0x40 d:/gnuarm~1/102021~1.10/bin/../lib/gcc/arm-none-eabi/10.3.1/thumb/v7e-m+fp/hard/crtbegin.o
 .text          0x08000240      0x378 d:/gnuarm~1/102021~1.10/bin/../lib/gcc/arm-none-eabi/10.3.1/thumb/v7e-m+fp/hard\libgcc.a(_arm_addsubdf3.o)
                0x08000240                __aeabi_drsub
                0x08000248                __aeabi_dsub
                0x08000248                __subdf3
                0x0800024c                __aeabi_dadd
                0x0800024c                __adddf3
                0x080004c4                __floatunsidf
                0x080004c4                __aeabi_ui2d
                0x080004e4                __floatsidf
                0x080004e4                __aeabi_i2d
                0x08000508                __aeabi_f2d
                0x08000508                __extendsfdf2
                0x0800054c                __floatundidf
                0x0800054c                __aeabi_ul2d
                0x0800055c                __floatdidf
                0x0800055c                __aeabi_l2d
 .text          0x080005b8      0x424 d:/gnuarm~1/102021~1.10/bin/../lib/gcc/arm-none-eabi/10.3.1/thumb/v7e-m+fp/hard\libgcc.a(_arm_muldivdf3.o)
                0x080005b8                __aeabi_dmul
                0x080005b8                __muldf3
                0x0800080c                __divdf3
                0x0800080c                __aeabi_ddiv
 .text          0x080009dc      0x110 d:/gnuarm~1/102021~1.10/bin/../lib/gcc/arm-none-eabi/10.3.1/thumb/v7e-m+fp/hard\libgcc.a(_arm_cmpdf2.o)
                0x080009dc                __gtdf2
                0x080009dc                __gedf2
                0x080009e4                __ltdf2
                0x080009e4                __ledf2
                0x080009ec                __nedf2
                0x080009ec                __eqdf2
                0x080009ec                __cmpdf2
                0x08000a68                __aeabi_cdrcmple
                0x08000a78                __aeabi_cdcmpeq
                0x08000a78                __aeabi_cdcmple
                0x08000a88                __aeabi_dcmpeq
                0x08000a9c                __aeabi_dcmplt
                0x08000ab0                __aeabi_dcmple
                0x08000ac4                __aeabi_dcmpge
                0x08000ad8                __aeabi_dcmpgt
 .text          0x08000aec       0xa0 d:/gnuarm~1/102021~1.10/bin/../lib/gcc/arm-none-eabi/10.3.1/thumb/v7e-m+fp/hard\libgcc.a(_arm_truncdfsf2.o)
                0x08000aec                __truncdfsf2
                0x08000aec                __aeabi_d2f
 .text          0x08000b8c       0x30 d:/gnuarm~1/102021~1.10/bin/../lib/gcc/arm-none-eabi/10.3.1/thumb/v7e-m+fp/hard\libgcc.a(_aeabi_uldivmod.o)
                0x08000b8c                __aeabi_uldivmod
 .text          0x08000bbc      0x2d0 d:/gnuarm~1/102021~1.10/bin/../lib/gcc/arm-none-eabi/10.3.1/thumb/v7e-m+fp/hard\libgcc.a(_udivmoddi4.o)
                0x08000bbc                __udivmoddi4
 .text          0x08000e8c        0x4 d:/gnuarm~1/102021~1.10/bin/../lib/gcc/arm-none-eabi/10.3.1/thumb/v7e-m+fp/hard\libgcc.a(_dvmd_tls.o)
                0x08000e8c                __aeabi_idiv0
                0x08000e8c                __aeabi_ldiv0
 .text          0x08000e90       0x40 d:/gnuarm~1/102021~1.10/bin/../lib/gcc/arm-none-eabi/10.3.1/thumb/v7e-m+fp/hard\libgcc.a(_arm_fixunsdfsi.o)
                0x08000e90                __aeabi_d2uiz
                0x08000e90                __fixunsdfsi
 .text          0x08000ed0      0x134 d:/gnuarm~1/102021~1.10/bin/../lib/gcc/arm-none-eabi/10.3.1/../../../../arm-none-eabi/lib/thumb/v7e-m+fp/hard\libg.a(lib_a-memcpy.o)
                0x08000ed0                memcpy
 *fill*         0x08001004       0x3c 
 .text          0x08001040       0xdc d:/gnuarm~1/102021~1.10/bin/../lib/gcc/arm-none-eabi/10.3.1/../../../../arm-none-eabi/lib/thumb/v7e-m+fp/hard\libg.a(lib_a-strlen.o)
                0x08001040                strlen
 *fill*         0x0800111c        0x4 
 .text          0x08001120       0xa0 d:/gnuarm~1/102021~1.10/bin/../lib/gcc/arm-none-eabi/10.3.1/../../../../arm-none-eabi/lib/thumb/v7e-m+fp/hard\libg.a(lib_a-memchr.o)
                0x08001120                memchr
 .text          0x080011c0       0x30 d:/gnuarm~1/102021~1.10/bin/../lib/gcc/arm-none-eabi/10.3.1/thumb/v7e-m+fp/hard\libgcc.a(_fixdfdi.o)
                0x080011c0                __fixdfdi
                0x080011c0                __aeabi_d2lz
 .text          0x080011f0       0x3c d:/gnuarm~1/102021~1.10/bin/../lib/gcc/arm-none-eabi/10.3.1/thumb/v7e-m+fp/hard\libgcc.a(_fixunsdfdi.o)
                0x080011f0                __fixunsdfdi
                0x080011f0                __aeabi_d2ulz
 *(.text*)
 .text.MX_ADC1_Init
                0x0800122c       0xb4 CMakeFiles/foc.elf.dir/Core/Src/adc.c.obj
                0x0800122c                MX_ADC1_Init
 .text.MX_ADC2_Init
                0x080012e0      0x11c CMakeFiles/foc.elf.dir/Core/Src/adc.c.obj
                0x080012e0                MX_ADC2_Init
 .text.HAL_ADC_MspInit
                0x080013fc      0x150 CMakeFiles/foc.elf.dir/Core/Src/adc.c.obj
                0x080013fc                HAL_ADC_MspInit
 .text.bsp_btn_event_callback
                0x0800154c       0xec CMakeFiles/foc.elf.dir/Core/Src/app_freertos.c.obj
 .text.StartDefaultTask
                0x08001638       0x8c CMakeFiles/foc.elf.dir/Core/Src/app_freertos.c.obj
                0x08001638                StartDefaultTask
 .text.StartBtnScanTask
                0x080016c4       0x14 CMakeFiles/foc.elf.dir/Core/Src/app_freertos.c.obj
                0x080016c4                StartBtnScanTask
 .text.vofa_cmd_parse
                0x080016d8       0x1e CMakeFiles/foc.elf.dir/Core/Src/app_freertos.c.obj
 *fill*         0x080016f6        0x2 
 .text.MX_FREERTOS_Init
                0x080016f8       0x9c CMakeFiles/foc.elf.dir/Core/Src/app_freertos.c.obj
                0x080016f8                MX_FREERTOS_Init
 .text.HAL_ADCEx_InjectedConvCpltCallback
                0x08001794      0x1bc CMakeFiles/foc.elf.dir/Core/Src/app_freertos.c.obj
                0x08001794                HAL_ADCEx_InjectedConvCpltCallback
 .text.HAL_UARTEx_RxEventCallback
                0x08001950      0x290 CMakeFiles/foc.elf.dir/Core/Src/app_freertos.c.obj
                0x08001950                HAL_UARTEx_RxEventCallback
 .text.MX_DMA_Init
                0x08001be0       0x54 CMakeFiles/foc.elf.dir/Core/Src/dma.c.obj
                0x08001be0                MX_DMA_Init
 .text.MX_GPIO_Init
                0x08001c34      0x17c CMakeFiles/foc.elf.dir/Core/Src/gpio.c.obj
                0x08001c34                MX_GPIO_Init
 .text.HAL_TIM_PeriodElapsedCallback
                0x08001db0       0x18 CMakeFiles/foc.elf.dir/Core/Src/main.c.obj
                0x08001db0                HAL_TIM_PeriodElapsedCallback
 .text.Error_Handler
                0x08001dc8        0x4 CMakeFiles/foc.elf.dir/Core/Src/main.c.obj
                0x08001dc8                Error_Handler
 .text.SystemClock_Config
                0x08001dcc       0x78 CMakeFiles/foc.elf.dir/Core/Src/main.c.obj
                0x08001dcc                SystemClock_Config
 .text.main     0x08001e44       0x3c CMakeFiles/foc.elf.dir/Core/Src/main.c.obj
                0x08001e44                main
 .text.MX_SPI1_Init
                0x08001e80       0x4c CMakeFiles/foc.elf.dir/Core/Src/spi.c.obj
                0x08001e80                MX_SPI1_Init
 .text.MX_SPI3_Init
                0x08001ecc       0x4c CMakeFiles/foc.elf.dir/Core/Src/spi.c.obj
                0x08001ecc                MX_SPI3_Init
 .text.HAL_SPI_MspInit
                0x08001f18       0xb4 CMakeFiles/foc.elf.dir/Core/Src/spi.c.obj
                0x08001f18                HAL_SPI_MspInit
 .text.HAL_MspInit
                0x08001fcc       0x44 CMakeFiles/foc.elf.dir/Core/Src/stm32g4xx_hal_msp.c.obj
                0x08001fcc                HAL_MspInit
 .text.HAL_InitTick
                0x08002010       0x94 CMakeFiles/foc.elf.dir/Core/Src/stm32g4xx_hal_timebase_tim.c.obj
                0x08002010                HAL_InitTick
 .text.NMI_Handler
                0x080020a4        0x8 CMakeFiles/foc.elf.dir/Core/Src/stm32g4xx_it.c.obj
                0x080020a4                NMI_Handler
 .text.HardFault_Handler
                0x080020ac        0x2 CMakeFiles/foc.elf.dir/Core/Src/stm32g4xx_it.c.obj
                0x080020ac                HardFault_Handler
 .text.MemManage_Handler
                0x080020ae        0x2 CMakeFiles/foc.elf.dir/Core/Src/stm32g4xx_it.c.obj
                0x080020ae                MemManage_Handler
 .text.BusFault_Handler
                0x080020b0        0x2 CMakeFiles/foc.elf.dir/Core/Src/stm32g4xx_it.c.obj
                0x080020b0                BusFault_Handler
 .text.UsageFault_Handler
                0x080020b2        0x2 CMakeFiles/foc.elf.dir/Core/Src/stm32g4xx_it.c.obj
                0x080020b2                UsageFault_Handler
 .text.DebugMon_Handler
                0x080020b4        0x2 CMakeFiles/foc.elf.dir/Core/Src/stm32g4xx_it.c.obj
                0x080020b4                DebugMon_Handler
 *fill*         0x080020b6        0x2 
 .text.DMA1_Channel1_IRQHandler
                0x080020b8       0x10 CMakeFiles/foc.elf.dir/Core/Src/stm32g4xx_it.c.obj
                0x080020b8                DMA1_Channel1_IRQHandler
 .text.DMA1_Channel2_IRQHandler
                0x080020c8       0x10 CMakeFiles/foc.elf.dir/Core/Src/stm32g4xx_it.c.obj
                0x080020c8                DMA1_Channel2_IRQHandler
 .text.ADC1_2_IRQHandler
                0x080020d8       0x18 CMakeFiles/foc.elf.dir/Core/Src/stm32g4xx_it.c.obj
                0x080020d8                ADC1_2_IRQHandler
 .text.USB_LP_IRQHandler
                0x080020f0       0x10 CMakeFiles/foc.elf.dir/Core/Src/stm32g4xx_it.c.obj
                0x080020f0                USB_LP_IRQHandler
 .text.USART3_IRQHandler
                0x08002100       0x10 CMakeFiles/foc.elf.dir/Core/Src/stm32g4xx_it.c.obj
                0x08002100                USART3_IRQHandler
 .text.TIM20_UP_IRQHandler
                0x08002110       0x10 CMakeFiles/foc.elf.dir/Core/Src/stm32g4xx_it.c.obj
                0x08002110                TIM20_UP_IRQHandler
 .text._getpid  0x08002120        0x4 CMakeFiles/foc.elf.dir/Core/Src/syscalls.c.obj
                0x08002120                _getpid
 .text._kill    0x08002124       0x10 CMakeFiles/foc.elf.dir/Core/Src/syscalls.c.obj
                0x08002124                _kill
 .text._exit    0x08002134        0xc CMakeFiles/foc.elf.dir/Core/Src/syscalls.c.obj
                0x08002134                _exit
 .text._read    0x08002140       0x20 CMakeFiles/foc.elf.dir/Core/Src/syscalls.c.obj
                0x08002140                _read
 .text._write   0x08002160       0x1c CMakeFiles/foc.elf.dir/Core/Src/syscalls.c.obj
                0x08002160                _write
 .text._close   0x0800217c        0x6 CMakeFiles/foc.elf.dir/Core/Src/syscalls.c.obj
                0x0800217c                _close
 .text._fstat   0x08002182        0xa CMakeFiles/foc.elf.dir/Core/Src/syscalls.c.obj
                0x08002182                _fstat
 .text._isatty  0x0800218c        0x4 CMakeFiles/foc.elf.dir/Core/Src/syscalls.c.obj
                0x0800218c                _isatty
 .text._lseek   0x08002190        0x4 CMakeFiles/foc.elf.dir/Core/Src/syscalls.c.obj
                0x08002190                _lseek
 .text._sbrk    0x08002194       0x48 CMakeFiles/foc.elf.dir/Core/Src/sysmem.c.obj
                0x08002194                _sbrk
 .text.SystemInit
                0x080021dc       0x14 CMakeFiles/foc.elf.dir/Core/Src/system_stm32g4xx.c.obj
                0x080021dc                SystemInit
 .text.HAL_TIM_Base_MspInit
                0x080021f0       0x2c CMakeFiles/foc.elf.dir/Core/Src/tim.c.obj
                0x080021f0                HAL_TIM_Base_MspInit
 .text.HAL_TIM_MspPostInit
                0x0800221c       0x98 CMakeFiles/foc.elf.dir/Core/Src/tim.c.obj
                0x0800221c                HAL_TIM_MspPostInit
 .text.MX_TIM1_Init
                0x080022b4      0x150 CMakeFiles/foc.elf.dir/Core/Src/tim.c.obj
                0x080022b4                MX_TIM1_Init
 .text.MX_USART3_UART_Init
                0x08002404       0x6c CMakeFiles/foc.elf.dir/Core/Src/usart.c.obj
                0x08002404                MX_USART3_UART_Init
 .text.HAL_UART_MspInit
                0x08002470      0x10c CMakeFiles/foc.elf.dir/Core/Src/usart.c.obj
                0x08002470                HAL_UART_MspInit
 .text.__io_putchar
                0x0800257c       0x20 CMakeFiles/foc.elf.dir/Core/Src/usart.c.obj
                0x0800257c                __io_putchar
 .text.Reset_Handler
                0x0800259c       0x50 CMakeFiles/foc.elf.dir/Core/Startup/startup_stm32g474retx.s.obj
                0x0800259c                Reset_Handler
 .text.Default_Handler
                0x080025ec        0x2 CMakeFiles/foc.elf.dir/Core/Startup/startup_stm32g474retx.s.obj
                0x080025ec                RTC_Alarm_IRQHandler
                0x080025ec                EXTI2_IRQHandler
                0x080025ec                TIM8_TRG_COM_IRQHandler
                0x080025ec                TIM8_CC_IRQHandler
                0x080025ec                HRTIM1_Master_IRQHandler
                0x080025ec                SPI4_IRQHandler
                0x080025ec                FDCAN3_IT0_IRQHandler
                0x080025ec                TIM1_CC_IRQHandler
                0x080025ec                HRTIM1_FLT_IRQHandler
                0x080025ec                HRTIM1_TIMF_IRQHandler
                0x080025ec                USB_HP_IRQHandler
                0x080025ec                CORDIC_IRQHandler
                0x080025ec                HRTIM1_TIMD_IRQHandler
                0x080025ec                DMA2_Channel8_IRQHandler
                0x080025ec                EXTI3_IRQHandler
                0x080025ec                I2C3_ER_IRQHandler
                0x080025ec                EXTI0_IRQHandler
                0x080025ec                I2C2_EV_IRQHandler
                0x080025ec                FPU_IRQHandler
                0x080025ec                FDCAN1_IT1_IRQHandler
                0x080025ec                TIM1_UP_TIM16_IRQHandler
                0x080025ec                HRTIM1_TIME_IRQHandler
                0x080025ec                SPI1_IRQHandler
                0x080025ec                TIM6_DAC_IRQHandler
                0x080025ec                HRTIM1_TIMC_IRQHandler
                0x080025ec                TIM8_UP_IRQHandler
                0x080025ec                DMA2_Channel2_IRQHandler
                0x080025ec                DMA1_Channel4_IRQHandler
                0x080025ec                TIM20_TRG_COM_IRQHandler
                0x080025ec                DMA1_Channel7_IRQHandler
                0x080025ec                UART5_IRQHandler
                0x080025ec                ADC3_IRQHandler
                0x080025ec                TIM4_IRQHandler
                0x080025ec                DMA2_Channel1_IRQHandler
                0x080025ec                QUADSPI_IRQHandler
                0x080025ec                I2C1_EV_IRQHandler
                0x080025ec                DMA1_Channel6_IRQHandler
                0x080025ec                UART4_IRQHandler
                0x080025ec                DMA2_Channel4_IRQHandler
                0x080025ec                TIM3_IRQHandler
                0x080025ec                RCC_IRQHandler
                0x080025ec                Default_Handler
                0x080025ec                DMA2_Channel7_IRQHandler
                0x080025ec                RTC_TAMP_LSECSS_IRQHandler
                0x080025ec                FMAC_IRQHandler
                0x080025ec                EXTI15_10_IRQHandler
                0x080025ec                DMA1_Channel8_IRQHandler
                0x080025ec                HRTIM1_TIMA_IRQHandler
                0x080025ec                TIM7_DAC_IRQHandler
                0x080025ec                FDCAN3_IT1_IRQHandler
                0x080025ec                TIM5_IRQHandler
                0x080025ec                UCPD1_IRQHandler
                0x080025ec                I2C3_EV_IRQHandler
                0x080025ec                EXTI9_5_IRQHandler
                0x080025ec                RTC_WKUP_IRQHandler
                0x080025ec                PVD_PVM_IRQHandler
                0x080025ec                SPI2_IRQHandler
                0x080025ec                ADC5_IRQHandler
                0x080025ec                DMA2_Channel5_IRQHandler
                0x080025ec                CRS_IRQHandler
                0x080025ec                DMA1_Channel5_IRQHandler
                0x080025ec                EXTI4_IRQHandler
                0x080025ec                RNG_IRQHandler
                0x080025ec                HRTIM1_TIMB_IRQHandler
                0x080025ec                TIM1_TRG_COM_TIM17_IRQHandler
                0x080025ec                FDCAN2_IT1_IRQHandler
                0x080025ec                DMA1_Channel3_IRQHandler
                0x080025ec                ADC4_IRQHandler
                0x080025ec                WWDG_IRQHandler
                0x080025ec                I2C4_EV_IRQHandler
                0x080025ec                FDCAN2_IT0_IRQHandler
                0x080025ec                LPUART1_IRQHandler
                0x080025ec                DMA2_Channel6_IRQHandler
                0x080025ec                FDCAN1_IT0_IRQHandler
                0x080025ec                TIM2_IRQHandler
                0x080025ec                COMP7_IRQHandler
                0x080025ec                COMP1_2_3_IRQHandler
                0x080025ec                EXTI1_IRQHandler
                0x080025ec                USART2_IRQHandler
                0x080025ec                COMP4_5_6_IRQHandler
                0x080025ec                TIM20_BRK_IRQHandler
                0x080025ec                I2C2_ER_IRQHandler
                0x080025ec                TIM8_BRK_IRQHandler
                0x080025ec                FLASH_IRQHandler
                0x080025ec                TIM20_CC_IRQHandler
                0x080025ec                USART1_IRQHandler
                0x080025ec                SPI3_IRQHandler
                0x080025ec                I2C1_ER_IRQHandler
                0x080025ec                FMC_IRQHandler
                0x080025ec                LPTIM1_IRQHandler
                0x080025ec                DMAMUX_OVR_IRQHandler
                0x080025ec                I2C4_ER_IRQHandler
                0x080025ec                USBWakeUp_IRQHandler
                0x080025ec                SAI1_IRQHandler
                0x080025ec                DMA2_Channel3_IRQHandler
                0x080025ec                TIM1_BRK_TIM15_IRQHandler
 .text.HAL_Init
                0x080025ee       0x1e CMakeFiles/foc.elf.dir/Drivers/STM32G4xx_HAL_Driver/Src/stm32g4xx_hal.c.obj
                0x080025ee                HAL_Init
 .text.HAL_IncTick
                0x0800260c       0x18 CMakeFiles/foc.elf.dir/Drivers/STM32G4xx_HAL_Driver/Src/stm32g4xx_hal.c.obj
                0x0800260c                HAL_IncTick
 .text.HAL_GetTick
                0x08002624        0xc CMakeFiles/foc.elf.dir/Drivers/STM32G4xx_HAL_Driver/Src/stm32g4xx_hal.c.obj
                0x08002624                HAL_GetTick
 .text.HAL_Delay
                0x08002630       0x28 CMakeFiles/foc.elf.dir/Drivers/STM32G4xx_HAL_Driver/Src/stm32g4xx_hal.c.obj
                0x08002630                HAL_Delay
 .text.HAL_ADC_Init
                0x08002658      0x29c CMakeFiles/foc.elf.dir/Drivers/STM32G4xx_HAL_Driver/Src/stm32g4xx_hal_adc.c.obj
                0x08002658                HAL_ADC_Init
 .text.HAL_ADC_PollForConversion
                0x080028f4      0x14c CMakeFiles/foc.elf.dir/Drivers/STM32G4xx_HAL_Driver/Src/stm32g4xx_hal_adc.c.obj
                0x080028f4                HAL_ADC_PollForConversion
 .text.HAL_ADC_GetValue
                0x08002a40        0x6 CMakeFiles/foc.elf.dir/Drivers/STM32G4xx_HAL_Driver/Src/stm32g4xx_hal_adc.c.obj
                0x08002a40                HAL_ADC_GetValue
 .text.HAL_ADC_ConvCpltCallback
                0x08002a46        0x2 CMakeFiles/foc.elf.dir/Drivers/STM32G4xx_HAL_Driver/Src/stm32g4xx_hal_adc.c.obj
                0x08002a46                HAL_ADC_ConvCpltCallback
 .text.HAL_ADC_LevelOutOfWindowCallback
                0x08002a48        0x2 CMakeFiles/foc.elf.dir/Drivers/STM32G4xx_HAL_Driver/Src/stm32g4xx_hal_adc.c.obj
                0x08002a48                HAL_ADC_LevelOutOfWindowCallback
 .text.HAL_ADC_ErrorCallback
                0x08002a4a        0x2 CMakeFiles/foc.elf.dir/Drivers/STM32G4xx_HAL_Driver/Src/stm32g4xx_hal_adc.c.obj
                0x08002a4a                HAL_ADC_ErrorCallback
 .text.HAL_ADC_IRQHandler
                0x08002a4c      0x2e4 CMakeFiles/foc.elf.dir/Drivers/STM32G4xx_HAL_Driver/Src/stm32g4xx_hal_adc.c.obj
                0x08002a4c                HAL_ADC_IRQHandler
 .text.HAL_ADC_ConfigChannel
                0x08002d30      0x538 CMakeFiles/foc.elf.dir/Drivers/STM32G4xx_HAL_Driver/Src/stm32g4xx_hal_adc.c.obj
                0x08002d30                HAL_ADC_ConfigChannel
 .text.ADC_Enable
                0x08003268       0xf8 CMakeFiles/foc.elf.dir/Drivers/STM32G4xx_HAL_Driver/Src/stm32g4xx_hal_adc.c.obj
                0x08003268                ADC_Enable
 .text.HAL_ADC_Start
                0x08003360      0x12c CMakeFiles/foc.elf.dir/Drivers/STM32G4xx_HAL_Driver/Src/stm32g4xx_hal_adc.c.obj
                0x08003360                HAL_ADC_Start
 .text.ADC_Disable
                0x0800348c       0x94 CMakeFiles/foc.elf.dir/Drivers/STM32G4xx_HAL_Driver/Src/stm32g4xx_hal_adc.c.obj
                0x0800348c                ADC_Disable
 .text.HAL_ADCEx_Calibration_Start
                0x08003520       0x9c CMakeFiles/foc.elf.dir/Drivers/STM32G4xx_HAL_Driver/Src/stm32g4xx_hal_adc_ex.c.obj
                0x08003520                HAL_ADCEx_Calibration_Start
 .text.HAL_ADCEx_InjectedStart
                0x080035bc      0x128 CMakeFiles/foc.elf.dir/Drivers/STM32G4xx_HAL_Driver/Src/stm32g4xx_hal_adc_ex.c.obj
                0x080035bc                HAL_ADCEx_InjectedStart
 .text.HAL_ADCEx_InjectedStart_IT
                0x080036e4      0x170 CMakeFiles/foc.elf.dir/Drivers/STM32G4xx_HAL_Driver/Src/stm32g4xx_hal_adc_ex.c.obj
                0x080036e4                HAL_ADCEx_InjectedStart_IT
 .text.HAL_ADCEx_InjectedGetValue
                0x08003854       0x38 CMakeFiles/foc.elf.dir/Drivers/STM32G4xx_HAL_Driver/Src/stm32g4xx_hal_adc_ex.c.obj
                0x08003854                HAL_ADCEx_InjectedGetValue
 .text.HAL_ADCEx_InjectedQueueOverflowCallback
                0x0800388c        0x2 CMakeFiles/foc.elf.dir/Drivers/STM32G4xx_HAL_Driver/Src/stm32g4xx_hal_adc_ex.c.obj
                0x0800388c                HAL_ADCEx_InjectedQueueOverflowCallback
 .text.HAL_ADCEx_LevelOutOfWindow2Callback
                0x0800388e        0x2 CMakeFiles/foc.elf.dir/Drivers/STM32G4xx_HAL_Driver/Src/stm32g4xx_hal_adc_ex.c.obj
                0x0800388e                HAL_ADCEx_LevelOutOfWindow2Callback
 .text.HAL_ADCEx_LevelOutOfWindow3Callback
                0x08003890        0x2 CMakeFiles/foc.elf.dir/Drivers/STM32G4xx_HAL_Driver/Src/stm32g4xx_hal_adc_ex.c.obj
                0x08003890                HAL_ADCEx_LevelOutOfWindow3Callback
 .text.HAL_ADCEx_EndOfSamplingCallback
                0x08003892        0x2 CMakeFiles/foc.elf.dir/Drivers/STM32G4xx_HAL_Driver/Src/stm32g4xx_hal_adc_ex.c.obj
                0x08003892                HAL_ADCEx_EndOfSamplingCallback
 .text.HAL_ADCEx_InjectedConfigChannel
                0x08003894      0x670 CMakeFiles/foc.elf.dir/Drivers/STM32G4xx_HAL_Driver/Src/stm32g4xx_hal_adc_ex.c.obj
                0x08003894                HAL_ADCEx_InjectedConfigChannel
 .text.HAL_ADCEx_MultiModeConfigChannel
                0x08003f04      0x1d4 CMakeFiles/foc.elf.dir/Drivers/STM32G4xx_HAL_Driver/Src/stm32g4xx_hal_adc_ex.c.obj
                0x08003f04                HAL_ADCEx_MultiModeConfigChannel
 .text.HAL_NVIC_SetPriorityGrouping
                0x080040d8       0x24 CMakeFiles/foc.elf.dir/Drivers/STM32G4xx_HAL_Driver/Src/stm32g4xx_hal_cortex.c.obj
                0x080040d8                HAL_NVIC_SetPriorityGrouping
 .text.HAL_NVIC_SetPriority
                0x080040fc       0x70 CMakeFiles/foc.elf.dir/Drivers/STM32G4xx_HAL_Driver/Src/stm32g4xx_hal_cortex.c.obj
                0x080040fc                HAL_NVIC_SetPriority
 .text.HAL_NVIC_EnableIRQ
                0x0800416c       0x1c CMakeFiles/foc.elf.dir/Drivers/STM32G4xx_HAL_Driver/Src/stm32g4xx_hal_cortex.c.obj
                0x0800416c                HAL_NVIC_EnableIRQ
 .text.DMA_SetConfig
                0x08004188       0x42 CMakeFiles/foc.elf.dir/Drivers/STM32G4xx_HAL_Driver/Src/stm32g4xx_hal_dma.c.obj
 *fill*         0x080041ca        0x2 
 .text.DMA_CalcDMAMUXChannelBaseAndMask
                0x080041cc       0x48 CMakeFiles/foc.elf.dir/Drivers/STM32G4xx_HAL_Driver/Src/stm32g4xx_hal_dma.c.obj
 .text.DMA_CalcDMAMUXRequestGenBaseAndMask
                0x08004214       0x28 CMakeFiles/foc.elf.dir/Drivers/STM32G4xx_HAL_Driver/Src/stm32g4xx_hal_dma.c.obj
 .text.HAL_DMA_Init
                0x0800423c       0xd8 CMakeFiles/foc.elf.dir/Drivers/STM32G4xx_HAL_Driver/Src/stm32g4xx_hal_dma.c.obj
                0x0800423c                HAL_DMA_Init
 .text.HAL_DMA_Start_IT
                0x08004314       0x94 CMakeFiles/foc.elf.dir/Drivers/STM32G4xx_HAL_Driver/Src/stm32g4xx_hal_dma.c.obj
                0x08004314                HAL_DMA_Start_IT
 .text.HAL_DMA_Abort
                0x080043a8       0x6c CMakeFiles/foc.elf.dir/Drivers/STM32G4xx_HAL_Driver/Src/stm32g4xx_hal_dma.c.obj
                0x080043a8                HAL_DMA_Abort
 .text.HAL_DMA_Abort_IT
                0x08004414       0x7e CMakeFiles/foc.elf.dir/Drivers/STM32G4xx_HAL_Driver/Src/stm32g4xx_hal_dma.c.obj
                0x08004414                HAL_DMA_Abort_IT
 .text.HAL_DMA_IRQHandler
                0x08004492       0xc4 CMakeFiles/foc.elf.dir/Drivers/STM32G4xx_HAL_Driver/Src/stm32g4xx_hal_dma.c.obj
                0x08004492                HAL_DMA_IRQHandler
 *fill*         0x08004556        0x2 
 .text.HAL_GPIO_Init
                0x08004558      0x1d4 CMakeFiles/foc.elf.dir/Drivers/STM32G4xx_HAL_Driver/Src/stm32g4xx_hal_gpio.c.obj
                0x08004558                HAL_GPIO_Init
 .text.HAL_GPIO_ReadPin
                0x0800472c        0xe CMakeFiles/foc.elf.dir/Drivers/STM32G4xx_HAL_Driver/Src/stm32g4xx_hal_gpio.c.obj
                0x0800472c                HAL_GPIO_ReadPin
 .text.HAL_GPIO_WritePin
                0x0800473a        0xa CMakeFiles/foc.elf.dir/Drivers/STM32G4xx_HAL_Driver/Src/stm32g4xx_hal_gpio.c.obj
                0x0800473a                HAL_GPIO_WritePin
 .text.HAL_PCD_EP_DB_Receive
                0x08004744      0x118 CMakeFiles/foc.elf.dir/Drivers/STM32G4xx_HAL_Driver/Src/stm32g4xx_hal_pcd.c.obj
 .text.HAL_PCD_Init
                0x0800485c       0xb6 CMakeFiles/foc.elf.dir/Drivers/STM32G4xx_HAL_Driver/Src/stm32g4xx_hal_pcd.c.obj
                0x0800485c                HAL_PCD_Init
 .text.HAL_PCD_Start
                0x08004912       0x2a CMakeFiles/foc.elf.dir/Drivers/STM32G4xx_HAL_Driver/Src/stm32g4xx_hal_pcd.c.obj
                0x08004912                HAL_PCD_Start
 .text.HAL_PCD_EP_DB_Transmit
                0x0800493c      0x414 CMakeFiles/foc.elf.dir/Drivers/STM32G4xx_HAL_Driver/Src/stm32g4xx_hal_pcd.c.obj
 .text.PCD_EP_ISR_Handler
                0x08004d50      0x52e CMakeFiles/foc.elf.dir/Drivers/STM32G4xx_HAL_Driver/Src/stm32g4xx_hal_pcd.c.obj
 .text.HAL_PCD_SetAddress
                0x0800527e       0x26 CMakeFiles/foc.elf.dir/Drivers/STM32G4xx_HAL_Driver/Src/stm32g4xx_hal_pcd.c.obj
                0x0800527e                HAL_PCD_SetAddress
 .text.HAL_PCD_IRQHandler
                0x080052a4      0x1b2 CMakeFiles/foc.elf.dir/Drivers/STM32G4xx_HAL_Driver/Src/stm32g4xx_hal_pcd.c.obj
                0x080052a4                HAL_PCD_IRQHandler
 .text.HAL_PCD_EP_Open
                0x08005456       0x84 CMakeFiles/foc.elf.dir/Drivers/STM32G4xx_HAL_Driver/Src/stm32g4xx_hal_pcd.c.obj
                0x08005456                HAL_PCD_EP_Open
 .text.HAL_PCD_EP_Close
                0x080054da       0x6c CMakeFiles/foc.elf.dir/Drivers/STM32G4xx_HAL_Driver/Src/stm32g4xx_hal_pcd.c.obj
                0x080054da                HAL_PCD_EP_Close
 .text.HAL_PCD_EP_Receive
                0x08005546       0x3a CMakeFiles/foc.elf.dir/Drivers/STM32G4xx_HAL_Driver/Src/stm32g4xx_hal_pcd.c.obj
                0x08005546                HAL_PCD_EP_Receive
 .text.HAL_PCD_EP_GetRxCount
                0x08005580       0x12 CMakeFiles/foc.elf.dir/Drivers/STM32G4xx_HAL_Driver/Src/stm32g4xx_hal_pcd.c.obj
                0x08005580                HAL_PCD_EP_GetRxCount
 .text.HAL_PCD_EP_Transmit
                0x08005592       0x4c CMakeFiles/foc.elf.dir/Drivers/STM32G4xx_HAL_Driver/Src/stm32g4xx_hal_pcd.c.obj
                0x08005592                HAL_PCD_EP_Transmit
 .text.HAL_PCD_EP_SetStall
                0x080055de       0x72 CMakeFiles/foc.elf.dir/Drivers/STM32G4xx_HAL_Driver/Src/stm32g4xx_hal_pcd.c.obj
                0x080055de                HAL_PCD_EP_SetStall
 .text.HAL_PCD_EP_ClrStall
                0x08005650       0x7e CMakeFiles/foc.elf.dir/Drivers/STM32G4xx_HAL_Driver/Src/stm32g4xx_hal_pcd.c.obj
                0x08005650                HAL_PCD_EP_ClrStall
 .text.HAL_PCDEx_PMAConfig
                0x080056ce       0x38 CMakeFiles/foc.elf.dir/Drivers/STM32G4xx_HAL_Driver/Src/stm32g4xx_hal_pcd_ex.c.obj
                0x080056ce                HAL_PCDEx_PMAConfig
 .text.HAL_PCDEx_ActivateLPM
                0x08005706       0x2c CMakeFiles/foc.elf.dir/Drivers/STM32G4xx_HAL_Driver/Src/stm32g4xx_hal_pcd_ex.c.obj
                0x08005706                HAL_PCDEx_ActivateLPM
 *fill*         0x08005732        0x2 
 .text.HAL_PWREx_ControlVoltageScaling
                0x08005734      0x10c CMakeFiles/foc.elf.dir/Drivers/STM32G4xx_HAL_Driver/Src/stm32g4xx_hal_pwr_ex.c.obj
                0x08005734                HAL_PWREx_ControlVoltageScaling
 .text.HAL_PWREx_DisableUCPDDeadBattery
                0x08005840       0x10 CMakeFiles/foc.elf.dir/Drivers/STM32G4xx_HAL_Driver/Src/stm32g4xx_hal_pwr_ex.c.obj
                0x08005840                HAL_PWREx_DisableUCPDDeadBattery
 .text.RCC_GetSysClockFreqFromPLLSource
                0x08005850       0x58 CMakeFiles/foc.elf.dir/Drivers/STM32G4xx_HAL_Driver/Src/stm32g4xx_hal_rcc.c.obj
 .text.HAL_RCC_OscConfig
                0x080058a8      0x4e4 CMakeFiles/foc.elf.dir/Drivers/STM32G4xx_HAL_Driver/Src/stm32g4xx_hal_rcc.c.obj
                0x080058a8                HAL_RCC_OscConfig
 .text.HAL_RCC_GetSysClockFreq
                0x08005d8c       0x88 CMakeFiles/foc.elf.dir/Drivers/STM32G4xx_HAL_Driver/Src/stm32g4xx_hal_rcc.c.obj
                0x08005d8c                HAL_RCC_GetSysClockFreq
 .text.HAL_RCC_ClockConfig
                0x08005e14      0x1f8 CMakeFiles/foc.elf.dir/Drivers/STM32G4xx_HAL_Driver/Src/stm32g4xx_hal_rcc.c.obj
                0x08005e14                HAL_RCC_ClockConfig
 .text.HAL_RCC_GetHCLKFreq
                0x0800600c        0xc CMakeFiles/foc.elf.dir/Drivers/STM32G4xx_HAL_Driver/Src/stm32g4xx_hal_rcc.c.obj
                0x0800600c                HAL_RCC_GetHCLKFreq
 .text.HAL_RCC_GetPCLK1Freq
                0x08006018       0x24 CMakeFiles/foc.elf.dir/Drivers/STM32G4xx_HAL_Driver/Src/stm32g4xx_hal_rcc.c.obj
                0x08006018                HAL_RCC_GetPCLK1Freq
 .text.HAL_RCC_GetPCLK2Freq
                0x0800603c       0x24 CMakeFiles/foc.elf.dir/Drivers/STM32G4xx_HAL_Driver/Src/stm32g4xx_hal_rcc.c.obj
                0x0800603c                HAL_RCC_GetPCLK2Freq
 .text.HAL_RCC_GetClockConfig
                0x08006060       0x3c CMakeFiles/foc.elf.dir/Drivers/STM32G4xx_HAL_Driver/Src/stm32g4xx_hal_rcc.c.obj
                0x08006060                HAL_RCC_GetClockConfig
 .text.HAL_RCC_EnableCSS
                0x0800609c       0x10 CMakeFiles/foc.elf.dir/Drivers/STM32G4xx_HAL_Driver/Src/stm32g4xx_hal_rcc.c.obj
                0x0800609c                HAL_RCC_EnableCSS
 .text.HAL_RCC_CSSCallback
                0x080060ac        0x2 CMakeFiles/foc.elf.dir/Drivers/STM32G4xx_HAL_Driver/Src/stm32g4xx_hal_rcc.c.obj
                0x080060ac                HAL_RCC_CSSCallback
 *fill*         0x080060ae        0x2 
 .text.HAL_RCC_NMI_IRQHandler
                0x080060b0       0x20 CMakeFiles/foc.elf.dir/Drivers/STM32G4xx_HAL_Driver/Src/stm32g4xx_hal_rcc.c.obj
                0x080060b0                HAL_RCC_NMI_IRQHandler
 .text.HAL_RCCEx_PeriphCLKConfig
                0x080060d0      0x378 CMakeFiles/foc.elf.dir/Drivers/STM32G4xx_HAL_Driver/Src/stm32g4xx_hal_rcc_ex.c.obj
                0x080060d0                HAL_RCCEx_PeriphCLKConfig
 .text.SPI_WaitFlagStateUntilTimeout
                0x08006448       0xd4 CMakeFiles/foc.elf.dir/Drivers/STM32G4xx_HAL_Driver/Src/stm32g4xx_hal_spi.c.obj
 .text.SPI_WaitFifoStateUntilTimeout
                0x0800651c       0xf4 CMakeFiles/foc.elf.dir/Drivers/STM32G4xx_HAL_Driver/Src/stm32g4xx_hal_spi.c.obj
 .text.SPI_EndRxTxTransaction
                0x08006610       0x62 CMakeFiles/foc.elf.dir/Drivers/STM32G4xx_HAL_Driver/Src/stm32g4xx_hal_spi.c.obj
 .text.HAL_SPI_Init
                0x08006672       0xe8 CMakeFiles/foc.elf.dir/Drivers/STM32G4xx_HAL_Driver/Src/stm32g4xx_hal_spi.c.obj
                0x08006672                HAL_SPI_Init
 .text.HAL_SPI_TransmitReceive
                0x0800675a      0x2ec CMakeFiles/foc.elf.dir/Drivers/STM32G4xx_HAL_Driver/Src/stm32g4xx_hal_spi.c.obj
                0x0800675a                HAL_SPI_TransmitReceive
 *fill*         0x08006a46        0x2 
 .text.TIM_OC1_SetConfig
                0x08006a48       0xb0 CMakeFiles/foc.elf.dir/Drivers/STM32G4xx_HAL_Driver/Src/stm32g4xx_hal_tim.c.obj
 .text.TIM_OC3_SetConfig
                0x08006af8       0x9c CMakeFiles/foc.elf.dir/Drivers/STM32G4xx_HAL_Driver/Src/stm32g4xx_hal_tim.c.obj
 .text.TIM_OC4_SetConfig
                0x08006b94       0x9c CMakeFiles/foc.elf.dir/Drivers/STM32G4xx_HAL_Driver/Src/stm32g4xx_hal_tim.c.obj
 .text.TIM_OC5_SetConfig
                0x08006c30       0x70 CMakeFiles/foc.elf.dir/Drivers/STM32G4xx_HAL_Driver/Src/stm32g4xx_hal_tim.c.obj
 .text.TIM_OC6_SetConfig
                0x08006ca0       0x74 CMakeFiles/foc.elf.dir/Drivers/STM32G4xx_HAL_Driver/Src/stm32g4xx_hal_tim.c.obj
 .text.TIM_TI1_ConfigInputStage
                0x08006d14       0x26 CMakeFiles/foc.elf.dir/Drivers/STM32G4xx_HAL_Driver/Src/stm32g4xx_hal_tim.c.obj
 .text.TIM_TI2_ConfigInputStage
                0x08006d3a       0x28 CMakeFiles/foc.elf.dir/Drivers/STM32G4xx_HAL_Driver/Src/stm32g4xx_hal_tim.c.obj
 .text.TIM_ITRx_SetConfig
                0x08006d62       0x14 CMakeFiles/foc.elf.dir/Drivers/STM32G4xx_HAL_Driver/Src/stm32g4xx_hal_tim.c.obj
 *fill*         0x08006d76        0x2 
 .text.HAL_TIM_Base_Start_IT
                0x08006d78       0x94 CMakeFiles/foc.elf.dir/Drivers/STM32G4xx_HAL_Driver/Src/stm32g4xx_hal_tim.c.obj
                0x08006d78                HAL_TIM_Base_Start_IT
 .text.HAL_TIM_PWM_MspInit
                0x08006e0c        0x2 CMakeFiles/foc.elf.dir/Drivers/STM32G4xx_HAL_Driver/Src/stm32g4xx_hal_tim.c.obj
                0x08006e0c                HAL_TIM_PWM_MspInit
 .text.HAL_TIM_OC_DelayElapsedCallback
                0x08006e0e        0x2 CMakeFiles/foc.elf.dir/Drivers/STM32G4xx_HAL_Driver/Src/stm32g4xx_hal_tim.c.obj
                0x08006e0e                HAL_TIM_OC_DelayElapsedCallback
 .text.HAL_TIM_IC_CaptureCallback
                0x08006e10        0x2 CMakeFiles/foc.elf.dir/Drivers/STM32G4xx_HAL_Driver/Src/stm32g4xx_hal_tim.c.obj
                0x08006e10                HAL_TIM_IC_CaptureCallback
 .text.HAL_TIM_PWM_PulseFinishedCallback
                0x08006e12        0x2 CMakeFiles/foc.elf.dir/Drivers/STM32G4xx_HAL_Driver/Src/stm32g4xx_hal_tim.c.obj
                0x08006e12                HAL_TIM_PWM_PulseFinishedCallback
 .text.HAL_TIM_TriggerCallback
                0x08006e14        0x2 CMakeFiles/foc.elf.dir/Drivers/STM32G4xx_HAL_Driver/Src/stm32g4xx_hal_tim.c.obj
                0x08006e14                HAL_TIM_TriggerCallback
 .text.HAL_TIM_IRQHandler
                0x08006e16      0x1ea CMakeFiles/foc.elf.dir/Drivers/STM32G4xx_HAL_Driver/Src/stm32g4xx_hal_tim.c.obj
                0x08006e16                HAL_TIM_IRQHandler
 .text.TIM_Base_SetConfig
                0x08007000       0xf0 CMakeFiles/foc.elf.dir/Drivers/STM32G4xx_HAL_Driver/Src/stm32g4xx_hal_tim.c.obj
                0x08007000                TIM_Base_SetConfig
 .text.HAL_TIM_Base_Init
                0x080070f0       0x60 CMakeFiles/foc.elf.dir/Drivers/STM32G4xx_HAL_Driver/Src/stm32g4xx_hal_tim.c.obj
                0x080070f0                HAL_TIM_Base_Init
 .text.HAL_TIM_PWM_Init
                0x08007150       0x60 CMakeFiles/foc.elf.dir/Drivers/STM32G4xx_HAL_Driver/Src/stm32g4xx_hal_tim.c.obj
                0x08007150                HAL_TIM_PWM_Init
 .text.TIM_OC2_SetConfig
                0x080071b0       0x9c CMakeFiles/foc.elf.dir/Drivers/STM32G4xx_HAL_Driver/Src/stm32g4xx_hal_tim.c.obj
                0x080071b0                TIM_OC2_SetConfig
 .text.HAL_TIM_PWM_ConfigChannel
                0x0800724c      0x13a CMakeFiles/foc.elf.dir/Drivers/STM32G4xx_HAL_Driver/Src/stm32g4xx_hal_tim.c.obj
                0x0800724c                HAL_TIM_PWM_ConfigChannel
 .text.TIM_ETR_SetConfig
                0x08007386       0x1a CMakeFiles/foc.elf.dir/Drivers/STM32G4xx_HAL_Driver/Src/stm32g4xx_hal_tim.c.obj
                0x08007386                TIM_ETR_SetConfig
 .text.HAL_TIM_ConfigClockSource
                0x080073a0      0x154 CMakeFiles/foc.elf.dir/Drivers/STM32G4xx_HAL_Driver/Src/stm32g4xx_hal_tim.c.obj
                0x080073a0                HAL_TIM_ConfigClockSource
 .text.TIM_CCxChannelCmd
                0x080074f4       0x1e CMakeFiles/foc.elf.dir/Drivers/STM32G4xx_HAL_Driver/Src/stm32g4xx_hal_tim.c.obj
                0x080074f4                TIM_CCxChannelCmd
 *fill*         0x08007512        0x2 
 .text.HAL_TIM_PWM_Start
                0x08007514      0x170 CMakeFiles/foc.elf.dir/Drivers/STM32G4xx_HAL_Driver/Src/stm32g4xx_hal_tim.c.obj
                0x08007514                HAL_TIM_PWM_Start
 .text.HAL_TIM_PWM_Stop
                0x08007684       0xc0 CMakeFiles/foc.elf.dir/Drivers/STM32G4xx_HAL_Driver/Src/stm32g4xx_hal_tim.c.obj
                0x08007684                HAL_TIM_PWM_Stop
 .text.TIM_CCxNChannelCmd
                0x08007744       0x1e CMakeFiles/foc.elf.dir/Drivers/STM32G4xx_HAL_Driver/Src/stm32g4xx_hal_tim_ex.c.obj
 *fill*         0x08007762        0x2 
 .text.HAL_TIMEx_PWMN_Start
                0x08007764      0x104 CMakeFiles/foc.elf.dir/Drivers/STM32G4xx_HAL_Driver/Src/stm32g4xx_hal_tim_ex.c.obj
                0x08007764                HAL_TIMEx_PWMN_Start
 .text.HAL_TIMEx_PWMN_Stop
                0x08007868       0x76 CMakeFiles/foc.elf.dir/Drivers/STM32G4xx_HAL_Driver/Src/stm32g4xx_hal_tim_ex.c.obj
                0x08007868                HAL_TIMEx_PWMN_Stop
 *fill*         0x080078de        0x2 
 .text.HAL_TIMEx_MasterConfigSynchronization
                0x080078e0       0xac CMakeFiles/foc.elf.dir/Drivers/STM32G4xx_HAL_Driver/Src/stm32g4xx_hal_tim_ex.c.obj
                0x080078e0                HAL_TIMEx_MasterConfigSynchronization
 .text.HAL_TIMEx_ConfigBreakDeadTime
                0x0800798c       0xa8 CMakeFiles/foc.elf.dir/Drivers/STM32G4xx_HAL_Driver/Src/stm32g4xx_hal_tim_ex.c.obj
                0x0800798c                HAL_TIMEx_ConfigBreakDeadTime
 .text.HAL_TIMEx_CommutCallback
                0x08007a34        0x2 CMakeFiles/foc.elf.dir/Drivers/STM32G4xx_HAL_Driver/Src/stm32g4xx_hal_tim_ex.c.obj
                0x08007a34                HAL_TIMEx_CommutCallback
 .text.HAL_TIMEx_BreakCallback
                0x08007a36        0x2 CMakeFiles/foc.elf.dir/Drivers/STM32G4xx_HAL_Driver/Src/stm32g4xx_hal_tim_ex.c.obj
                0x08007a36                HAL_TIMEx_BreakCallback
 .text.HAL_TIMEx_Break2Callback
                0x08007a38        0x2 CMakeFiles/foc.elf.dir/Drivers/STM32G4xx_HAL_Driver/Src/stm32g4xx_hal_tim_ex.c.obj
                0x08007a38                HAL_TIMEx_Break2Callback
 .text.HAL_TIMEx_EncoderIndexCallback
                0x08007a3a        0x2 CMakeFiles/foc.elf.dir/Drivers/STM32G4xx_HAL_Driver/Src/stm32g4xx_hal_tim_ex.c.obj
                0x08007a3a                HAL_TIMEx_EncoderIndexCallback
 .text.HAL_TIMEx_DirectionChangeCallback
                0x08007a3c        0x2 CMakeFiles/foc.elf.dir/Drivers/STM32G4xx_HAL_Driver/Src/stm32g4xx_hal_tim_ex.c.obj
                0x08007a3c                HAL_TIMEx_DirectionChangeCallback
 .text.HAL_TIMEx_IndexErrorCallback
                0x08007a3e        0x2 CMakeFiles/foc.elf.dir/Drivers/STM32G4xx_HAL_Driver/Src/stm32g4xx_hal_tim_ex.c.obj
                0x08007a3e                HAL_TIMEx_IndexErrorCallback
 .text.HAL_TIMEx_TransitionErrorCallback
                0x08007a40        0x2 CMakeFiles/foc.elf.dir/Drivers/STM32G4xx_HAL_Driver/Src/stm32g4xx_hal_tim_ex.c.obj
                0x08007a40                HAL_TIMEx_TransitionErrorCallback
 .text.UART_EndTxTransfer
                0x08007a42       0x32 CMakeFiles/foc.elf.dir/Drivers/STM32G4xx_HAL_Driver/Src/stm32g4xx_hal_uart.c.obj
 .text.UART_EndRxTransfer
                0x08007a74       0x56 CMakeFiles/foc.elf.dir/Drivers/STM32G4xx_HAL_Driver/Src/stm32g4xx_hal_uart.c.obj
 *fill*         0x08007aca        0x2 
 .text.HAL_UART_Transmit_DMA
                0x08007acc       0xa0 CMakeFiles/foc.elf.dir/Drivers/STM32G4xx_HAL_Driver/Src/stm32g4xx_hal_uart.c.obj
                0x08007acc                HAL_UART_Transmit_DMA
 .text.HAL_UART_TxCpltCallback
                0x08007b6c        0x2 CMakeFiles/foc.elf.dir/Drivers/STM32G4xx_HAL_Driver/Src/stm32g4xx_hal_uart.c.obj
                0x08007b6c                HAL_UART_TxCpltCallback
 .text.UART_DMATransmitCplt
                0x08007b6e       0x48 CMakeFiles/foc.elf.dir/Drivers/STM32G4xx_HAL_Driver/Src/stm32g4xx_hal_uart.c.obj
 .text.UART_EndTransmit_IT
                0x08007bb6       0x24 CMakeFiles/foc.elf.dir/Drivers/STM32G4xx_HAL_Driver/Src/stm32g4xx_hal_uart.c.obj
 .text.HAL_UART_TxHalfCpltCallback
                0x08007bda        0x2 CMakeFiles/foc.elf.dir/Drivers/STM32G4xx_HAL_Driver/Src/stm32g4xx_hal_uart.c.obj
                0x08007bda                HAL_UART_TxHalfCpltCallback
 .text.UART_DMATxHalfCplt
                0x08007bdc        0xa CMakeFiles/foc.elf.dir/Drivers/STM32G4xx_HAL_Driver/Src/stm32g4xx_hal_uart.c.obj
 .text.HAL_UART_RxCpltCallback
                0x08007be6        0x2 CMakeFiles/foc.elf.dir/Drivers/STM32G4xx_HAL_Driver/Src/stm32g4xx_hal_uart.c.obj
                0x08007be6                HAL_UART_RxCpltCallback
 .text.HAL_UART_RxHalfCpltCallback
                0x08007be8        0x2 CMakeFiles/foc.elf.dir/Drivers/STM32G4xx_HAL_Driver/Src/stm32g4xx_hal_uart.c.obj
                0x08007be8                HAL_UART_RxHalfCpltCallback
 .text.HAL_UART_ErrorCallback
                0x08007bea        0x2 CMakeFiles/foc.elf.dir/Drivers/STM32G4xx_HAL_Driver/Src/stm32g4xx_hal_uart.c.obj
                0x08007bea                HAL_UART_ErrorCallback
 .text.UART_DMAError
                0x08007bec       0x58 CMakeFiles/foc.elf.dir/Drivers/STM32G4xx_HAL_Driver/Src/stm32g4xx_hal_uart.c.obj
 .text.UART_DMAAbortOnError
                0x08007c44       0x14 CMakeFiles/foc.elf.dir/Drivers/STM32G4xx_HAL_Driver/Src/stm32g4xx_hal_uart.c.obj
 .text.HAL_UART_IRQHandler
                0x08007c58      0x348 CMakeFiles/foc.elf.dir/Drivers/STM32G4xx_HAL_Driver/Src/stm32g4xx_hal_uart.c.obj
                0x08007c58                HAL_UART_IRQHandler
 .text.UART_DMARxHalfCplt
                0x08007fa0       0x20 CMakeFiles/foc.elf.dir/Drivers/STM32G4xx_HAL_Driver/Src/stm32g4xx_hal_uart.c.obj
 .text.UART_DMAReceiveCplt
                0x08007fc0       0x92 CMakeFiles/foc.elf.dir/Drivers/STM32G4xx_HAL_Driver/Src/stm32g4xx_hal_uart.c.obj
 *fill*         0x08008052        0x2 
 .text.UART_SetConfig
                0x08008054      0x388 CMakeFiles/foc.elf.dir/Drivers/STM32G4xx_HAL_Driver/Src/stm32g4xx_hal_uart.c.obj
                0x08008054                UART_SetConfig
 .text.UART_AdvFeatureConfig
                0x080083dc       0xca CMakeFiles/foc.elf.dir/Drivers/STM32G4xx_HAL_Driver/Src/stm32g4xx_hal_uart.c.obj
                0x080083dc                UART_AdvFeatureConfig
 .text.UART_WaitOnFlagUntilTimeout
                0x080084a6       0xa2 CMakeFiles/foc.elf.dir/Drivers/STM32G4xx_HAL_Driver/Src/stm32g4xx_hal_uart.c.obj
                0x080084a6                UART_WaitOnFlagUntilTimeout
 .text.HAL_UART_Transmit
                0x08008548       0xd2 CMakeFiles/foc.elf.dir/Drivers/STM32G4xx_HAL_Driver/Src/stm32g4xx_hal_uart.c.obj
                0x08008548                HAL_UART_Transmit
 .text.UART_CheckIdleState
                0x0800861a       0xca CMakeFiles/foc.elf.dir/Drivers/STM32G4xx_HAL_Driver/Src/stm32g4xx_hal_uart.c.obj
                0x0800861a                UART_CheckIdleState
 .text.HAL_UART_Init
                0x080086e4       0x66 CMakeFiles/foc.elf.dir/Drivers/STM32G4xx_HAL_Driver/Src/stm32g4xx_hal_uart.c.obj
                0x080086e4                HAL_UART_Init
 *fill*         0x0800874a        0x2 
 .text.UART_Start_Receive_DMA
                0x0800874c       0xb0 CMakeFiles/foc.elf.dir/Drivers/STM32G4xx_HAL_Driver/Src/stm32g4xx_hal_uart.c.obj
                0x0800874c                UART_Start_Receive_DMA
 .text.UARTEx_SetNbDataToProcess
                0x080087fc       0x4c CMakeFiles/foc.elf.dir/Drivers/STM32G4xx_HAL_Driver/Src/stm32g4xx_hal_uart_ex.c.obj
 .text.HAL_UARTEx_WakeupCallback
                0x08008848        0x2 CMakeFiles/foc.elf.dir/Drivers/STM32G4xx_HAL_Driver/Src/stm32g4xx_hal_uart_ex.c.obj
                0x08008848                HAL_UARTEx_WakeupCallback
 .text.HAL_UARTEx_RxFifoFullCallback
                0x0800884a        0x2 CMakeFiles/foc.elf.dir/Drivers/STM32G4xx_HAL_Driver/Src/stm32g4xx_hal_uart_ex.c.obj
                0x0800884a                HAL_UARTEx_RxFifoFullCallback
 .text.HAL_UARTEx_TxFifoEmptyCallback
                0x0800884c        0x2 CMakeFiles/foc.elf.dir/Drivers/STM32G4xx_HAL_Driver/Src/stm32g4xx_hal_uart_ex.c.obj
                0x0800884c                HAL_UARTEx_TxFifoEmptyCallback
 .text.HAL_UARTEx_DisableFifoMode
                0x0800884e       0x3e CMakeFiles/foc.elf.dir/Drivers/STM32G4xx_HAL_Driver/Src/stm32g4xx_hal_uart_ex.c.obj
                0x0800884e                HAL_UARTEx_DisableFifoMode
 .text.HAL_UARTEx_SetTxFifoThreshold
                0x0800888c       0x4a CMakeFiles/foc.elf.dir/Drivers/STM32G4xx_HAL_Driver/Src/stm32g4xx_hal_uart_ex.c.obj
                0x0800888c                HAL_UARTEx_SetTxFifoThreshold
 .text.HAL_UARTEx_SetRxFifoThreshold
                0x080088d6       0x4a CMakeFiles/foc.elf.dir/Drivers/STM32G4xx_HAL_Driver/Src/stm32g4xx_hal_uart_ex.c.obj
                0x080088d6                HAL_UARTEx_SetRxFifoThreshold
 .text.HAL_UARTEx_ReceiveToIdle_DMA
                0x08008920       0x50 CMakeFiles/foc.elf.dir/Drivers/STM32G4xx_HAL_Driver/Src/stm32g4xx_hal_uart_ex.c.obj
                0x08008920                HAL_UARTEx_ReceiveToIdle_DMA
 .text.USB_EnableGlobalInt
                0x08008970       0x12 CMakeFiles/foc.elf.dir/Drivers/STM32G4xx_HAL_Driver/Src/stm32g4xx_ll_usb.c.obj
                0x08008970                USB_EnableGlobalInt
 .text.USB_DisableGlobalInt
                0x08008982       0x14 CMakeFiles/foc.elf.dir/Drivers/STM32G4xx_HAL_Driver/Src/stm32g4xx_ll_usb.c.obj
                0x08008982                USB_DisableGlobalInt
 .text.USB_DevInit
                0x08008996       0x22 CMakeFiles/foc.elf.dir/Drivers/STM32G4xx_HAL_Driver/Src/stm32g4xx_ll_usb.c.obj
                0x08008996                USB_DevInit
 .text.USB_ActivateEndpoint
                0x080089b8      0x3ce CMakeFiles/foc.elf.dir/Drivers/STM32G4xx_HAL_Driver/Src/stm32g4xx_ll_usb.c.obj
                0x080089b8                USB_ActivateEndpoint
 .text.USB_DeactivateEndpoint
                0x08008d86      0x1d6 CMakeFiles/foc.elf.dir/Drivers/STM32G4xx_HAL_Driver/Src/stm32g4xx_ll_usb.c.obj
                0x08008d86                USB_DeactivateEndpoint
 .text.USB_EPSetStall
                0x08008f5c       0x4a CMakeFiles/foc.elf.dir/Drivers/STM32G4xx_HAL_Driver/Src/stm32g4xx_ll_usb.c.obj
                0x08008f5c                USB_EPSetStall
 .text.USB_EPClearStall
                0x08008fa6       0xa2 CMakeFiles/foc.elf.dir/Drivers/STM32G4xx_HAL_Driver/Src/stm32g4xx_ll_usb.c.obj
                0x08008fa6                USB_EPClearStall
 .text.USB_SetDevAddress
                0x08009048        0xc CMakeFiles/foc.elf.dir/Drivers/STM32G4xx_HAL_Driver/Src/stm32g4xx_ll_usb.c.obj
                0x08009048                USB_SetDevAddress
 .text.USB_DevConnect
                0x08009054       0x16 CMakeFiles/foc.elf.dir/Drivers/STM32G4xx_HAL_Driver/Src/stm32g4xx_ll_usb.c.obj
                0x08009054                USB_DevConnect
 .text.USB_ReadInterrupts
                0x0800906a        0x8 CMakeFiles/foc.elf.dir/Drivers/STM32G4xx_HAL_Driver/Src/stm32g4xx_ll_usb.c.obj
                0x0800906a                USB_ReadInterrupts
 .text.USB_WritePMA
                0x08009072       0x28 CMakeFiles/foc.elf.dir/Drivers/STM32G4xx_HAL_Driver/Src/stm32g4xx_ll_usb.c.obj
                0x08009072                USB_WritePMA
 .text.USB_EPStartXfer
                0x0800909a      0x7ce CMakeFiles/foc.elf.dir/Drivers/STM32G4xx_HAL_Driver/Src/stm32g4xx_ll_usb.c.obj
                0x0800909a                USB_EPStartXfer
 .text.USB_ReadPMA
                0x08009868       0x30 CMakeFiles/foc.elf.dir/Drivers/STM32G4xx_HAL_Driver/Src/stm32g4xx_ll_usb.c.obj
                0x08009868                USB_ReadPMA
 .text.USBD_CDC_EP0_RxReady
                0x08009898       0x36 CMakeFiles/foc.elf.dir/Middlewares/ST/STM32_USB_Device_Library/Class/CDC/Src/usbd_cdc.c.obj
 *fill*         0x080098ce        0x2 
 .text.USBD_CDC_GetFSCfgDesc
                0x080098d0        0xc CMakeFiles/foc.elf.dir/Middlewares/ST/STM32_USB_Device_Library/Class/CDC/Src/usbd_cdc.c.obj
 .text.USBD_CDC_GetHSCfgDesc
                0x080098dc        0xc CMakeFiles/foc.elf.dir/Middlewares/ST/STM32_USB_Device_Library/Class/CDC/Src/usbd_cdc.c.obj
 .text.USBD_CDC_GetOtherSpeedCfgDesc
                0x080098e8        0xc CMakeFiles/foc.elf.dir/Middlewares/ST/STM32_USB_Device_Library/Class/CDC/Src/usbd_cdc.c.obj
 .text.USBD_CDC_GetDeviceQualifierDescriptor
                0x080098f4        0xc CMakeFiles/foc.elf.dir/Middlewares/ST/STM32_USB_Device_Library/Class/CDC/Src/usbd_cdc.c.obj
                0x080098f4                USBD_CDC_GetDeviceQualifierDescriptor
 .text.USBD_CDC_DataOut
                0x08009900       0x2a CMakeFiles/foc.elf.dir/Middlewares/ST/STM32_USB_Device_Library/Class/CDC/Src/usbd_cdc.c.obj
 .text.USBD_CDC_DataIn
                0x0800992a       0x6a CMakeFiles/foc.elf.dir/Middlewares/ST/STM32_USB_Device_Library/Class/CDC/Src/usbd_cdc.c.obj
 .text.USBD_CDC_Setup
                0x08009994       0xf4 CMakeFiles/foc.elf.dir/Middlewares/ST/STM32_USB_Device_Library/Class/CDC/Src/usbd_cdc.c.obj
 .text.USBD_CDC_DeInit
                0x08009a88       0x48 CMakeFiles/foc.elf.dir/Middlewares/ST/STM32_USB_Device_Library/Class/CDC/Src/usbd_cdc.c.obj
 .text.USBD_CDC_Init
                0x08009ad0       0xc2 CMakeFiles/foc.elf.dir/Middlewares/ST/STM32_USB_Device_Library/Class/CDC/Src/usbd_cdc.c.obj
 .text.USBD_CDC_RegisterInterface
                0x08009b92        0xe CMakeFiles/foc.elf.dir/Middlewares/ST/STM32_USB_Device_Library/Class/CDC/Src/usbd_cdc.c.obj
                0x08009b92                USBD_CDC_RegisterInterface
 .text.USBD_CDC_SetTxBuffer
                0x08009ba0       0x16 CMakeFiles/foc.elf.dir/Middlewares/ST/STM32_USB_Device_Library/Class/CDC/Src/usbd_cdc.c.obj
                0x08009ba0                USBD_CDC_SetTxBuffer
 .text.USBD_CDC_SetRxBuffer
                0x08009bb6       0x12 CMakeFiles/foc.elf.dir/Middlewares/ST/STM32_USB_Device_Library/Class/CDC/Src/usbd_cdc.c.obj
                0x08009bb6                USBD_CDC_SetRxBuffer
 .text.USBD_CDC_ReceivePacket
                0x08009bc8       0x32 CMakeFiles/foc.elf.dir/Middlewares/ST/STM32_USB_Device_Library/Class/CDC/Src/usbd_cdc.c.obj
                0x08009bc8                USBD_CDC_ReceivePacket
 .text.USBD_Init
                0x08009bfa       0x2e CMakeFiles/foc.elf.dir/Middlewares/ST/STM32_USB_Device_Library/Core/Src/usbd_core.c.obj
                0x08009bfa                USBD_Init
 .text.USBD_RegisterClass
                0x08009c28       0x2e CMakeFiles/foc.elf.dir/Middlewares/ST/STM32_USB_Device_Library/Core/Src/usbd_core.c.obj
                0x08009c28                USBD_RegisterClass
 .text.USBD_Start
                0x08009c56        0x8 CMakeFiles/foc.elf.dir/Middlewares/ST/STM32_USB_Device_Library/Core/Src/usbd_core.c.obj
                0x08009c56                USBD_Start
 .text.USBD_SetClassConfig
                0x08009c5e       0x12 CMakeFiles/foc.elf.dir/Middlewares/ST/STM32_USB_Device_Library/Core/Src/usbd_core.c.obj
                0x08009c5e                USBD_SetClassConfig
 .text.USBD_ClrClassConfig
                0x08009c70       0x10 CMakeFiles/foc.elf.dir/Middlewares/ST/STM32_USB_Device_Library/Core/Src/usbd_core.c.obj
                0x08009c70                USBD_ClrClassConfig
 .text.USBD_LL_SetupStage
                0x08009c80       0x58 CMakeFiles/foc.elf.dir/Middlewares/ST/STM32_USB_Device_Library/Core/Src/usbd_core.c.obj
                0x08009c80                USBD_LL_SetupStage
 .text.USBD_LL_DataOutStage
                0x08009cd8       0x78 CMakeFiles/foc.elf.dir/Middlewares/ST/STM32_USB_Device_Library/Core/Src/usbd_core.c.obj
                0x08009cd8                USBD_LL_DataOutStage
 .text.USBD_LL_DataInStage
                0x08009d50       0xbe CMakeFiles/foc.elf.dir/Middlewares/ST/STM32_USB_Device_Library/Core/Src/usbd_core.c.obj
                0x08009d50                USBD_LL_DataInStage
 .text.USBD_LL_Reset
                0x08009e0e       0x5a CMakeFiles/foc.elf.dir/Middlewares/ST/STM32_USB_Device_Library/Core/Src/usbd_core.c.obj
                0x08009e0e                USBD_LL_Reset
 .text.USBD_LL_SetSpeed
                0x08009e68        0x6 CMakeFiles/foc.elf.dir/Middlewares/ST/STM32_USB_Device_Library/Core/Src/usbd_core.c.obj
                0x08009e68                USBD_LL_SetSpeed
 .text.USBD_LL_Suspend
                0x08009e6e       0x14 CMakeFiles/foc.elf.dir/Middlewares/ST/STM32_USB_Device_Library/Core/Src/usbd_core.c.obj
                0x08009e6e                USBD_LL_Suspend
 .text.USBD_LL_Resume
                0x08009e82       0x1a CMakeFiles/foc.elf.dir/Middlewares/ST/STM32_USB_Device_Library/Core/Src/usbd_core.c.obj
                0x08009e82                USBD_LL_Resume
 .text.USBD_LL_SOF
                0x08009e9c       0x28 CMakeFiles/foc.elf.dir/Middlewares/ST/STM32_USB_Device_Library/Core/Src/usbd_core.c.obj
                0x08009e9c                USBD_LL_SOF
 .text.USBD_GetLen
                0x08009ec4       0x14 CMakeFiles/foc.elf.dir/Middlewares/ST/STM32_USB_Device_Library/Core/Src/usbd_ctlreq.c.obj
 .text.USBD_SetFeature
                0x08009ed8       0x14 CMakeFiles/foc.elf.dir/Middlewares/ST/STM32_USB_Device_Library/Core/Src/usbd_ctlreq.c.obj
 .text.USBD_ParseSetupRequest
                0x08009eec       0x28 CMakeFiles/foc.elf.dir/Middlewares/ST/STM32_USB_Device_Library/Core/Src/usbd_ctlreq.c.obj
                0x08009eec                USBD_ParseSetupRequest
 .text.USBD_CtlError
                0x08009f14       0x14 CMakeFiles/foc.elf.dir/Middlewares/ST/STM32_USB_Device_Library/Core/Src/usbd_ctlreq.c.obj
                0x08009f14                USBD_CtlError
 .text.USBD_GetDescriptor
                0x08009f28      0x1ac CMakeFiles/foc.elf.dir/Middlewares/ST/STM32_USB_Device_Library/Core/Src/usbd_ctlreq.c.obj
 .text.USBD_SetAddress
                0x0800a0d4       0x50 CMakeFiles/foc.elf.dir/Middlewares/ST/STM32_USB_Device_Library/Core/Src/usbd_ctlreq.c.obj
 .text.USBD_SetConfig
                0x0800a124       0xc8 CMakeFiles/foc.elf.dir/Middlewares/ST/STM32_USB_Device_Library/Core/Src/usbd_ctlreq.c.obj
 .text.USBD_GetConfig
                0x0800a1ec       0x40 CMakeFiles/foc.elf.dir/Middlewares/ST/STM32_USB_Device_Library/Core/Src/usbd_ctlreq.c.obj
 .text.USBD_GetStatus
                0x0800a22c       0x38 CMakeFiles/foc.elf.dir/Middlewares/ST/STM32_USB_Device_Library/Core/Src/usbd_ctlreq.c.obj
 .text.USBD_ClrFeature
                0x0800a264       0x26 CMakeFiles/foc.elf.dir/Middlewares/ST/STM32_USB_Device_Library/Core/Src/usbd_ctlreq.c.obj
 .text.USBD_StdDevReq
                0x0800a28a       0x70 CMakeFiles/foc.elf.dir/Middlewares/ST/STM32_USB_Device_Library/Core/Src/usbd_ctlreq.c.obj
                0x0800a28a                USBD_StdDevReq
 .text.USBD_StdItfReq
                0x0800a2fa       0x68 CMakeFiles/foc.elf.dir/Middlewares/ST/STM32_USB_Device_Library/Core/Src/usbd_ctlreq.c.obj
                0x0800a2fa                USBD_StdItfReq
 .text.USBD_StdEPReq
                0x0800a362      0x1ec CMakeFiles/foc.elf.dir/Middlewares/ST/STM32_USB_Device_Library/Core/Src/usbd_ctlreq.c.obj
                0x0800a362                USBD_StdEPReq
 .text.USBD_GetString
                0x0800a54e       0x3a CMakeFiles/foc.elf.dir/Middlewares/ST/STM32_USB_Device_Library/Core/Src/usbd_ctlreq.c.obj
                0x0800a54e                USBD_GetString
 .text.USBD_CtlSendData
                0x0800a588       0x1a CMakeFiles/foc.elf.dir/Middlewares/ST/STM32_USB_Device_Library/Core/Src/usbd_ioreq.c.obj
                0x0800a588                USBD_CtlSendData
 .text.USBD_CtlContinueSendData
                0x0800a5a2       0x10 CMakeFiles/foc.elf.dir/Middlewares/ST/STM32_USB_Device_Library/Core/Src/usbd_ioreq.c.obj
                0x0800a5a2                USBD_CtlContinueSendData
 .text.USBD_CtlPrepareRx
                0x0800a5b2       0x1e CMakeFiles/foc.elf.dir/Middlewares/ST/STM32_USB_Device_Library/Core/Src/usbd_ioreq.c.obj
                0x0800a5b2                USBD_CtlPrepareRx
 .text.USBD_CtlContinueRx
                0x0800a5d0       0x10 CMakeFiles/foc.elf.dir/Middlewares/ST/STM32_USB_Device_Library/Core/Src/usbd_ioreq.c.obj
                0x0800a5d0                USBD_CtlContinueRx
 .text.USBD_CtlSendStatus
                0x0800a5e0       0x16 CMakeFiles/foc.elf.dir/Middlewares/ST/STM32_USB_Device_Library/Core/Src/usbd_ioreq.c.obj
                0x0800a5e0                USBD_CtlSendStatus
 .text.USBD_CtlReceiveStatus
                0x0800a5f6       0x16 CMakeFiles/foc.elf.dir/Middlewares/ST/STM32_USB_Device_Library/Core/Src/usbd_ioreq.c.obj
                0x0800a5f6                USBD_CtlReceiveStatus
 .text.SysTick_Handler
                0x0800a60c       0x18 CMakeFiles/foc.elf.dir/Middlewares/Third_Party/FreeRTOS/Source/CMSIS_RTOS_V2/cmsis_os2.c.obj
                0x0800a60c                SysTick_Handler
 .text.osKernelInitialize
                0x0800a624       0x24 CMakeFiles/foc.elf.dir/Middlewares/Third_Party/FreeRTOS/Source/CMSIS_RTOS_V2/cmsis_os2.c.obj
                0x0800a624                osKernelInitialize
 .text.osKernelStart
                0x0800a648       0x38 CMakeFiles/foc.elf.dir/Middlewares/Third_Party/FreeRTOS/Source/CMSIS_RTOS_V2/cmsis_os2.c.obj
                0x0800a648                osKernelStart
 .text.osThreadNew
                0x0800a680       0xbe CMakeFiles/foc.elf.dir/Middlewares/Third_Party/FreeRTOS/Source/CMSIS_RTOS_V2/cmsis_os2.c.obj
                0x0800a680                osThreadNew
 .text.osDelay  0x0800a73e       0x1c CMakeFiles/foc.elf.dir/Middlewares/Third_Party/FreeRTOS/Source/CMSIS_RTOS_V2/cmsis_os2.c.obj
                0x0800a73e                osDelay
 *fill*         0x0800a75a        0x2 
 .text.vApplicationGetIdleTaskMemory
                0x0800a75c       0x18 CMakeFiles/foc.elf.dir/Middlewares/Third_Party/FreeRTOS/Source/CMSIS_RTOS_V2/cmsis_os2.c.obj
                0x0800a75c                vApplicationGetIdleTaskMemory
 .text.vApplicationGetTimerTaskMemory
                0x0800a774       0x18 CMakeFiles/foc.elf.dir/Middlewares/Third_Party/FreeRTOS/Source/CMSIS_RTOS_V2/cmsis_os2.c.obj
                0x0800a774                vApplicationGetTimerTaskMemory
 .text.vListInitialise
                0x0800a78c       0x16 CMakeFiles/foc.elf.dir/Middlewares/Third_Party/FreeRTOS/Source/list.c.obj
                0x0800a78c                vListInitialise
 .text.vListInitialiseItem
                0x0800a7a2        0x6 CMakeFiles/foc.elf.dir/Middlewares/Third_Party/FreeRTOS/Source/list.c.obj
                0x0800a7a2                vListInitialiseItem
 .text.vListInsertEnd
                0x0800a7a8       0x16 CMakeFiles/foc.elf.dir/Middlewares/Third_Party/FreeRTOS/Source/list.c.obj
                0x0800a7a8                vListInsertEnd
 .text.vListInsert
                0x0800a7be       0x32 CMakeFiles/foc.elf.dir/Middlewares/Third_Party/FreeRTOS/Source/list.c.obj
                0x0800a7be                vListInsert
 .text.uxListRemove
                0x0800a7f0       0x26 CMakeFiles/foc.elf.dir/Middlewares/Third_Party/FreeRTOS/Source/list.c.obj
                0x0800a7f0                uxListRemove
 *fill*         0x0800a816        0x2 
 .text.prvTaskExitError
                0x0800a818       0x40 CMakeFiles/foc.elf.dir/Middlewares/Third_Party/FreeRTOS/Source/portable/GCC/ARM_CM4F/port.c.obj
 .text.prvPortStartFirstTask
                0x0800a858       0x28 CMakeFiles/foc.elf.dir/Middlewares/Third_Party/FreeRTOS/Source/portable/GCC/ARM_CM4F/port.c.obj
 .text.vPortEnableVFP
                0x0800a880       0x14 CMakeFiles/foc.elf.dir/Middlewares/Third_Party/FreeRTOS/Source/portable/GCC/ARM_CM4F/port.c.obj
 .text.pxPortInitialiseStack
                0x0800a894       0x2c CMakeFiles/foc.elf.dir/Middlewares/Third_Party/FreeRTOS/Source/portable/GCC/ARM_CM4F/port.c.obj
                0x0800a894                pxPortInitialiseStack
 .text.SVC_Handler
                0x0800a8c0       0x24 CMakeFiles/foc.elf.dir/Middlewares/Third_Party/FreeRTOS/Source/portable/GCC/ARM_CM4F/port.c.obj
                0x0800a8c0                SVC_Handler
 .text.vPortEnterCritical
                0x0800a8e4       0x44 CMakeFiles/foc.elf.dir/Middlewares/Third_Party/FreeRTOS/Source/portable/GCC/ARM_CM4F/port.c.obj
                0x0800a8e4                vPortEnterCritical
 .text.vPortExitCritical
                0x0800a928       0x2c CMakeFiles/foc.elf.dir/Middlewares/Third_Party/FreeRTOS/Source/portable/GCC/ARM_CM4F/port.c.obj
                0x0800a928                vPortExitCritical
 *fill*         0x0800a954        0xc 
 .text.PendSV_Handler
                0x0800a960       0x64 CMakeFiles/foc.elf.dir/Middlewares/Third_Party/FreeRTOS/Source/portable/GCC/ARM_CM4F/port.c.obj
                0x0800a960                PendSV_Handler
 .text.xPortSysTickHandler
                0x0800a9c4       0x2c CMakeFiles/foc.elf.dir/Middlewares/Third_Party/FreeRTOS/Source/portable/GCC/ARM_CM4F/port.c.obj
                0x0800a9c4                xPortSysTickHandler
 .text.vPortSetupTimerInterrupt
                0x0800a9f0       0x28 CMakeFiles/foc.elf.dir/Middlewares/Third_Party/FreeRTOS/Source/portable/GCC/ARM_CM4F/port.c.obj
                0x0800a9f0                vPortSetupTimerInterrupt
 .text.xPortStartScheduler
                0x0800aa18      0x118 CMakeFiles/foc.elf.dir/Middlewares/Third_Party/FreeRTOS/Source/portable/GCC/ARM_CM4F/port.c.obj
                0x0800aa18                xPortStartScheduler
 .text.vPortValidateInterruptPriority
                0x0800ab30       0x5c CMakeFiles/foc.elf.dir/Middlewares/Third_Party/FreeRTOS/Source/portable/GCC/ARM_CM4F/port.c.obj
                0x0800ab30                vPortValidateInterruptPriority
 .text.prvHeapInit
                0x0800ab8c       0x64 CMakeFiles/foc.elf.dir/Middlewares/Third_Party/FreeRTOS/Source/portable/MemMang/heap_4.c.obj
 .text.prvInsertBlockIntoFreeList
                0x0800abf0       0x64 CMakeFiles/foc.elf.dir/Middlewares/Third_Party/FreeRTOS/Source/portable/MemMang/heap_4.c.obj
 .text.pvPortMalloc
                0x0800ac54       0xfc CMakeFiles/foc.elf.dir/Middlewares/Third_Party/FreeRTOS/Source/portable/MemMang/heap_4.c.obj
                0x0800ac54                pvPortMalloc
 .text.vPortFree
                0x0800ad50       0x7c CMakeFiles/foc.elf.dir/Middlewares/Third_Party/FreeRTOS/Source/portable/MemMang/heap_4.c.obj
                0x0800ad50                vPortFree
 .text.prvIsQueueFull
                0x0800adcc       0x1e CMakeFiles/foc.elf.dir/Middlewares/Third_Party/FreeRTOS/Source/queue.c.obj
 .text.prvIsQueueEmpty
                0x0800adea       0x1a CMakeFiles/foc.elf.dir/Middlewares/Third_Party/FreeRTOS/Source/queue.c.obj
 .text.prvCopyDataToQueue
                0x0800ae04       0x76 CMakeFiles/foc.elf.dir/Middlewares/Third_Party/FreeRTOS/Source/queue.c.obj
 .text.prvCopyDataFromQueue
                0x0800ae7a       0x24 CMakeFiles/foc.elf.dir/Middlewares/Third_Party/FreeRTOS/Source/queue.c.obj
 .text.prvUnlockQueue
                0x0800ae9e       0x6e CMakeFiles/foc.elf.dir/Middlewares/Third_Party/FreeRTOS/Source/queue.c.obj
 .text.xQueueGenericReset
                0x0800af0c       0x84 CMakeFiles/foc.elf.dir/Middlewares/Third_Party/FreeRTOS/Source/queue.c.obj
                0x0800af0c                xQueueGenericReset
 .text.prvInitialiseNewQueue
                0x0800af90       0x22 CMakeFiles/foc.elf.dir/Middlewares/Third_Party/FreeRTOS/Source/queue.c.obj
 .text.xQueueGenericCreateStatic
                0x0800afb2       0x94 CMakeFiles/foc.elf.dir/Middlewares/Third_Party/FreeRTOS/Source/queue.c.obj
                0x0800afb2                xQueueGenericCreateStatic
 .text.xQueueGenericSend
                0x0800b046      0x188 CMakeFiles/foc.elf.dir/Middlewares/Third_Party/FreeRTOS/Source/queue.c.obj
                0x0800b046                xQueueGenericSend
 .text.xQueueGenericSendFromISR
                0x0800b1ce       0xce CMakeFiles/foc.elf.dir/Middlewares/Third_Party/FreeRTOS/Source/queue.c.obj
                0x0800b1ce                xQueueGenericSendFromISR
 .text.xQueueReceive
                0x0800b29c      0x15e CMakeFiles/foc.elf.dir/Middlewares/Third_Party/FreeRTOS/Source/queue.c.obj
                0x0800b29c                xQueueReceive
 *fill*         0x0800b3fa        0x2 
 .text.vQueueAddToRegistry
                0x0800b3fc       0x28 CMakeFiles/foc.elf.dir/Middlewares/Third_Party/FreeRTOS/Source/queue.c.obj
                0x0800b3fc                vQueueAddToRegistry
 .text.vQueueWaitForMessageRestricted
                0x0800b424       0x52 CMakeFiles/foc.elf.dir/Middlewares/Third_Party/FreeRTOS/Source/queue.c.obj
                0x0800b424                vQueueWaitForMessageRestricted
 *fill*         0x0800b476        0x2 
 .text.prvResetNextTaskUnblockTime
                0x0800b478       0x2c CMakeFiles/foc.elf.dir/Middlewares/Third_Party/FreeRTOS/Source/tasks.c.obj
 .text.prvInitialiseNewTask
                0x0800b4a4      0x106 CMakeFiles/foc.elf.dir/Middlewares/Third_Party/FreeRTOS/Source/tasks.c.obj
 *fill*         0x0800b5aa        0x2 
 .text.prvInitialiseTaskLists
                0x0800b5ac       0x68 CMakeFiles/foc.elf.dir/Middlewares/Third_Party/FreeRTOS/Source/tasks.c.obj
 .text.prvAddNewTaskToReadyList
                0x0800b614       0xac CMakeFiles/foc.elf.dir/Middlewares/Third_Party/FreeRTOS/Source/tasks.c.obj
 .text.prvDeleteTCB
                0x0800b6c0       0x40 CMakeFiles/foc.elf.dir/Middlewares/Third_Party/FreeRTOS/Source/tasks.c.obj
 .text.prvCheckTasksWaitingTermination
                0x0800b700       0x4c CMakeFiles/foc.elf.dir/Middlewares/Third_Party/FreeRTOS/Source/tasks.c.obj
 .text.prvIdleTask
                0x0800b74c       0x28 CMakeFiles/foc.elf.dir/Middlewares/Third_Party/FreeRTOS/Source/tasks.c.obj
 .text.prvAddCurrentTaskToDelayedList
                0x0800b774       0x7c CMakeFiles/foc.elf.dir/Middlewares/Third_Party/FreeRTOS/Source/tasks.c.obj
 .text.xTaskCreateStatic
                0x0800b7f0       0x7a CMakeFiles/foc.elf.dir/Middlewares/Third_Party/FreeRTOS/Source/tasks.c.obj
                0x0800b7f0                xTaskCreateStatic
 .text.xTaskCreate
                0x0800b86a       0x6a CMakeFiles/foc.elf.dir/Middlewares/Third_Party/FreeRTOS/Source/tasks.c.obj
                0x0800b86a                xTaskCreate
 .text.vTaskStartScheduler
                0x0800b8d4       0xac CMakeFiles/foc.elf.dir/Middlewares/Third_Party/FreeRTOS/Source/tasks.c.obj
                0x0800b8d4                vTaskStartScheduler
 .text.vTaskSuspendAll
                0x0800b980       0x10 CMakeFiles/foc.elf.dir/Middlewares/Third_Party/FreeRTOS/Source/tasks.c.obj
                0x0800b980                vTaskSuspendAll
 .text.xTaskGetTickCount
                0x0800b990        0xc CMakeFiles/foc.elf.dir/Middlewares/Third_Party/FreeRTOS/Source/tasks.c.obj
                0x0800b990                xTaskGetTickCount
 .text.xTaskIncrementTick
                0x0800b99c      0x118 CMakeFiles/foc.elf.dir/Middlewares/Third_Party/FreeRTOS/Source/tasks.c.obj
                0x0800b99c                xTaskIncrementTick
 .text.xTaskResumeAll
                0x0800bab4       0xf8 CMakeFiles/foc.elf.dir/Middlewares/Third_Party/FreeRTOS/Source/tasks.c.obj
                0x0800bab4                xTaskResumeAll
 .text.vTaskDelay
                0x0800bbac       0x4c CMakeFiles/foc.elf.dir/Middlewares/Third_Party/FreeRTOS/Source/tasks.c.obj
                0x0800bbac                vTaskDelay
 .text.vTaskSwitchContext
                0x0800bbf8       0xa0 CMakeFiles/foc.elf.dir/Middlewares/Third_Party/FreeRTOS/Source/tasks.c.obj
                0x0800bbf8                vTaskSwitchContext
 .text.vTaskPlaceOnEventList
                0x0800bc98       0x30 CMakeFiles/foc.elf.dir/Middlewares/Third_Party/FreeRTOS/Source/tasks.c.obj
                0x0800bc98                vTaskPlaceOnEventList
 .text.vTaskPlaceOnEventListRestricted
                0x0800bcc8       0x38 CMakeFiles/foc.elf.dir/Middlewares/Third_Party/FreeRTOS/Source/tasks.c.obj
                0x0800bcc8                vTaskPlaceOnEventListRestricted
 .text.xTaskRemoveFromEventList
                0x0800bd00       0x8c CMakeFiles/foc.elf.dir/Middlewares/Third_Party/FreeRTOS/Source/tasks.c.obj
                0x0800bd00                xTaskRemoveFromEventList
 .text.vTaskInternalSetTimeOutState
                0x0800bd8c       0x18 CMakeFiles/foc.elf.dir/Middlewares/Third_Party/FreeRTOS/Source/tasks.c.obj
                0x0800bd8c                vTaskInternalSetTimeOutState
 .text.xTaskCheckForTimeOut
                0x0800bda4       0x84 CMakeFiles/foc.elf.dir/Middlewares/Third_Party/FreeRTOS/Source/tasks.c.obj
                0x0800bda4                xTaskCheckForTimeOut
 .text.vTaskMissedYield
                0x0800be28        0xc CMakeFiles/foc.elf.dir/Middlewares/Third_Party/FreeRTOS/Source/tasks.c.obj
                0x0800be28                vTaskMissedYield
 .text.xTaskGetSchedulerState
                0x0800be34       0x20 CMakeFiles/foc.elf.dir/Middlewares/Third_Party/FreeRTOS/Source/tasks.c.obj
                0x0800be34                xTaskGetSchedulerState
 .text.xTaskPriorityDisinherit
                0x0800be54       0x90 CMakeFiles/foc.elf.dir/Middlewares/Third_Party/FreeRTOS/Source/tasks.c.obj
                0x0800be54                xTaskPriorityDisinherit
 .text.prvGetNextExpireTime
                0x0800bee4       0x20 CMakeFiles/foc.elf.dir/Middlewares/Third_Party/FreeRTOS/Source/timers.c.obj
 .text.prvInsertTimerInActiveList
                0x0800bf04       0x48 CMakeFiles/foc.elf.dir/Middlewares/Third_Party/FreeRTOS/Source/timers.c.obj
 .text.prvCheckForValidListAndQueue
                0x0800bf4c       0x70 CMakeFiles/foc.elf.dir/Middlewares/Third_Party/FreeRTOS/Source/timers.c.obj
 .text.xTimerCreateTimerTask
                0x0800bfbc       0x64 CMakeFiles/foc.elf.dir/Middlewares/Third_Party/FreeRTOS/Source/timers.c.obj
                0x0800bfbc                xTimerCreateTimerTask
 .text.xTimerGenericCommand
                0x0800c020       0x6c CMakeFiles/foc.elf.dir/Middlewares/Third_Party/FreeRTOS/Source/timers.c.obj
                0x0800c020                xTimerGenericCommand
 .text.prvSwitchTimerLists
                0x0800c08c       0x7c CMakeFiles/foc.elf.dir/Middlewares/Third_Party/FreeRTOS/Source/timers.c.obj
 .text.prvSampleTimeNow
                0x0800c108       0x2c CMakeFiles/foc.elf.dir/Middlewares/Third_Party/FreeRTOS/Source/timers.c.obj
 .text.prvProcessExpiredTimer
                0x0800c134       0x6c CMakeFiles/foc.elf.dir/Middlewares/Third_Party/FreeRTOS/Source/timers.c.obj
 .text.prvProcessTimerOrBlockTask
                0x0800c1a0       0x74 CMakeFiles/foc.elf.dir/Middlewares/Third_Party/FreeRTOS/Source/timers.c.obj
 .text.prvProcessReceivedCommands
                0x0800c214      0x10c CMakeFiles/foc.elf.dir/Middlewares/Third_Party/FreeRTOS/Source/timers.c.obj
 .text.prvTimerTask
                0x0800c320       0x16 CMakeFiles/foc.elf.dir/Middlewares/Third_Party/FreeRTOS/Source/timers.c.obj
 *fill*         0x0800c336        0x2 
 .text.MX_USB_Device_Init
                0x0800c338       0x54 CMakeFiles/foc.elf.dir/USB_Device/App/usb_device.c.obj
                0x0800c338                MX_USB_Device_Init
 .text.CDC_DeInit_FS
                0x0800c38c        0x4 CMakeFiles/foc.elf.dir/USB_Device/App/usbd_cdc_if.c.obj
 .text.CDC_Control_FS
                0x0800c390        0x4 CMakeFiles/foc.elf.dir/USB_Device/App/usbd_cdc_if.c.obj
 .text.CDC_TransmitCplt_FS
                0x0800c394        0x4 CMakeFiles/foc.elf.dir/USB_Device/App/usbd_cdc_if.c.obj
 .text.vofa_cmd_parse
                0x0800c398       0x1e CMakeFiles/foc.elf.dir/USB_Device/App/usbd_cdc_if.c.obj
 *fill*         0x0800c3b6        0x2 
 .text.CDC_Receive_FS
                0x0800c3b8      0x248 CMakeFiles/foc.elf.dir/USB_Device/App/usbd_cdc_if.c.obj
 .text.CDC_Init_FS
                0x0800c600       0x28 CMakeFiles/foc.elf.dir/USB_Device/App/usbd_cdc_if.c.obj
 .text.USBD_CDC_DeviceDescriptor
                0x0800c628        0xc CMakeFiles/foc.elf.dir/USB_Device/App/usbd_desc.c.obj
                0x0800c628                USBD_CDC_DeviceDescriptor
 .text.USBD_CDC_LangIDStrDescriptor
                0x0800c634        0xc CMakeFiles/foc.elf.dir/USB_Device/App/usbd_desc.c.obj
                0x0800c634                USBD_CDC_LangIDStrDescriptor
 .text.IntToUnicode
                0x0800c640       0x46 CMakeFiles/foc.elf.dir/USB_Device/App/usbd_desc.c.obj
 *fill*         0x0800c686        0x2 
 .text.Get_SerialNum
                0x0800c688       0x38 CMakeFiles/foc.elf.dir/USB_Device/App/usbd_desc.c.obj
 .text.USBD_CDC_SerialStrDescriptor
                0x0800c6c0       0x14 CMakeFiles/foc.elf.dir/USB_Device/App/usbd_desc.c.obj
                0x0800c6c0                USBD_CDC_SerialStrDescriptor
 .text.USBD_CDC_ProductStrDescriptor
                0x0800c6d4       0x24 CMakeFiles/foc.elf.dir/USB_Device/App/usbd_desc.c.obj
                0x0800c6d4                USBD_CDC_ProductStrDescriptor
 .text.USBD_CDC_ManufacturerStrDescriptor
                0x0800c6f8       0x1c CMakeFiles/foc.elf.dir/USB_Device/App/usbd_desc.c.obj
                0x0800c6f8                USBD_CDC_ManufacturerStrDescriptor
 .text.USBD_CDC_ConfigStrDescriptor
                0x0800c714       0x24 CMakeFiles/foc.elf.dir/USB_Device/App/usbd_desc.c.obj
                0x0800c714                USBD_CDC_ConfigStrDescriptor
 .text.USBD_CDC_InterfaceStrDescriptor
                0x0800c738       0x24 CMakeFiles/foc.elf.dir/USB_Device/App/usbd_desc.c.obj
                0x0800c738                USBD_CDC_InterfaceStrDescriptor
 .text.USBD_Get_USB_Status
                0x0800c75c       0x14 CMakeFiles/foc.elf.dir/USB_Device/Target/usbd_conf.c.obj
 .text.SystemClockConfig_Resume
                0x0800c770        0x8 CMakeFiles/foc.elf.dir/USB_Device/Target/usbd_conf.c.obj
 .text.HAL_PCD_MspInit
                0x0800c778       0x60 CMakeFiles/foc.elf.dir/USB_Device/Target/usbd_conf.c.obj
                0x0800c778                HAL_PCD_MspInit
 .text.HAL_PCD_SetupStageCallback
                0x0800c7d8       0x10 CMakeFiles/foc.elf.dir/USB_Device/Target/usbd_conf.c.obj
                0x0800c7d8                HAL_PCD_SetupStageCallback
 .text.HAL_PCD_DataOutStageCallback
                0x0800c7e8       0x18 CMakeFiles/foc.elf.dir/USB_Device/Target/usbd_conf.c.obj
                0x0800c7e8                HAL_PCD_DataOutStageCallback
 .text.HAL_PCD_DataInStageCallback
                0x0800c800       0x16 CMakeFiles/foc.elf.dir/USB_Device/Target/usbd_conf.c.obj
                0x0800c800                HAL_PCD_DataInStageCallback
 .text.HAL_PCD_SOFCallback
                0x0800c816        0xc CMakeFiles/foc.elf.dir/USB_Device/Target/usbd_conf.c.obj
                0x0800c816                HAL_PCD_SOFCallback
 .text.HAL_PCD_ResetCallback
                0x0800c822       0x24 CMakeFiles/foc.elf.dir/USB_Device/Target/usbd_conf.c.obj
                0x0800c822                HAL_PCD_ResetCallback
 *fill*         0x0800c846        0x2 
 .text.HAL_PCD_SuspendCallback
                0x0800c848       0x20 CMakeFiles/foc.elf.dir/USB_Device/Target/usbd_conf.c.obj
                0x0800c848                HAL_PCD_SuspendCallback
 .text.HAL_PCD_ResumeCallback
                0x0800c868       0x28 CMakeFiles/foc.elf.dir/USB_Device/Target/usbd_conf.c.obj
                0x0800c868                HAL_PCD_ResumeCallback
 .text.USBD_LL_Init
                0x0800c890       0x88 CMakeFiles/foc.elf.dir/USB_Device/Target/usbd_conf.c.obj
                0x0800c890                USBD_LL_Init
 .text.USBD_LL_Start
                0x0800c918       0x10 CMakeFiles/foc.elf.dir/USB_Device/Target/usbd_conf.c.obj
                0x0800c918                USBD_LL_Start
 .text.USBD_LL_OpenEP
                0x0800c928       0x16 CMakeFiles/foc.elf.dir/USB_Device/Target/usbd_conf.c.obj
                0x0800c928                USBD_LL_OpenEP
 .text.USBD_LL_CloseEP
                0x0800c93e       0x10 CMakeFiles/foc.elf.dir/USB_Device/Target/usbd_conf.c.obj
                0x0800c93e                USBD_LL_CloseEP
 .text.USBD_LL_StallEP
                0x0800c94e       0x10 CMakeFiles/foc.elf.dir/USB_Device/Target/usbd_conf.c.obj
                0x0800c94e                USBD_LL_StallEP
 .text.USBD_LL_ClearStallEP
                0x0800c95e       0x10 CMakeFiles/foc.elf.dir/USB_Device/Target/usbd_conf.c.obj
                0x0800c95e                USBD_LL_ClearStallEP
 .text.USBD_LL_IsStallEP
                0x0800c96e       0x2c CMakeFiles/foc.elf.dir/USB_Device/Target/usbd_conf.c.obj
                0x0800c96e                USBD_LL_IsStallEP
 .text.USBD_LL_SetUSBAddress
                0x0800c99a       0x10 CMakeFiles/foc.elf.dir/USB_Device/Target/usbd_conf.c.obj
                0x0800c99a                USBD_LL_SetUSBAddress
 .text.USBD_LL_Transmit
                0x0800c9aa       0x10 CMakeFiles/foc.elf.dir/USB_Device/Target/usbd_conf.c.obj
                0x0800c9aa                USBD_LL_Transmit
 .text.USBD_LL_PrepareReceive
                0x0800c9ba       0x10 CMakeFiles/foc.elf.dir/USB_Device/Target/usbd_conf.c.obj
                0x0800c9ba                USBD_LL_PrepareReceive
 .text.USBD_LL_GetRxDataSize
                0x0800c9ca        0xc CMakeFiles/foc.elf.dir/USB_Device/Target/usbd_conf.c.obj
                0x0800c9ca                USBD_LL_GetRxDataSize
 *fill*         0x0800c9d6        0x2 
 .text.HAL_PCDEx_LPM_Callback
                0x0800c9d8       0x48 CMakeFiles/foc.elf.dir/USB_Device/Target/usbd_conf.c.obj
                0x0800c9d8                HAL_PCDEx_LPM_Callback
 .text.USBD_static_malloc
                0x0800ca20        0x8 CMakeFiles/foc.elf.dir/USB_Device/Target/usbd_conf.c.obj
                0x0800ca20                USBD_static_malloc
 .text.USBD_static_free
                0x0800ca28        0x2 CMakeFiles/foc.elf.dir/USB_Device/Target/usbd_conf.c.obj
                0x0800ca28                USBD_static_free
 *fill*         0x0800ca2a        0x2 
 .text.led3_set_level
                0x0800ca2c       0x18 CMakeFiles/foc.elf.dir/bsp/bsp.c.obj
 .text.led2_set_level
                0x0800ca44       0x18 CMakeFiles/foc.elf.dir/bsp/bsp.c.obj
 .text.led1_set_level
                0x0800ca5c       0x18 CMakeFiles/foc.elf.dir/bsp/bsp.c.obj
 .text.encoder_spi_cs_set_callback
                0x0800ca74       0x18 CMakeFiles/foc.elf.dir/bsp/bsp.c.obj
 .text.get_btn4_level
                0x0800ca8c       0x10 CMakeFiles/foc.elf.dir/bsp/bsp.c.obj
 .text.get_btn3_level
                0x0800ca9c       0x10 CMakeFiles/foc.elf.dir/bsp/bsp.c.obj
 .text.get_btn2_level
                0x0800caac       0x14 CMakeFiles/foc.elf.dir/bsp/bsp.c.obj
 .text.get_btn1_level
                0x0800cac0       0x14 CMakeFiles/foc.elf.dir/bsp/bsp.c.obj
 .text.encoder_get_data_callback
                0x0800cad4       0x10 CMakeFiles/foc.elf.dir/bsp/bsp.c.obj
 .text.encoder_spi_send_recv_callback
                0x0800cae4       0x1c CMakeFiles/foc.elf.dir/bsp/bsp.c.obj
 .text.bsp_init
                0x0800cb00      0x114 CMakeFiles/foc.elf.dir/bsp/bsp.c.obj
                0x0800cb00                bsp_init
 .text.bsp_get_vbus
                0x0800cc14       0x6c CMakeFiles/foc.elf.dir/bsp/bsp.c.obj
                0x0800cc14                bsp_get_vbus
 .text.motor_get_vbus_voltage_callback
                0x0800cc80       0x1c CMakeFiles/foc.elf.dir/bsp/bsp.c.obj
                0x0800cc80                motor_get_vbus_voltage_callback
 .text.bsp_get_phase_voltage
                0x0800cc9c       0xbc CMakeFiles/foc.elf.dir/bsp/bsp.c.obj
                0x0800cc9c                bsp_get_phase_voltage
 .text.motor_get_phase_voltage_callback
                0x0800cd58       0x24 CMakeFiles/foc.elf.dir/bsp/bsp.c.obj
                0x0800cd58                motor_get_phase_voltage_callback
 .text.bsp_get_phase_current
                0x0800cd7c       0x60 CMakeFiles/foc.elf.dir/bsp/bsp.c.obj
                0x0800cd7c                bsp_get_phase_current
 .text.motor_get_phase_current_callback
                0x0800cddc       0x24 CMakeFiles/foc.elf.dir/bsp/bsp.c.obj
                0x0800cddc                motor_get_phase_current_callback
 .text.button_handler
                0x0800ce00      0x192 CMakeFiles/foc.elf.dir/bsp/button/button.c.obj
 .text.button_install_event_callback
                0x0800cf92       0x26 CMakeFiles/foc.elf.dir/bsp/button/button.c.obj
                0x0800cf92                button_install_event_callback
 .text.button_start
                0x0800cfb8       0x30 CMakeFiles/foc.elf.dir/bsp/button/button.c.obj
                0x0800cfb8                button_start
 .text.button_init
                0x0800cfe8        0x8 CMakeFiles/foc.elf.dir/bsp/button/button.c.obj
 .text.button_create
                0x0800cff0       0x3c CMakeFiles/foc.elf.dir/bsp/button/button.c.obj
                0x0800cff0                button_create
 .text.button_ticks
                0x0800d02c       0x1c CMakeFiles/foc.elf.dir/bsp/button/button.c.obj
                0x0800d02c                button_ticks
 .text.led_open
                0x0800d048       0x28 CMakeFiles/foc.elf.dir/bsp/led/led.c.obj
                0x0800d048                led_open
 .text.led_close
                0x0800d070       0x26 CMakeFiles/foc.elf.dir/bsp/led/led.c.obj
                0x0800d070                led_close
 .text.led_init
                0x0800d096       0x1c CMakeFiles/foc.elf.dir/bsp/led/led.c.obj
                0x0800d096                led_init
 .text.led_create
                0x0800d0b2       0x14 CMakeFiles/foc.elf.dir/bsp/led/led.c.obj
                0x0800d0b2                led_create
 .text.led_toggle
                0x0800d0c6       0x30 CMakeFiles/foc.elf.dir/bsp/led/led.c.obj
                0x0800d0c6                led_toggle
 .text.mt6701_init
                0x0800d0f6       0x22 CMakeFiles/foc.elf.dir/bsp/mt6701/mt6701.c.obj
                0x0800d0f6                mt6701_init
 .text.mt6701_get_raw_data
                0x0800d118       0x54 CMakeFiles/foc.elf.dir/bsp/mt6701/mt6701.c.obj
                0x0800d118                mt6701_get_raw_data
 .text.mt6701_get_data
                0x0800d16c       0x74 CMakeFiles/foc.elf.dir/bsp/mt6701/mt6701.c.obj
                0x0800d16c                mt6701_get_data
 .text.lpf_init
                0x0800d1e0       0x60 CMakeFiles/foc.elf.dir/foc/digital_filter.c.obj
                0x0800d1e0                lpf_init
 .text.lpf_work
                0x0800d240       0x34 CMakeFiles/foc.elf.dir/foc/digital_filter.c.obj
                0x0800d240                lpf_work
 .text.encoder_init
                0x0800d274       0x16 CMakeFiles/foc.elf.dir/foc/encoder.c.obj
                0x0800d274                encoder_init
 *fill*         0x0800d28a        0x2 
 .text.foc_clark
                0x0800d28c       0x2c CMakeFiles/foc.elf.dir/foc/foc.c.obj
                0x0800d28c                foc_clark
 .text.foc_park
                0x0800d2b8       0x26 CMakeFiles/foc.elf.dir/foc/foc.c.obj
                0x0800d2b8                foc_park
 .text.foc_inv_park
                0x0800d2de       0x26 CMakeFiles/foc.elf.dir/foc/foc.c.obj
                0x0800d2de                foc_inv_park
 .text.foc_mid_point_svm
                0x0800d304       0xf8 CMakeFiles/foc.elf.dir/foc/foc.c.obj
                0x0800d304                foc_mid_point_svm
 .text.odriver_svm
                0x0800d3fc      0x21c CMakeFiles/foc.elf.dir/foc/foc.c.obj
                0x0800d3fc                odriver_svm
 .text.foc_pll_init
                0x0800d618       0x48 CMakeFiles/foc.elf.dir/foc/foc.c.obj
                0x0800d618                foc_pll_init
 .text.foc_pll_calc
                0x0800d660       0x70 CMakeFiles/foc.elf.dir/foc/foc.c.obj
                0x0800d660                foc_pll_calc
 .text.motor_enable
                0x0800d6d0       0x40 CMakeFiles/foc.elf.dir/foc/motor.c.obj
                0x0800d6d0                motor_enable
 .text.motor_disable
                0x0800d710       0x40 CMakeFiles/foc.elf.dir/foc/motor.c.obj
                0x0800d710                motor_disable
 .text.motor_set_status
                0x0800d750        0x8 CMakeFiles/foc.elf.dir/foc/motor.c.obj
                0x0800d750                motor_set_status
 .text.motor_set_ctrl_mode
                0x0800d758        0x8 CMakeFiles/foc.elf.dir/foc/motor.c.obj
                0x0800d758                motor_set_ctrl_mode
 .text.motor_has_encoder
                0x0800d760        0xc CMakeFiles/foc.elf.dir/foc/motor.c.obj
                0x0800d760                motor_has_encoder
 .text.motor_link_encoder
                0x0800d76c       0x14 CMakeFiles/foc.elf.dir/foc/motor.c.obj
                0x0800d76c                motor_link_encoder
 .text.motor_get_angle_rad
                0x0800d780       0x38 CMakeFiles/foc.elf.dir/foc/motor.c.obj