Archive member included to satisfy reference by file (symbol)

C:/Users/LiuDongPeng/Desktop/g474/foc/Middlewares/ST/ARM/DSP/Lib/libarm_cortexM4lf_math.a(arm_sin_f32.o)
                              CMakeFiles/foc.elf.dir/Core/Src/app_freertos.c.obj (arm_sin_f32)
C:/Users/LiuDongPeng/Desktop/g474/foc/Middlewares/ST/ARM/DSP/Lib/libarm_cortexM4lf_math.a(arm_cos_f32.o)
                              CMakeFiles/foc.elf.dir/Core/Src/app_freertos.c.obj (arm_cos_f32)
C:/Users/LiuDongPeng/Desktop/g474/foc/Middlewares/ST/ARM/DSP/Lib/libarm_cortexM4lf_math.a(arm_common_tables.o)
                              C:/Users/LiuDongPeng/Desktop/g474/foc/Middlewares/ST/ARM/DSP/Lib/libarm_cortexM4lf_math.a(arm_sin_f32.o) (sinTable_f32)
d:/gnuarm~1/102021~1.10/bin/../lib/gcc/arm-none-eabi/10.3.1/thumb/v7e-m+fp/hard\libgcc.a(_arm_muldf3.o)
                              CMakeFiles/foc.elf.dir/foc/digital_filter.c.obj (__aeabi_dmul)
d:/gnuarm~1/102021~1.10/bin/../lib/gcc/arm-none-eabi/10.3.1/thumb/v7e-m+fp/hard\libgcc.a(_arm_addsubdf3.o)
                              CMakeFiles/foc.elf.dir/foc/utils.c.obj (__aeabi_dsub)
d:/gnuarm~1/102021~1.10/bin/../lib/gcc/arm-none-eabi/10.3.1/thumb/v7e-m+fp/hard\libgcc.a(_arm_muldivdf3.o)
                              CMakeFiles/foc.elf.dir/foc/motor.c.obj (__aeabi_ddiv)
d:/gnuarm~1/102021~1.10/bin/../lib/gcc/arm-none-eabi/10.3.1/thumb/v7e-m+fp/hard\libgcc.a(_arm_cmpdf2.o)
                              CMakeFiles/foc.elf.dir/foc/encoder.c.obj (__aeabi_dcmplt)
d:/gnuarm~1/102021~1.10/bin/../lib/gcc/arm-none-eabi/10.3.1/thumb/v7e-m+fp/hard\libgcc.a(_arm_fixdfsi.o)
                              CMakeFiles/foc.elf.dir/foc/motor.c.obj (__aeabi_d2iz)
d:/gnuarm~1/102021~1.10/bin/../lib/gcc/arm-none-eabi/10.3.1/thumb/v7e-m+fp/hard\libgcc.a(_arm_truncdfsf2.o)
                              CMakeFiles/foc.elf.dir/Core/Src/app_freertos.c.obj (__aeabi_d2f)
d:/gnuarm~1/102021~1.10/bin/../lib/gcc/arm-none-eabi/10.3.1/thumb/v7e-m+fp/hard\libgcc.a(_arm_addsubsf3.o)
                              CMakeFiles/foc.elf.dir/bsp/bsp.c.obj (__aeabi_ul2f)
d:/gnuarm~1/102021~1.10/bin/../lib/gcc/arm-none-eabi/10.3.1/thumb/v7e-m+fp/hard\libgcc.a(_aeabi_uldivmod.o)
                              CMakeFiles/foc.elf.dir/Drivers/STM32G4xx_HAL_Driver/Src/stm32g4xx_hal_uart.c.obj (__aeabi_uldivmod)
d:/gnuarm~1/102021~1.10/bin/../lib/gcc/arm-none-eabi/10.3.1/thumb/v7e-m+fp/hard\libgcc.a(_fixunssfdi.o)
                              CMakeFiles/foc.elf.dir/bsp/bsp.c.obj (__aeabi_f2ulz)
d:/gnuarm~1/102021~1.10/bin/../lib/gcc/arm-none-eabi/10.3.1/thumb/v7e-m+fp/hard\libgcc.a(_udivmoddi4.o)
                              d:/gnuarm~1/102021~1.10/bin/../lib/gcc/arm-none-eabi/10.3.1/thumb/v7e-m+fp/hard\libgcc.a(_aeabi_uldivmod.o) (__udivmoddi4)
d:/gnuarm~1/102021~1.10/bin/../lib/gcc/arm-none-eabi/10.3.1/thumb/v7e-m+fp/hard\libgcc.a(_dvmd_tls.o)
                              d:/gnuarm~1/102021~1.10/bin/../lib/gcc/arm-none-eabi/10.3.1/thumb/v7e-m+fp/hard\libgcc.a(_aeabi_uldivmod.o) (__aeabi_ldiv0)
d:/gnuarm~1/102021~1.10/bin/../lib/gcc/arm-none-eabi/10.3.1/thumb/v7e-m+fp/hard\libgcc.a(_arm_fixunsdfsi.o)
                              d:/gnuarm~1/102021~1.10/bin/../lib/gcc/arm-none-eabi/10.3.1/thumb/v7e-m+fp/hard\libgcc.a(_fixunssfdi.o) (__aeabi_d2uiz)
d:/gnuarm~1/102021~1.10/bin/../lib/gcc/arm-none-eabi/10.3.1/../../../../arm-none-eabi/lib/thumb/v7e-m+fp/hard\libg.a(lib_a-atof.o)
                              CMakeFiles/foc.elf.dir/Core/Src/app_freertos.c.obj (atof)
d:/gnuarm~1/102021~1.10/bin/../lib/gcc/arm-none-eabi/10.3.1/../../../../arm-none-eabi/lib/thumb/v7e-m+fp/hard\libg.a(lib_a-errno.o)
                              CMakeFiles/foc.elf.dir/Core/Src/syscalls.c.obj (__errno)
d:/gnuarm~1/102021~1.10/bin/../lib/gcc/arm-none-eabi/10.3.1/../../../../arm-none-eabi/lib/thumb/v7e-m+fp/hard\libg.a(lib_a-exit.o)
                              d:/gnuarm~1/102021~1.10/bin/../lib/gcc/arm-none-eabi/10.3.1/../../../../arm-none-eabi/lib/thumb/v7e-m+fp/hard/crt0.o (exit)
d:/gnuarm~1/102021~1.10/bin/../lib/gcc/arm-none-eabi/10.3.1/../../../../arm-none-eabi/lib/thumb/v7e-m+fp/hard\libg.a(lib_a-impure.o)
                              d:/gnuarm~1/102021~1.10/bin/../lib/gcc/arm-none-eabi/10.3.1/../../../../arm-none-eabi/lib/thumb/v7e-m+fp/hard\libg.a(lib_a-exit.o) (_global_impure_ptr)
d:/gnuarm~1/102021~1.10/bin/../lib/gcc/arm-none-eabi/10.3.1/../../../../arm-none-eabi/lib/thumb/v7e-m+fp/hard\libg.a(lib_a-init.o)
                              d:/gnuarm~1/102021~1.10/bin/../lib/gcc/arm-none-eabi/10.3.1/../../../../arm-none-eabi/lib/thumb/v7e-m+fp/hard/crt0.o (__libc_init_array)
d:/gnuarm~1/102021~1.10/bin/../lib/gcc/arm-none-eabi/10.3.1/../../../../arm-none-eabi/lib/thumb/v7e-m+fp/hard\libg.a(lib_a-memcpy.o)
                              CMakeFiles/foc.elf.dir/Middlewares/Third_Party/FreeRTOS/Source/CMSIS_RTOS_V2/cmsis_os2.c.obj (memcpy)
[...]
Memory Configuration

Name             Origin             Length             Attributes
RAM              0x20000000         0x00020000         xrw
FLASH            0x08000000         0x00080000         xr
*default*        0x00000000         0xffffffff

Linker script and memory map

LOAD d:/gnuarm~1/102021~1.10/bin/../lib/gcc/arm-none-eabi/10.3.1/thumb/v7e-m+fp/hard/crti.o
LOAD d:/gnuarm~1/102021~1.10/bin/../lib/gcc/arm-none-eabi/10.3.1/thumb/v7e-m+fp/hard/crtbegin.o
LOAD d:/gnuarm~1/102021~1.10/bin/../lib/gcc/arm-none-eabi/10.3.1/../../../../arm-none-eabi/lib/thumb/v7e-m+fp/hard/crt0.o
LOAD CMakeFiles/foc.elf.dir/Core/Src/adc.c.obj
LOAD CMakeFiles/foc.elf.dir/Core/Src/app_freertos.c.obj
LOAD CMakeFiles/foc.elf.dir/Core/Src/dma.c.obj
LOAD CMakeFiles/foc.elf.dir/Core/Src/gpio.c.obj
LOAD CMakeFiles/foc.elf.dir/Core/Src/main.c.obj
LOAD CMakeFiles/foc.elf.dir/Core/Src/spi.c.obj
LOAD CMakeFiles/foc.elf.dir/Core/Src/stm32g4xx_hal_msp.c.obj
LOAD CMakeFiles/foc.elf.dir/Core/Src/stm32g4xx_hal_timebase_tim.c.obj
LOAD CMakeFiles/foc.elf.dir/Core/Src/stm32g4xx_it.c.obj
LOAD CMakeFiles/foc.elf.dir/Core/Src/syscalls.c.obj
LOAD CMakeFiles/foc.elf.dir/Core/Src/sysmem.c.obj
LOAD CMakeFiles/foc.elf.dir/Core/Src/system_stm32g4xx.c.obj
LOAD CMakeFiles/foc.elf.dir/Core/Src/tim.c.obj
LOAD CMakeFiles/foc.elf.dir/Core/Src/usart.c.obj
LOAD CMakeFiles/foc.elf.dir/Core/Startup/startup_stm32g474retx.s.obj
LOAD CMakeFiles/foc.elf.dir/Drivers/STM32G4xx_HAL_Driver/Src/stm32g4xx_hal.c.obj
LOAD CMakeFiles/foc.elf.dir/Drivers/STM32G4xx_HAL_Driver/Src/stm32g4xx_hal_adc.c.obj
LOAD CMakeFiles/foc.elf.dir/Drivers/STM32G4xx_HAL_Driver/Src/stm32g4xx_hal_adc_ex.c.obj
LOAD CMakeFiles/foc.elf.dir/Drivers/STM32G4xx_HAL_Driver/Src/stm32g4xx_hal_cortex.c.obj
LOAD CMakeFiles/foc.elf.dir/Drivers/STM32G4xx_HAL_Driver/Src/stm32g4xx_hal_dma.c.obj
LOAD CMakeFiles/foc.elf.dir/Drivers/STM32G4xx_HAL_Driver/Src/stm32g4xx_hal_dma_ex.c.obj
LOAD CMakeFiles/foc.elf.dir/Drivers/STM32G4xx_HAL_Driver/Src/stm32g4xx_hal_exti.c.obj
LOAD CMakeFiles/foc.elf.dir/Drivers/STM32G4xx_HAL_Driver/Src/stm32g4xx_hal_flash.c.obj
LOAD CMakeFiles/foc.elf.dir/Drivers/STM32G4xx_HAL_Driver/Src/stm32g4xx_hal_flash_ex.c.obj
LOAD CMakeFiles/foc.elf.dir/Drivers/STM32G4xx_HAL_Driver/Src/stm32g4xx_hal_flash_ramfunc.c.obj
LOAD CMakeFiles/foc.elf.dir/Drivers/STM32G4xx_HAL_Driver/Src/stm32g4xx_hal_gpio.c.obj
LOAD CMakeFiles/foc.elf.dir/Drivers/STM32G4xx_HAL_Driver/Src/stm32g4xx_hal_pcd.c.obj
LOAD CMakeFiles/foc.elf.dir/Drivers/STM32G4xx_HAL_Driver/Src/stm32g4xx_hal_pcd_ex.c.obj
LOAD CMakeFiles/foc.elf.dir/Drivers/STM32G4xx_HAL_Driver/Src/stm32g4xx_hal_pwr.c.obj
LOAD CMakeFiles/foc.elf.dir/Drivers/STM32G4xx_HAL_Driver/Src/stm32g4xx_hal_pwr_ex.c.obj
LOAD CMakeFiles/foc.elf.dir/Drivers/STM32G4xx_HAL_Driver/Src/stm32g4xx_hal_rcc.c.obj
LOAD CMakeFiles/foc.elf.dir/Drivers/STM32G4xx_HAL_Driver/Src/stm32g4xx_hal_rcc_ex.c.obj
LOAD CMakeFiles/foc.elf.dir/Drivers/STM32G4xx_HAL_Driver/Src/stm32g4xx_hal_spi.c.obj
LOAD CMakeFiles/foc.elf.dir/Drivers/STM32G4xx_HAL_Driver/Src/stm32g4xx_hal_spi_ex.c.obj
LOAD CMakeFiles/foc.elf.dir/Drivers/STM32G4xx_HAL_Driver/Src/stm32g4xx_hal_tim.c.obj
LOAD CMakeFiles/foc.elf.dir/Drivers/STM32G4xx_HAL_Driver/Src/stm32g4xx_hal_tim_ex.c.obj
LOAD CMakeFiles/foc.elf.dir/Drivers/STM32G4xx_HAL_Driver/Src/stm32g4xx_hal_uart.c.obj
LOAD CMakeFiles/foc.elf.dir/Drivers/STM32G4xx_HAL_Driver/Src/stm32g4xx_hal_uart_ex.c.obj
LOAD CMakeFiles/foc.elf.dir/Drivers/STM32G4xx_HAL_Driver/Src/stm32g4xx_ll_adc.c.obj
LOAD CMakeFiles/foc.elf.dir/Drivers/STM32G4xx_HAL_Driver/Src/stm32g4xx_ll_usb.c.obj
LOAD CMakeFiles/foc.elf.dir/Middlewares/ST/STM32_USB_Device_Library/Class/CDC/Src/usbd_cdc.c.obj
LOAD CMakeFiles/foc.elf.dir/Middlewares/ST/STM32_USB_Device_Library/Core/Src/usbd_core.c.obj
LOAD CMakeFiles/foc.elf.dir/Middlewares/ST/STM32_USB_Device_Library/Core/Src/usbd_ctlreq.c.obj
LOAD CMakeFiles/foc.elf.dir/Middlewares/ST/STM32_USB_Device_Library/Core/Src/usbd_ioreq.c.obj
LOAD CMakeFiles/foc.elf.dir/Middlewares/Third_Party/FreeRTOS/Source/CMSIS_RTOS_V2/cmsis_os2.c.obj
LOAD CMakeFiles/foc.elf.dir/Middlewares/Third_Party/FreeRTOS/Source/croutine.c.obj
LOAD CMakeFiles/foc.elf.dir/Middlewares/Third_Party/FreeRTOS/Source/event_groups.c.obj
LOAD CMakeFiles/foc.elf.dir/Middlewares/Third_Party/FreeRTOS/Source/list.c.obj
LOAD CMakeFiles/foc.elf.dir/Middlewares/Third_Party/FreeRTOS/Source/portable/GCC/ARM_CM4F/port.c.obj
LOAD CMakeFiles/foc.elf.dir/Middlewares/Third_Party/FreeRTOS/Source/portable/MemMang/heap_4.c.obj
LOAD CMakeFiles/foc.elf.dir/Middlewares/Third_Party/FreeRTOS/Source/queue.c.obj
LOAD CMakeFiles/foc.elf.dir/Middlewares/Third_Party/FreeRTOS/Source/stream_buffer.c.obj
LOAD CMakeFiles/foc.elf.dir/Middlewares/Third_Party/FreeRTOS/Source/tasks.c.obj
LOAD CMakeFiles/foc.elf.dir/Middlewares/Third_Party/FreeRTOS/Source/timers.c.obj
LOAD CMakeFiles/foc.elf.dir/USB_Device/App/usb_device.c.obj
LOAD CMakeFiles/foc.elf.dir/USB_Device/App/usbd_cdc_if.c.obj
LOAD CMakeFiles/foc.elf.dir/USB_Device/App/usbd_desc.c.obj
LOAD CMakeFiles/foc.elf.dir/USB_Device/Target/usbd_conf.c.obj
LOAD CMakeFiles/foc.elf.dir/bsp/bsp.c.obj
LOAD CMakeFiles/foc.elf.dir/bsp/button/button.c.obj
LOAD CMakeFiles/foc.elf.dir/bsp/led/led.c.obj
LOAD CMakeFiles/foc.elf.dir/bsp/mt6701/mt6701.c.obj
LOAD CMakeFiles/foc.elf.dir/foc/digital_filter.c.obj
LOAD CMakeFiles/foc.elf.dir/foc/encoder.c.obj
LOAD CMakeFiles/foc.elf.dir/foc/foc.c.obj
LOAD CMakeFiles/foc.elf.dir/foc/hfi.c.obj
LOAD CMakeFiles/foc.elf.dir/foc/motor.c.obj
LOAD CMakeFiles/foc.elf.dir/foc/pid.c.obj
LOAD CMakeFiles/foc.elf.dir/foc/utils.c.obj
LOAD C:/Users/LiuDongPeng/Desktop/g474/foc/Middlewares/ST/ARM/DSP/Lib/libarm_cortexM4lf_math.a
START GROUP
LOAD d:/gnuarm~1/102021~1.10/bin/../lib/gcc/arm-none-eabi/10.3.1/thumb/v7e-m+fp/hard\libgcc.a
LOAD d:/gnuarm~1/102021~1.10/bin/../lib/gcc/arm-none-eabi/10.3.1/../../../../arm-none-eabi/lib/thumb/v7e-m+fp/hard\libg.a
LOAD d:/gnuarm~1/102021~1.10/bin/../lib/gcc/arm-none-eabi/10.3.1/../../../../arm-none-eabi/lib/thumb/v7e-m+fp/hard\libc.a
END GROUP
LOAD d:/gnuarm~1/102021~1.10/bin/../lib/gcc/arm-none-eabi/10.3.1/thumb/v7e-m+fp/hard/crtend.o
LOAD d:/gnuarm~1/102021~1.10/bin/../lib/gcc/arm-none-eabi/10.3.1/thumb/v7e-m+fp/hard/crtn.o
                0x20020000                _estack = (ORIGIN (RAM) + LENGTH (RAM))
                0x00000800                _Min_Heap_Size = 0x800
                0x00000800                _Min_Stack_Size = 0x800

.isr_vector     0x08000000      0x1d8
                0x08000000                . = ALIGN (0x4)
 *(.isr_vector)
 .isr_vector    0x08000000      0x1d8 CMakeFiles/foc.elf.dir/Core/Startup/startup_stm32g474retx.s.obj
                0x08000000                g_pfnVectors
                0x080001d8                . = ALIGN (0x4)

.text           0x08000200    0x13338
                0x08000200                . = ALIGN (0x4)
 *(.text)
 .text          0x08000200       0x40 d:/gnuarm~1/102021~1.10/bin/../lib/gcc/arm-none-eabi/10.3.1/thumb/v7e-m+fp/hard/crtbegin.o
 .text          0x08000240      0x378 d:/gnuarm~1/102021~1.10/bin/../lib/gcc/arm-none-eabi/10.3.1/thumb/v7e-m+fp/hard\libgcc.a(_arm_addsubdf3.o)
                0x08000240                __aeabi_drsub
                0x08000248                __aeabi_dsub
                0x08000248                __subdf3
                0x0800024c                __aeabi_dadd
                0x0800024c                __adddf3
                0x080004c4                __floatunsidf
                0x080004c4                __aeabi_ui2d
                0x080004e4                __floatsidf
                0x080004e4                __aeabi_i2d
                0x08000508                __aeabi_f2d
                0x08000508                __extendsfdf2
                0x0800054c                __floatundidf
                0x0800054c                __aeabi_ul2d
                0x0800055c                __floatdidf
                0x0800055c                __aeabi_l2d
 .text          0x080005b8      0x424 d:/gnuarm~1/102021~1.10/bin/../lib/gcc/arm-none-eabi/10.3.1/thumb/v7e-m+fp/hard\libgcc.a(_arm_muldivdf3.o)
                0x080005b8                __aeabi_dmul
                0x080005b8                __muldf3
                0x0800080c                __divdf3
                0x0800080c                __aeabi_ddiv
 .text          0x080009dc      0x110 d:/gnuarm~1/102021~1.10/bin/../lib/gcc/arm-none-eabi/10.3.1/thumb/v7e-m+fp/hard\libgcc.a(_arm_cmpdf2.o)
                0x080009dc                __gtdf2
                0x080009dc                __gedf2
                0x080009e4                __ltdf2
                0x080009e4                __ledf2
                0x080009ec                __nedf2
                0x080009ec                __eqdf2
                0x080009ec                __cmpdf2
                0x08000a68                __aeabi_cdrcmple
                0x08000a78                __aeabi_cdcmpeq
                0x08000a78                __aeabi_cdcmple
                0x08000a88                __aeabi_dcmpeq
                0x08000a9c                __aeabi_dcmplt
                0x08000ab0                __aeabi_dcmple
                0x08000ac4                __aeabi_dcmpge
                0x08000ad8                __aeabi_dcmpgt
 .text          0x08000aec       0xa0 d:/gnuarm~1/102021~1.10/bin/../lib/gcc/arm-none-eabi/10.3.1/thumb/v7e-m+fp/hard\libgcc.a(_arm_truncdfsf2.o)
                0x08000aec                __truncdfsf2
                0x08000aec                __aeabi_d2f
 .text          0x08000b8c       0x30 d:/gnuarm~1/102021~1.10/bin/../lib/gcc/arm-none-eabi/10.3.1/thumb/v7e-m+fp/hard\libgcc.a(_aeabi_uldivmod.o)
                0x08000b8c                __aeabi_uldivmod
 .text          0x08000bbc      0x2d0 d:/gnuarm~1/102021~1.10/bin/../lib/gcc/arm-none-eabi/10.3.1/thumb/v7e-m+fp/hard\libgcc.a(_udivmoddi4.o)
                0x08000bbc                __udivmoddi4
 .text          0x08000e8c        0x4 d:/gnuarm~1/102021~1.10/bin/../lib/gcc/arm-none-eabi/10.3.1/thumb/v7e-m+fp/hard\libgcc.a(_dvmd_tls.o)
                0x08000e8c                __aeabi_idiv0
                0x08000e8c                __aeabi_ldiv0
 .text          0x08000e90       0x40 d:/gnuarm~1/102021~1.10/bin/../lib/gcc/arm-none-eabi/10.3.1/thumb/v7e-m+fp/hard\libgcc.a(_arm_fixunsdfsi.o)
                0x08000e90                __aeabi_d2uiz
                0x08000e90                __fixunsdfsi
 .text          0x08000ed0      0x134 d:/gnuarm~1/102021~1.10/bin/../lib/gcc/arm-none-eabi/10.3.1/../../../../arm-none-eabi/lib/thumb/v7e-m+fp/hard\libg.a(lib_a-memcpy.o)
                0x08000ed0                memcpy
 *fill*         0x08001004       0x3c 
 .text          0x08001040       0xdc d:/gnuarm~1/102021~1.10/bin/../lib/gcc/arm-none-eabi/10.3.1/../../../../arm-none-eabi/lib/thumb/v7e-m+fp/hard\libg.a(lib_a-strlen.o)
                0x08001040                strlen
 *fill*         0x0800111c        0x4 
 .text          0x08001120       0xa0 d:/gnuarm~1/102021~1.10/bin/../lib/gcc/arm-none-eabi/10.3.1/../../../../arm-none-eabi/lib/thumb/v7e-m+fp/hard\libg.a(lib_a-memchr.o)
                0x08001120                memchr
 .text          0x080011c0       0x30 d:/gnuarm~1/102021~1.10/bin/../lib/gcc/arm-none-eabi/10.3.1/thumb/v7e-m+fp/hard\libgcc.a(_fixdfdi.o)
                0x080011c0                __fixdfdi
                0x080011c0                __aeabi_d2lz
 .text          0x080011f0       0x3c d:/gnuarm~1/102021~1.10/bin/../lib/gcc/arm-none-eabi/10.3.1/thumb/v7e-m+fp/hard\libgcc.a(_fixunsdfdi.o)
                0x080011f0                __fixunsdfdi
                0x080011f0                __aeabi_d2ulz
 *(.text*)
 .text.MX_ADC1_Init
                0x0800122c       0xb4 CMakeFiles/foc.elf.dir/Core/Src/adc.c.obj
                0x0800122c                MX_ADC1_Init
 .text.MX_ADC2_Init
                0x080012e0      0x11c CMakeFiles/foc.elf.dir/Core/Src/adc.c.obj
                0x080012e0                MX_ADC2_Init
 .text.HAL_ADC_MspInit
                0x080013fc      0x150 CMakeFiles/foc.elf.dir/Core/Src/adc.c.obj
                0x080013fc                HAL_ADC_MspInit
 .text.bsp_btn_event_callback
                0x0800154c       0xdc CMakeFiles/foc.elf.dir/Core/Src/app_freertos.c.obj
 .text.StartDefaultTask
                0x08001628       0x88 CMakeFiles/foc.elf.dir/Core/Src/app_freertos.c.obj
                0x08001628                StartDefaultTask
 .text.StartBtnScanTask
                0x080016b0       0x14 CMakeFiles/foc.elf.dir/Core/Src/app_freertos.c.obj
                0x080016b0                StartBtnScanTask
 .text.vofa_cmd_parse
                0x080016c4       0x1e CMakeFiles/foc.elf.dir/Core/Src/app_freertos.c.obj
 *fill*         0x080016e2        0x2 
 .text.MX_FREERTOS_Init
                0x080016e4       0xac CMakeFiles/foc.elf.dir/Core/Src/app_freertos.c.obj
                0x080016e4                MX_FREERTOS_Init
 .text.HAL_ADCEx_InjectedConvCpltCallback
                0x08001790      0x334 CMakeFiles/foc.elf.dir/Core/Src/app_freertos.c.obj
                0x08001790                HAL_ADCEx_InjectedConvCpltCallback
 .text.HAL_UARTEx_RxEventCallback
                0x08001ac4      0x290 CMakeFiles/foc.elf.dir/Core/Src/app_freertos.c.obj
                0x08001ac4                HAL_UARTEx_RxEventCallback
 .text.MX_DMA_Init
                0x08001d54       0x54 CMakeFiles/foc.elf.dir/Core/Src/dma.c.obj
                0x08001d54                MX_DMA_Init
 .text.MX_GPIO_Init
                0x08001da8      0x17c CMakeFiles/foc.elf.dir/Core/Src/gpio.c.obj
                0x08001da8                MX_GPIO_Init
 .text.HAL_TIM_PeriodElapsedCallback
                0x08001f24       0x18 CMakeFiles/foc.elf.dir/Core/Src/main.c.obj
                0x08001f24                HAL_TIM_PeriodElapsedCallback
 .text.Error_Handler
                0x08001f3c        0x4 CMakeFiles/foc.elf.dir/Core/Src/main.c.obj
                0x08001f3c                Error_Handler
 .text.SystemClock_Config
                0x08001f40       0x78 CMakeFiles/foc.elf.dir/Core/Src/main.c.obj
                0x08001f40                SystemClock_Config
 .text.main     0x08001fb8       0x3c CMakeFiles/foc.elf.dir/Core/Src/main.c.obj
                0x08001fb8                main
 .text.MX_SPI1_Init
                0x08001ff4       0x4c CMakeFiles/foc.elf.dir/Core/Src/spi.c.obj
                0x08001ff4                MX_SPI1_Init
 .text.MX_SPI3_Init
                0x08002040       0x4c CMakeFiles/foc.elf.dir/Core/Src/spi.c.obj
                0x08002040                MX_SPI3_Init
 .text.HAL_SPI_MspInit
                0x0800208c       0xb4 CMakeFiles/foc.elf.dir/Core/Src/spi.c.obj
                0x0800208c                HAL_SPI_MspInit
 .text.HAL_MspInit
                0x08002140       0x44 CMakeFiles/foc.elf.dir/Core/Src/stm32g4xx_hal_msp.c.obj
                0x08002140                HAL_MspInit
 .text.HAL_InitTick
                0x08002184       0x94 CMakeFiles/foc.elf.dir/Core/Src/stm32g4xx_hal_timebase_tim.c.obj
                0x08002184                HAL_InitTick
 .text.NMI_Handler
                0x08002218        0x8 CMakeFiles/foc.elf.dir/Core/Src/stm32g4xx_it.c.obj
                0x08002218                NMI_Handler
 .text.HardFault_Handler
                0x08002220        0x2 CMakeFiles/foc.elf.dir/Core/Src/stm32g4xx_it.c.obj
                0x08002220                HardFault_Handler
 .text.MemManage_Handler
                0x08002222        0x2 CMakeFiles/foc.elf.dir/Core/Src/stm32g4xx_it.c.obj
                0x08002222                MemManage_Handler
 .text.BusFault_Handler
                0x08002224        0x2 CMakeFiles/foc.elf.dir/Core/Src/stm32g4xx_it.c.obj
                0x08002224                BusFault_Handler
 .text.UsageFault_Handler
                0x08002226        0x2 CMakeFiles/foc.elf.dir/Core/Src/stm32g4xx_it.c.obj
                0x08002226                UsageFault_Handler
 .text.DebugMon_Handler
                0x08002228        0x2 CMakeFiles/foc.elf.dir/Core/Src/stm32g4xx_it.c.obj
                0x08002228                DebugMon_Handler
 *fill*         0x0800222a        0x2 
 .text.DMA1_Channel1_IRQHandler
                0x0800222c       0x10 CMakeFiles/foc.elf.dir/Core/Src/stm32g4xx_it.c.obj
                0x0800222c                DMA1_Channel1_IRQHandler
 .text.DMA1_Channel2_IRQHandler
                0x0800223c       0x10 CMakeFiles/foc.elf.dir/Core/Src/stm32g4xx_it.c.obj
                0x0800223c                DMA1_Channel2_IRQHandler
 .text.ADC1_2_IRQHandler
                0x0800224c       0x18 CMakeFiles/foc.elf.dir/Core/Src/stm32g4xx_it.c.obj
                0x0800224c                ADC1_2_IRQHandler
 .text.USB_LP_IRQHandler
                0x08002264       0x10 CMakeFiles/foc.elf.dir/Core/Src/stm32g4xx_it.c.obj
                0x08002264                USB_LP_IRQHandler
 .text.USART3_IRQHandler
                0x08002274       0x10 CMakeFiles/foc.elf.dir/Core/Src/stm32g4xx_it.c.obj
                0x08002274                USART3_IRQHandler
 .text.TIM20_UP_IRQHandler
                0x08002284       0x10 CMakeFiles/foc.elf.dir/Core/Src/stm32g4xx_it.c.obj
                0x08002284                TIM20_UP_IRQHandler
 .text._getpid  0x08002294        0x4 CMakeFiles/foc.elf.dir/Core/Src/syscalls.c.obj
                0x08002294                _getpid
 .text._kill    0x08002298       0x10 CMakeFiles/foc.elf.dir/Core/Src/syscalls.c.obj
                0x08002298                _kill
 .text._exit    0x080022a8        0xc CMakeFiles/foc.elf.dir/Core/Src/syscalls.c.obj
                0x080022a8                _exit
 .text._read    0x080022b4       0x20 CMakeFiles/foc.elf.dir/Core/Src/syscalls.c.obj
                0x080022b4                _read
 .text._write   0x080022d4       0x1c CMakeFiles/foc.elf.dir/Core/Src/syscalls.c.obj
                0x080022d4                _write
 .text._close   0x080022f0        0x6 CMakeFiles/foc.elf.dir/Core/Src/syscalls.c.obj
                0x080022f0                _close
 .text._fstat   0x080022f6        0xa CMakeFiles/foc.elf.dir/Core/Src/syscalls.c.obj
                0x080022f6                _fstat
 .text._isatty  0x08002300        0x4 CMakeFiles/foc.elf.dir/Core/Src/syscalls.c.obj
                0x08002300                _isatty
 .text._lseek   0x08002304        0x4 CMakeFiles/foc.elf.dir/Core/Src/syscalls.c.obj
                0x08002304                _lseek
 .text._sbrk    0x08002308       0x48 CMakeFiles/foc.elf.dir/Core/Src/sysmem.c.obj
                0x08002308                _sbrk
 .text.SystemInit
                0x08002350       0x14 CMakeFiles/foc.elf.dir/Core/Src/system_stm32g4xx.c.obj
                0x08002350                SystemInit
 .text.HAL_TIM_Base_MspInit
                0x08002364       0x2c CMakeFiles/foc.elf.dir/Core/Src/tim.c.obj
                0x08002364                HAL_TIM_Base_MspInit
 .text.HAL_TIM_MspPostInit
                0x08002390       0x98 CMakeFiles/foc.elf.dir/Core/Src/tim.c.obj
                0x08002390                HAL_TIM_MspPostInit
 .text.MX_TIM1_Init
                0x08002428      0x150 CMakeFiles/foc.elf.dir/Core/Src/tim.c.obj
                0x08002428                MX_TIM1_Init
 .text.MX_USART3_UART_Init
                0x08002578       0x6c CMakeFiles/foc.elf.dir/Core/Src/usart.c.obj
                0x08002578                MX_USART3_UART_Init
 .text.HAL_UART_MspInit
                0x080025e4      0x10c CMakeFiles/foc.elf.dir/Core/Src/usart.c.obj
                0x080025e4                HAL_UART_MspInit
 .text.__io_putchar
                0x080026f0       0x20 CMakeFiles/foc.elf.dir/Core/Src/usart.c.obj
                0x080026f0                __io_putchar
 .text.Reset_Handler
                0x08002710       0x50 CMakeFiles/foc.elf.dir/Core/Startup/startup_stm32g474retx.s.obj
                0x08002710                Reset_Handler
 .text.Default_Handler
                0x08002760        0x2 CMakeFiles/foc.elf.dir/Core/Startup/startup_stm32g474retx.s.obj
                0x08002760                RTC_Alarm_IRQHandler
                0x08002760                EXTI2_IRQHandler
                0x08002760                TIM8_TRG_COM_IRQHandler
                0x08002760                TIM8_CC_IRQHandler
                0x08002760                HRTIM1_Master_IRQHandler
                0x08002760                SPI4_IRQHandler
                0x08002760                FDCAN3_IT0_IRQHandler
                0x08002760                TIM1_CC_IRQHandler
                0x08002760                HRTIM1_FLT_IRQHandler
                0x08002760                HRTIM1_TIMF_IRQHandler
                0x08002760                USB_HP_IRQHandler
                0x08002760                CORDIC_IRQHandler
                0x08002760                HRTIM1_TIMD_IRQHandler
                0x08002760                DMA2_Channel8_IRQHandler
                0x08002760                EXTI3_IRQHandler
                0x08002760                I2C3_ER_IRQHandler
                0x08002760                EXTI0_IRQHandler
                0x08002760                I2C2_EV_IRQHandler
                0x08002760                FPU_IRQHandler
                0x08002760                FDCAN1_IT1_IRQHandler
                0x08002760                TIM1_UP_TIM16_IRQHandler
                0x08002760                HRTIM1_TIME_IRQHandler
                0x08002760                SPI1_IRQHandler
                0x08002760                TIM6_DAC_IRQHandler
                0x08002760                HRTIM1_TIMC_IRQHandler
                0x08002760                TIM8_UP_IRQHandler
                0x08002760                DMA2_Channel2_IRQHandler
                0x08002760                DMA1_Channel4_IRQHandler
                0x08002760                TIM20_TRG_COM_IRQHandler
                0x08002760                DMA1_Channel7_IRQHandler
                0x08002760                UART5_IRQHandler
                0x08002760                ADC3_IRQHandler
                0x08002760                TIM4_IRQHandler
                0x08002760                DMA2_Channel1_IRQHandler
                0x08002760                QUADSPI_IRQHandler
                0x08002760                I2C1_EV_IRQHandler
                0x08002760                DMA1_Channel6_IRQHandler
                0x08002760                UART4_IRQHandler
                0x08002760                DMA2_Channel4_IRQHandler
                0x08002760                TIM3_IRQHandler
                0x08002760                RCC_IRQHandler
                0x08002760                Default_Handler
                0x08002760                DMA2_Channel7_IRQHandler
                0x08002760                RTC_TAMP_LSECSS_IRQHandler
                0x08002760                FMAC_IRQHandler
                0x08002760                EXTI15_10_IRQHandler
                0x08002760                DMA1_Channel8_IRQHandler
                0x08002760                HRTIM1_TIMA_IRQHandler
                0x08002760                TIM7_DAC_IRQHandler
                0x08002760                FDCAN3_IT1_IRQHandler
                0x08002760                TIM5_IRQHandler
                0x08002760                UCPD1_IRQHandler
                0x08002760                I2C3_EV_IRQHandler
                0x08002760                EXTI9_5_IRQHandler
                0x08002760                RTC_WKUP_IRQHandler
                0x08002760                PVD_PVM_IRQHandler
                0x08002760                SPI2_IRQHandler
                0x08002760                ADC5_IRQHandler
                0x08002760                DMA2_Channel5_IRQHandler
                0x08002760                CRS_IRQHandler
                0x08002760                DMA1_Channel5_IRQHandler
                0x08002760                EXTI4_IRQHandler
                0x08002760                RNG_IRQHandler
                0x08002760                HRTIM1_TIMB_IRQHandler
                0x08002760                TIM1_TRG_COM_TIM17_IRQHandler
                0x08002760                FDCAN2_IT1_IRQHandler
                0x08002760                DMA1_Channel3_IRQHandler
                0x08002760                ADC4_IRQHandler
                0x08002760                WWDG_IRQHandler
                0x08002760                I2C4_EV_IRQHandler
                0x08002760                FDCAN2_IT0_IRQHandler
                0x08002760                LPUART1_IRQHandler
                0x08002760                DMA2_Channel6_IRQHandler
                0x08002760                FDCAN1_IT0_IRQHandler
                0x08002760                TIM2_IRQHandler
                0x08002760                COMP7_IRQHandler
                0x08002760                COMP1_2_3_IRQHandler
                0x08002760                EXTI1_IRQHandler
                0x08002760                USART2_IRQHandler
                0x08002760                COMP4_5_6_IRQHandler
                0x08002760                TIM20_BRK_IRQHandler
                0x08002760                I2C2_ER_IRQHandler
                0x08002760                TIM8_BRK_IRQHandler
                0x08002760                FLASH_IRQHandler
                0x08002760                TIM20_CC_IRQHandler
                0x08002760                USART1_IRQHandler
                0x08002760                SPI3_IRQHandler
                0x08002760                I2C1_ER_IRQHandler
                0x08002760                FMC_IRQHandler
                0x08002760                LPTIM1_IRQHandler
                0x08002760                DMAMUX_OVR_IRQHandler
                0x08002760                I2C4_ER_IRQHandler
                0x08002760                USBWakeUp_IRQHandler
                0x08002760                SAI1_IRQHandler
                0x08002760                DMA2_Channel3_IRQHandler
                0x08002760                TIM1_BRK_TIM15_IRQHandler
 .text.HAL_Init
                0x08002762       0x1e CMakeFiles/foc.elf.dir/Drivers/STM32G4xx_HAL_Driver/Src/stm32g4xx_hal.c.obj
                0x08002762                HAL_Init
 .text.HAL_IncTick
                0x08002780       0x18 CMakeFiles/foc.elf.dir/Drivers/STM32G4xx_HAL_Driver/Src/stm32g4xx_hal.c.obj
                0x08002780                HAL_IncTick
 .text.HAL_GetTick
                0x08002798        0xc CMakeFiles/foc.elf.dir/Drivers/STM32G4xx_HAL_Driver/Src/stm32g4xx_hal.c.obj
                0x08002798                HAL_GetTick
 .text.HAL_Delay
                0x080027a4       0x28 CMakeFiles/foc.elf.dir/Drivers/STM32G4xx_HAL_Driver/Src/stm32g4xx_hal.c.obj
                0x080027a4                HAL_Delay
 .text.HAL_ADC_Init
                0x080027cc      0x29c CMakeFiles/foc.elf.dir/Drivers/STM32G4xx_HAL_Driver/Src/stm32g4xx_hal_adc.c.obj
                0x080027cc                HAL_ADC_Init
 .text.HAL_ADC_PollForConversion
                0x08002a68      0x14c CMakeFiles/foc.elf.dir/Drivers/STM32G4xx_HAL_Driver/Src/stm32g4xx_hal_adc.c.obj
                0x08002a68                HAL_ADC_PollForConversion
 .text.HAL_ADC_GetValue
                0x08002bb4        0x6 CMakeFiles/foc.elf.dir/Drivers/STM32G4xx_HAL_Driver/Src/stm32g4xx_hal_adc.c.obj
                0x08002bb4                HAL_ADC_GetValue
 .text.HAL_ADC_ConvCpltCallback
                0x08002bba        0x2 CMakeFiles/foc.elf.dir/Drivers/STM32G4xx_HAL_Driver/Src/stm32g4xx_hal_adc.c.obj
                0x08002bba                HAL_ADC_ConvCpltCallback
 .text.HAL_ADC_LevelOutOfWindowCallback
                0x08002bbc        0x2 CMakeFiles/foc.elf.dir/Drivers/STM32G4xx_HAL_Driver/Src/stm32g4xx_hal_adc.c.obj
                0x08002bbc                HAL_ADC_LevelOutOfWindowCallback
 .text.HAL_ADC_ErrorCallback
                0x08002bbe        0x2 CMakeFiles/foc.elf.dir/Drivers/STM32G4xx_HAL_Driver/Src/stm32g4xx_hal_adc.c.obj
                0x08002bbe                HAL_ADC_ErrorCallback
 .text.HAL_ADC_IRQHandler
                0x08002bc0      0x2e4 CMakeFiles/foc.elf.dir/Drivers/STM32G4xx_HAL_Driver/Src/stm32g4xx_hal_adc.c.obj
                0x08002bc0                HAL_ADC_IRQHandler
 .text.HAL_ADC_ConfigChannel
                0x08002ea4      0x538 CMakeFiles/foc.elf.dir/Drivers/STM32G4xx_HAL_Driver/Src/stm32g4xx_hal_adc.c.obj
                0x08002ea4                HAL_ADC_ConfigChannel
 .text.ADC_Enable
                0x080033dc       0xf8 CMakeFiles/foc.elf.dir/Drivers/STM32G4xx_HAL_Driver/Src/stm32g4xx_hal_adc.c.obj
                0x080033dc                ADC_Enable
 .text.HAL_ADC_Start
                0x080034d4      0x12c CMakeFiles/foc.elf.dir/Drivers/STM32G4xx_HAL_Driver/Src/stm32g4xx_hal_adc.c.obj
                0x080034d4                HAL_ADC_Start
 .text.ADC_Disable
                0x08003600       0x94 CMakeFiles/foc.elf.dir/Drivers/STM32G4xx_HAL_Driver/Src/stm32g4xx_hal_adc.c.obj
                0x08003600                ADC_Disable
 .text.HAL_ADCEx_Calibration_Start
                0x08003694       0x9c CMakeFiles/foc.elf.dir/Drivers/STM32G4xx_HAL_Driver/Src/stm32g4xx_hal_adc_ex.c.obj
                0x08003694                HAL_ADCEx_Calibration_Start
 .text.HAL_ADCEx_InjectedStart
                0x08003730      0x128 CMakeFiles/foc.elf.dir/Drivers/STM32G4xx_HAL_Driver/Src/stm32g4xx_hal_adc_ex.c.obj
                0x08003730                HAL_ADCEx_InjectedStart
 .text.HAL_ADCEx_InjectedStart_IT
                0x08003858      0x170 CMakeFiles/foc.elf.dir/Drivers/STM32G4xx_HAL_Driver/Src/stm32g4xx_hal_adc_ex.c.obj
                0x08003858                HAL_ADCEx_InjectedStart_IT
 .text.HAL_ADCEx_InjectedGetValue
                0x080039c8       0x38 CMakeFiles/foc.elf.dir/Drivers/STM32G4xx_HAL_Driver/Src/stm32g4xx_hal_adc_ex.c.obj
                0x080039c8                HAL_ADCEx_InjectedGetValue
 .text.HAL_ADCEx_InjectedQueueOverflowCallback
                0x08003a00        0x2 CMakeFiles/foc.elf.dir/Drivers/STM32G4xx_HAL_Driver/Src/stm32g4xx_hal_adc_ex.c.obj
                0x08003a00                HAL_ADCEx_InjectedQueueOverflowCallback
 .text.HAL_ADCEx_LevelOutOfWindow2Callback
                0x08003a02        0x2 CMakeFiles/foc.elf.dir/Drivers/STM32G4xx_HAL_Driver/Src/stm32g4xx_hal_adc_ex.c.obj
                0x08003a02                HAL_ADCEx_LevelOutOfWindow2Callback
 .text.HAL_ADCEx_LevelOutOfWindow3Callback
                0x08003a04        0x2 CMakeFiles/foc.elf.dir/Drivers/STM32G4xx_HAL_Driver/Src/stm32g4xx_hal_adc_ex.c.obj
                0x08003a04                HAL_ADCEx_LevelOutOfWindow3Callback
 .text.HAL_ADCEx_EndOfSamplingCallback
                0x08003a06        0x2 CMakeFiles/foc.elf.dir/Drivers/STM32G4xx_HAL_Driver/Src/stm32g4xx_hal_adc_ex.c.obj
                0x08003a06                HAL_ADCEx_EndOfSamplingCallback
 .text.HAL_ADCEx_InjectedConfigChannel
                0x08003a08      0x670 CMakeFiles/foc.elf.dir/Drivers/STM32G4xx_HAL_Driver/Src/stm32g4xx_hal_adc_ex.c.obj
                0x08003a08                HAL_ADCEx_InjectedConfigChannel
 .text.HAL_ADCEx_MultiModeConfigChannel
                0x08004078      0x1d4 CMakeFiles/foc.elf.dir/Drivers/STM32G4xx_HAL_Driver/Src/stm32g4xx_hal_adc_ex.c.obj
                0x08004078                HAL_ADCEx_MultiModeConfigChannel
 .text.HAL_NVIC_SetPriorityGrouping
                0x0800424c       0x24 CMakeFiles/foc.elf.dir/Drivers/STM32G4xx_HAL_Driver/Src/stm32g4xx_hal_cortex.c.obj
                0x0800424c                HAL_NVIC_SetPriorityGrouping
 .text.HAL_NVIC_SetPriority
                0x08004270       0x70 CMakeFiles/foc.elf.dir/Drivers/STM32G4xx_HAL_Driver/Src/stm32g4xx_hal_cortex.c.obj
                0x08004270                HAL_NVIC_SetPriority
 .text.HAL_NVIC_EnableIRQ
                0x080042e0       0x1c CMakeFiles/foc.elf.dir/Drivers/STM32G4xx_HAL_Driver/Src/stm32g4xx_hal_cortex.c.obj
                0x080042e0                HAL_NVIC_EnableIRQ
 .text.DMA_SetConfig
                0x080042fc       0x42 CMakeFiles/foc.elf.dir/Drivers/STM32G4xx_HAL_Driver/Src/stm32g4xx_hal_dma.c.obj
 *fill*         0x0800433e        0x2 
 .text.DMA_CalcDMAMUXChannelBaseAndMask
                0x08004340       0x48 CMakeFiles/foc.elf.dir/Drivers/STM32G4xx_HAL_Driver/Src/stm32g4xx_hal_dma.c.obj
 .text.DMA_CalcDMAMUXRequestGenBaseAndMask
                0x08004388       0x28 CMakeFiles/foc.elf.dir/Drivers/STM32G4xx_HAL_Driver/Src/stm32g4xx_hal_dma.c.obj
 .text.HAL_DMA_Init
                0x080043b0       0xd8 CMakeFiles/foc.elf.dir/Drivers/STM32G4xx_HAL_Driver/Src/stm32g4xx_hal_dma.c.obj
                0x080043b0                HAL_DMA_Init
 .text.HAL_DMA_Start_IT
                0x08004488       0x94 CMakeFiles/foc.elf.dir/Drivers/STM32G4xx_HAL_Driver/Src/stm32g4xx_hal_dma.c.obj
                0x08004488                HAL_DMA_Start_IT
 .text.HAL_DMA_Abort
                0x0800451c       0x6c CMakeFiles/foc.elf.dir/Drivers/STM32G4xx_HAL_Driver/Src/stm32g4xx_hal_dma.c.obj
                0x0800451c                HAL_DMA_Abort
 .text.HAL_DMA_Abort_IT
                0x08004588       0x7e CMakeFiles/foc.elf.dir/Drivers/STM32G4xx_HAL_Driver/Src/stm32g4xx_hal_dma.c.obj
                0x08004588                HAL_DMA_Abort_IT
 .text.HAL_DMA_IRQHandler
                0x08004606       0xc4 CMakeFiles/foc.elf.dir/Drivers/STM32G4xx_HAL_Driver/Src/stm32g4xx_hal_dma.c.obj
                0x08004606                HAL_DMA_IRQHandler
 *fill*         0x080046ca        0x2 
 .text.HAL_GPIO_Init
                0x080046cc      0x1d4 CMakeFiles/foc.elf.dir/Drivers/STM32G4xx_HAL_Driver/Src/stm32g4xx_hal_gpio.c.obj
                0x080046cc                HAL_GPIO_Init
 .text.HAL_GPIO_ReadPin
                0x080048a0        0xe CMakeFiles/foc.elf.dir/Drivers/STM32G4xx_HAL_Driver/Src/stm32g4xx_hal_gpio.c.obj
                0x080048a0                HAL_GPIO_ReadPin
 .text.HAL_GPIO_WritePin
                0x080048ae        0xa CMakeFiles/foc.elf.dir/Drivers/STM32G4xx_HAL_Driver/Src/stm32g4xx_hal_gpio.c.obj
                0x080048ae                HAL_GPIO_WritePin
 .text.HAL_PCD_EP_DB_Receive
                0x080048b8      0x118 CMakeFiles/foc.elf.dir/Drivers/STM32G4xx_HAL_Driver/Src/stm32g4xx_hal_pcd.c.obj
 .text.HAL_PCD_Init
                0x080049d0       0xb6 CMakeFiles/foc.elf.dir/Drivers/STM32G4xx_HAL_Driver/Src/stm32g4xx_hal_pcd.c.obj
                0x080049d0                HAL_PCD_Init
 .text.HAL_PCD_Start
                0x08004a86       0x2a CMakeFiles/foc.elf.dir/Drivers/STM32G4xx_HAL_Driver/Src/stm32g4xx_hal_pcd.c.obj
                0x08004a86                HAL_PCD_Start
 .text.HAL_PCD_EP_DB_Transmit
                0x08004ab0      0x414 CMakeFiles/foc.elf.dir/Drivers/STM32G4xx_HAL_Driver/Src/stm32g4xx_hal_pcd.c.obj
 .text.PCD_EP_ISR_Handler
                0x08004ec4      0x52e CMakeFiles/foc.elf.dir/Drivers/STM32G4xx_HAL_Driver/Src/stm32g4xx_hal_pcd.c.obj
 .text.HAL_PCD_SetAddress
                0x080053f2       0x26 CMakeFiles/foc.elf.dir/Drivers/STM32G4xx_HAL_Driver/Src/stm32g4xx_hal_pcd.c.obj
                0x080053f2                HAL_PCD_SetAddress
 .text.HAL_PCD_IRQHandler
                0x08005418      0x1b2 CMakeFiles/foc.elf.dir/Drivers/STM32G4xx_HAL_Driver/Src/stm32g4xx_hal_pcd.c.obj
                0x08005418                HAL_PCD_IRQHandler
 .text.HAL_PCD_EP_Open
                0x080055ca       0x84 CMakeFiles/foc.elf.dir/Drivers/STM32G4xx_HAL_Driver/Src/stm32g4xx_hal_pcd.c.obj
                0x080055ca                HAL_PCD_EP_Open
 .text.HAL_PCD_EP_Close
                0x0800564e       0x6c CMakeFiles/foc.elf.dir/Drivers/STM32G4xx_HAL_Driver/Src/stm32g4xx_hal_pcd.c.obj
                0x0800564e                HAL_PCD_EP_Close
 .text.HAL_PCD_EP_Receive
                0x080056ba       0x3a CMakeFiles/foc.elf.dir/Drivers/STM32G4xx_HAL_Driver/Src/stm32g4xx_hal_pcd.c.obj
                0x080056ba                HAL_PCD_EP_Receive
 .text.HAL_PCD_EP_GetRxCount
                0x080056f4       0x12 CMakeFiles/foc.elf.dir/Drivers/STM32G4xx_HAL_Driver/Src/stm32g4xx_hal_pcd.c.obj
                0x080056f4                HAL_PCD_EP_GetRxCount
 .text.HAL_PCD_EP_Transmit
                0x08005706       0x4c CMakeFiles/foc.elf.dir/Drivers/STM32G4xx_HAL_Driver/Src/stm32g4xx_hal_pcd.c.obj
                0x08005706                HAL_PCD_EP_Transmit
 .text.HAL_PCD_EP_SetStall
                0x08005752       0x72 CMakeFiles/foc.elf.dir/Drivers/STM32G4xx_HAL_Driver/Src/stm32g4xx_hal_pcd.c.obj
                0x08005752                HAL_PCD_EP_SetStall
 .text.HAL_PCD_EP_ClrStall
                0x080057c4       0x7e CMakeFiles/foc.elf.dir/Drivers/STM32G4xx_HAL_Driver/Src/stm32g4xx_hal_pcd.c.obj
                0x080057c4                HAL_PCD_EP_ClrStall
 .text.HAL_PCDEx_PMAConfig
                0x08005842       0x38 CMakeFiles/foc.elf.dir/Drivers/STM32G4xx_HAL_Driver/Src/stm32g4xx_hal_pcd_ex.c.obj
                0x08005842                HAL_PCDEx_PMAConfig
 .text.HAL_PCDEx_ActivateLPM
                0x0800587a       0x2c CMakeFiles/foc.elf.dir/Drivers/STM32G4xx_HAL_Driver/Src/stm32g4xx_hal_pcd_ex.c.obj
                0x0800587a                HAL_PCDEx_ActivateLPM
 *fill*         0x080058a6        0x2 
 .text.HAL_PWREx_ControlVoltageScaling
                0x080058a8      0x10c CMakeFiles/foc.elf.dir/Drivers/STM32G4xx_HAL_Driver/Src/stm32g4xx_hal_pwr_ex.c.obj
                0x080058a8                HAL_PWREx_ControlVoltageScaling
 .text.HAL_PWREx_DisableUCPDDeadBattery
                0x080059b4       0x10 CMakeFiles/foc.elf.dir/Drivers/STM32G4xx_HAL_Driver/Src/stm32g4xx_hal_pwr_ex.c.obj
                0x080059b4                HAL_PWREx_DisableUCPDDeadBattery
 .text.RCC_GetSysClockFreqFromPLLSource
                0x080059c4       0x58 CMakeFiles/foc.elf.dir/Drivers/STM32G4xx_HAL_Driver/Src/stm32g4xx_hal_rcc.c.obj
 .text.HAL_RCC_OscConfig
                0x08005a1c      0x4e4 CMakeFiles/foc.elf.dir/Drivers/STM32G4xx_HAL_Driver/Src/stm32g4xx_hal_rcc.c.obj
                0x08005a1c                HAL_RCC_OscConfig
 .text.HAL_RCC_GetSysClockFreq
                0x08005f00       0x88 CMakeFiles/foc.elf.dir/Drivers/STM32G4xx_HAL_Driver/Src/stm32g4xx_hal_rcc.c.obj
                0x08005f00                HAL_RCC_GetSysClockFreq
 .text.HAL_RCC_ClockConfig
                0x08005f88      0x1f8 CMakeFiles/foc.elf.dir/Drivers/STM32G4xx_HAL_Driver/Src/stm32g4xx_hal_rcc.c.obj
                0x08005f88                HAL_RCC_ClockConfig
 .text.HAL_RCC_GetHCLKFreq
                0x08006180        0xc CMakeFiles/foc.elf.dir/Drivers/STM32G4xx_HAL_Driver/Src/stm32g4xx_hal_rcc.c.obj
                0x08006180                HAL_RCC_GetHCLKFreq
 .text.HAL_RCC_GetPCLK1Freq
                0x0800618c       0x24 CMakeFiles/foc.elf.dir/Drivers/STM32G4xx_HAL_Driver/Src/stm32g4xx_hal_rcc.c.obj
                0x0800618c                HAL_RCC_GetPCLK1Freq
 .text.HAL_RCC_GetPCLK2Freq
                0x080061b0       0x24 CMakeFiles/foc.elf.dir/Drivers/STM32G4xx_HAL_Driver/Src/stm32g4xx_hal_rcc.c.obj
                0x080061b0                HAL_RCC_GetPCLK2Freq
 .text.HAL_RCC_GetClockConfig
                0x080061d4       0x3c CMakeFiles/foc.elf.dir/Drivers/STM32G4xx_HAL_Driver/Src/stm32g4xx_hal_rcc.c.obj
                0x080061d4                HAL_RCC_GetClockConfig
 .text.HAL_RCC_EnableCSS
                0x08006210       0x10 CMakeFiles/foc.elf.dir/Drivers/STM32G4xx_HAL_Driver/Src/stm32g4xx_hal_rcc.c.obj
                0x08006210                HAL_RCC_EnableCSS
 .text.HAL_RCC_CSSCallback
                0x08006220        0x2 CMakeFiles/foc.elf.dir/Drivers/STM32G4xx_HAL_Driver/Src/stm32g4xx_hal_rcc.c.obj
                0x08006220                HAL_RCC_CSSCallback
 *fill*         0x08006222        0x2 
 .text.HAL_RCC_NMI_IRQHandler
                0x08006224       0x20 CMakeFiles/foc.elf.dir/Drivers/STM32G4xx_HAL_Driver/Src/stm32g4xx_hal_rcc.c.obj
                0x08006224                HAL_RCC_NMI_IRQHandler
 .text.HAL_RCCEx_PeriphCLKConfig
                0x08006244      0x378 CMakeFiles/foc.elf.dir/Drivers/STM32G4xx_HAL_Driver/Src/stm32g4xx_hal_rcc_ex.c.obj
                0x08006244                HAL_RCCEx_PeriphCLKConfig
 .text.SPI_WaitFlagStateUntilTimeout
                0x080065bc       0xd4 CMakeFiles/foc.elf.dir/Drivers/STM32G4xx_HAL_Driver/Src/stm32g4xx_hal_spi.c.obj
 .text.SPI_WaitFifoStateUntilTimeout
                0x08006690       0xf4 CMakeFiles/foc.elf.dir/Drivers/STM32G4xx_HAL_Driver/Src/stm32g4xx_hal_spi.c.obj
 .text.SPI_EndRxTxTransaction
                0x08006784       0x62 CMakeFiles/foc.elf.dir/Drivers/STM32G4xx_HAL_Driver/Src/stm32g4xx_hal_spi.c.obj
 .text.HAL_SPI_Init
                0x080067e6       0xe8 CMakeFiles/foc.elf.dir/Drivers/STM32G4xx_HAL_Driver/Src/stm32g4xx_hal_spi.c.obj
                0x080067e6                HAL_SPI_Init
 .text.HAL_SPI_TransmitReceive
                0x080068ce      0x2ec CMakeFiles/foc.elf.dir/Drivers/STM32G4xx_HAL_Driver/Src/stm32g4xx_hal_spi.c.obj
                0x080068ce                HAL_SPI_TransmitReceive
 *fill*         0x08006bba        0x2 
 .text.TIM_OC1_SetConfig
                0x08006bbc       0xb0 CMakeFiles/foc.elf.dir/Drivers/STM32G4xx_HAL_Driver/Src/stm32g4xx_hal_tim.c.obj
 .text.TIM_OC3_SetConfig
                0x08006c6c       0x9c CMakeFiles/foc.elf.dir/Drivers/STM32G4xx_HAL_Driver/Src/stm32g4xx_hal_tim.c.obj
 .text.TIM_OC4_SetConfig
                0x08006d08       0x9c CMakeFiles/foc.elf.dir/Drivers/STM32G4xx_HAL_Driver/Src/stm32g4xx_hal_tim.c.obj
 .text.TIM_OC5_SetConfig
                0x08006da4       0x70 CMakeFiles/foc.elf.dir/Drivers/STM32G4xx_HAL_Driver/Src/stm32g4xx_hal_tim.c.obj
 .text.TIM_OC6_SetConfig
                0x08006e14       0x74 CMakeFiles/foc.elf.dir/Drivers/STM32G4xx_HAL_Driver/Src/stm32g4xx_hal_tim.c.obj
 .text.TIM_TI1_ConfigInputStage
                0x08006e88       0x26 CMakeFiles/foc.elf.dir/Drivers/STM32G4xx_HAL_Driver/Src/stm32g4xx_hal_tim.c.obj
 .text.TIM_TI2_ConfigInputStage
                0x08006eae       0x28 CMakeFiles/foc.elf.dir/Drivers/STM32G4xx_HAL_Driver/Src/stm32g4xx_hal_tim.c.obj
 .text.TIM_ITRx_SetConfig
                0x08006ed6       0x14 CMakeFiles/foc.elf.dir/Drivers/STM32G4xx_HAL_Driver/Src/stm32g4xx_hal_tim.c.obj
 *fill*         0x08006eea        0x2 
 .text.HAL_TIM_Base_Start_IT
                0x08006eec       0x94 CMakeFiles/foc.elf.dir/Drivers/STM32G4xx_HAL_Driver/Src/stm32g4xx_hal_tim.c.obj
                0x08006eec                HAL_TIM_Base_Start_IT
 .text.HAL_TIM_PWM_MspInit
                0x08006f80        0x2 CMakeFiles/foc.elf.dir/Drivers/STM32G4xx_HAL_Driver/Src/stm32g4xx_hal_tim.c.obj
                0x08006f80                HAL_TIM_PWM_MspInit
 .text.HAL_TIM_OC_DelayElapsedCallback
                0x08006f82        0x2 CMakeFiles/foc.elf.dir/Drivers/STM32G4xx_HAL_Driver/Src/stm32g4xx_hal_tim.c.obj
                0x08006f82                HAL_TIM_OC_DelayElapsedCallback
 .text.HAL_TIM_IC_CaptureCallback
                0x08006f84        0x2 CMakeFiles/foc.elf.dir/Drivers/STM32G4xx_HAL_Driver/Src/stm32g4xx_hal_tim.c.obj
                0x08006f84                HAL_TIM_IC_CaptureCallback
 .text.HAL_TIM_PWM_PulseFinishedCallback
                0x08006f86        0x2 CMakeFiles/foc.elf.dir/Drivers/STM32G4xx_HAL_Driver/Src/stm32g4xx_hal_tim.c.obj
                0x08006f86                HAL_TIM_PWM_PulseFinishedCallback
 .text.HAL_TIM_TriggerCallback
                0x08006f88        0x2 CMakeFiles/foc.elf.dir/Drivers/STM32G4xx_HAL_Driver/Src/stm32g4xx_hal_tim.c.obj
                0x08006f88                HAL_TIM_TriggerCallback
 .text.HAL_TIM_IRQHandler
                0x08006f8a      0x1ea CMakeFiles/foc.elf.dir/Drivers/STM32G4xx_HAL_Driver/Src/stm32g4xx_hal_tim.c.obj
                0x08006f8a                HAL_TIM_IRQHandler
 .text.TIM_Base_SetConfig
                0x08007174       0xf0 CMakeFiles/foc.elf.dir/Drivers/STM32G4xx_HAL_Driver/Src/stm32g4xx_hal_tim.c.obj
                0x08007174                TIM_Base_SetConfig
 .text.HAL_TIM_Base_Init
                0x08007264       0x60 CMakeFiles/foc.elf.dir/Drivers/STM32G4xx_HAL_Driver/Src/stm32g4xx_hal_tim.c.obj
                0x08007264                HAL_TIM_Base_Init
 .text.HAL_TIM_PWM_Init
                0x080072c4       0x60 CMakeFiles/foc.elf.dir/Drivers/STM32G4xx_HAL_Driver/Src/stm32g4xx_hal_tim.c.obj
                0x080072c4                HAL_TIM_PWM_Init
 .text.TIM_OC2_SetConfig
                0x08007324       0x9c CMakeFiles/foc.elf.dir/Drivers/STM32G4xx_HAL_Driver/Src/stm32g4xx_hal_tim.c.obj
                0x08007324                TIM_OC2_SetConfig
 .text.HAL_TIM_PWM_ConfigChannel
                0x080073c0      0x13a CMakeFiles/foc.elf.dir/Drivers/STM32G4xx_HAL_Driver/Src/stm32g4xx_hal_tim.c.obj
                0x080073c0                HAL_TIM_PWM_ConfigChannel
 .text.TIM_ETR_SetConfig
                0x080074fa       0x1a CMakeFiles/foc.elf.dir/Drivers/STM32G4xx_HAL_Driver/Src/stm32g4xx_hal_tim.c.obj
                0x080074fa                TIM_ETR_SetConfig
 .text.HAL_TIM_ConfigClockSource
                0x08007514      0x154 CMakeFiles/foc.elf.dir/Drivers/STM32G4xx_HAL_Driver/Src/stm32g4xx_hal_tim.c.obj
                0x08007514                HAL_TIM_ConfigClockSource
 .text.TIM_CCxChannelCmd
                0x08007668       0x1e CMakeFiles/foc.elf.dir/Drivers/STM32G4xx_HAL_Driver/Src/stm32g4xx_hal_tim.c.obj
                0x08007668                TIM_CCxChannelCmd
 *fill*         0x08007686        0x2 
 .text.HAL_TIM_PWM_Start
                0x08007688      0x170 CMakeFiles/foc.elf.dir/Drivers/STM32G4xx_HAL_Driver/Src/stm32g4xx_hal_tim.c.obj
                0x08007688                HAL_TIM_PWM_Start
 .text.HAL_TIM_PWM_Stop
                0x080077f8       0xc0 CMakeFiles/foc.elf.dir/Drivers/STM32G4xx_HAL_Driver/Src/stm32g4xx_hal_tim.c.obj
                0x080077f8                HAL_TIM_PWM_Stop
 .text.TIM_CCxNChannelCmd
                0x080078b8       0x1e CMakeFiles/foc.elf.dir/Drivers/STM32G4xx_HAL_Driver/Src/stm32g4xx_hal_tim_ex.c.obj
 *fill*         0x080078d6        0x2 
 .text.HAL_TIMEx_PWMN_Start
                0x080078d8      0x104 CMakeFiles/foc.elf.dir/Drivers/STM32G4xx_HAL_Driver/Src/stm32g4xx_hal_tim_ex.c.obj
                0x080078d8                HAL_TIMEx_PWMN_Start
 .text.HAL_TIMEx_PWMN_Stop
                0x080079dc       0x76 CMakeFiles/foc.elf.dir/Drivers/STM32G4xx_HAL_Driver/Src/stm32g4xx_hal_tim_ex.c.obj
                0x080079dc                HAL_TIMEx_PWMN_Stop
 *fill*         0x08007a52        0x2 
 .text.HAL_TIMEx_MasterConfigSynchronization
                0x08007a54       0xac CMakeFiles/foc.elf.dir/Drivers/STM32G4xx_HAL_Driver/Src/stm32g4xx_hal_tim_ex.c.obj
                0x08007a54                HAL_TIMEx_MasterConfigSynchronization
 .text.HAL_TIMEx_ConfigBreakDeadTime
                0x08007b00       0xa8 CMakeFiles/foc.elf.dir/Drivers/STM32G4xx_HAL_Driver/Src/stm32g4xx_hal_tim_ex.c.obj
                0x08007b00                HAL_TIMEx_ConfigBreakDeadTime
 .text.HAL_TIMEx_CommutCallback
                0x08007ba8        0x2 CMakeFiles/foc.elf.dir/Drivers/STM32G4xx_HAL_Driver/Src/stm32g4xx_hal_tim_ex.c.obj
                0x08007ba8                HAL_TIMEx_CommutCallback
 .text.HAL_TIMEx_BreakCallback
                0x08007baa        0x2 CMakeFiles/foc.elf.dir/Drivers/STM32G4xx_HAL_Driver/Src/stm32g4xx_hal_tim_ex.c.obj
                0x08007baa                HAL_TIMEx_BreakCallback
 .text.HAL_TIMEx_Break2Callback
                0x08007bac        0x2 CMakeFiles/foc.elf.dir/Drivers/STM32G4xx_HAL_Driver/Src/stm32g4xx_hal_tim_ex.c.obj
                0x08007bac                HAL_TIMEx_Break2Callback
 .text.HAL_TIMEx_EncoderIndexCallback
                0x08007bae        0x2 CMakeFiles/foc.elf.dir/Drivers/STM32G4xx_HAL_Driver/Src/stm32g4xx_hal_tim_ex.c.obj
                0x08007bae                HAL_TIMEx_EncoderIndexCallback
 .text.HAL_TIMEx_DirectionChangeCallback
                0x08007bb0        0x2 CMakeFiles/foc.elf.dir/Drivers/STM32G4xx_HAL_Driver/Src/stm32g4xx_hal_tim_ex.c.obj
                0x08007bb0                HAL_TIMEx_DirectionChangeCallback
 .text.HAL_TIMEx_IndexErrorCallback
                0x08007bb2        0x2 CMakeFiles/foc.elf.dir/Drivers/STM32G4xx_HAL_Driver/Src/stm32g4xx_hal_tim_ex.c.obj
                0x08007bb2                HAL_TIMEx_IndexErrorCallback
 .text.HAL_TIMEx_TransitionErrorCallback
                0x08007bb4        0x2 CMakeFiles/foc.elf.dir/Drivers/STM32G4xx_HAL_Driver/Src/stm32g4xx_hal_tim_ex.c.obj
                0x08007bb4                HAL_TIMEx_TransitionErrorCallback
 .text.UART_EndTxTransfer
                0x08007bb6       0x32 CMakeFiles/foc.elf.dir/Drivers/STM32G4xx_HAL_Driver/Src/stm32g4xx_hal_uart.c.obj
 .text.UART_EndRxTransfer
                0x08007be8       0x56 CMakeFiles/foc.elf.dir/Drivers/STM32G4xx_HAL_Driver/Src/stm32g4xx_hal_uart.c.obj
 *fill*         0x08007c3e        0x2 
 .text.HAL_UART_Transmit_DMA
                0x08007c40       0xa0 CMakeFiles/foc.elf.dir/Drivers/STM32G4xx_HAL_Driver/Src/stm32g4xx_hal_uart.c.obj
                0x08007c40                HAL_UART_Transmit_DMA
 .text.HAL_UART_TxCpltCallback
                0x08007ce0        0x2 CMakeFiles/foc.elf.dir/Drivers/STM32G4xx_HAL_Driver/Src/stm32g4xx_hal_uart.c.obj
                0x08007ce0                HAL_UART_TxCpltCallback
 .text.UART_DMATransmitCplt
                0x08007ce2       0x48 CMakeFiles/foc.elf.dir/Drivers/STM32G4xx_HAL_Driver/Src/stm32g4xx_hal_uart.c.obj
 .text.UART_EndTransmit_IT
                0x08007d2a       0x24 CMakeFiles/foc.elf.dir/Drivers/STM32G4xx_HAL_Driver/Src/stm32g4xx_hal_uart.c.obj
 .text.HAL_UART_TxHalfCpltCallback
                0x08007d4e        0x2 CMakeFiles/foc.elf.dir/Drivers/STM32G4xx_HAL_Driver/Src/stm32g4xx_hal_uart.c.obj
                0x08007d4e                HAL_UART_TxHalfCpltCallback
 .text.UART_DMATxHalfCplt
                0x08007d50        0xa CMakeFiles/foc.elf.dir/Drivers/STM32G4xx_HAL_Driver/Src/stm32g4xx_hal_uart.c.obj
 .text.HAL_UART_RxCpltCallback
                0x08007d5a        0x2 CMakeFiles/foc.elf.dir/Drivers/STM32G4xx_HAL_Driver/Src/stm32g4xx_hal_uart.c.obj
                0x08007d5a                HAL_UART_RxCpltCallback
 .text.HAL_UART_RxHalfCpltCallback
                0x08007d5c        0x2 CMakeFiles/foc.elf.dir/Drivers/STM32G4xx_HAL_Driver/Src/stm32g4xx_hal_uart.c.obj
                0x08007d5c                HAL_UART_RxHalfCpltCallback
 .text.HAL_UART_ErrorCallback
                0x08007d5e        0x2 CMakeFiles/foc.elf.dir/Drivers/STM32G4xx_HAL_Driver/Src/stm32g4xx_hal_uart.c.obj
                0x08007d5e                HAL_UART_ErrorCallback
 .text.UART_DMAError
                0x08007d60       0x58 CMakeFiles/foc.elf.dir/Drivers/STM32G4xx_HAL_Driver/Src/stm32g4xx_hal_uart.c.obj
 .text.UART_DMAAbortOnError
                0x08007db8       0x14 CMakeFiles/foc.elf.dir/Drivers/STM32G4xx_HAL_Driver/Src/stm32g4xx_hal_uart.c.obj
 .text.HAL_UART_IRQHandler
                0x08007dcc      0x348 CMakeFiles/foc.elf.dir/Drivers/STM32G4xx_HAL_Driver/Src/stm32g4xx_hal_uart.c.obj
                0x08007dcc                HAL_UART_IRQHandler
 .text.UART_DMARxHalfCplt
                0x08008114       0x20 CMakeFiles/foc.elf.dir/Drivers/STM32G4xx_HAL_Driver/Src/stm32g4xx_hal_uart.c.obj
 .text.UART_DMAReceiveCplt
                0x08008134       0x92 CMakeFiles/foc.elf.dir/Drivers/STM32G4xx_HAL_Driver/Src/stm32g4xx_hal_uart.c.obj
 *fill*         0x080081c6        0x2 
 .text.UART_SetConfig
                0x080081c8      0x388 CMakeFiles/foc.elf.dir/Drivers/STM32G4xx_HAL_Driver/Src/stm32g4xx_hal_uart.c.obj
                0x080081c8                UART_SetConfig
 .text.UART_AdvFeatureConfig
                0x08008550       0xca CMakeFiles/foc.elf.dir/Drivers/STM32G4xx_HAL_Driver/Src/stm32g4xx_hal_uart.c.obj
                0x08008550                UART_AdvFeatureConfig
 .text.UART_WaitOnFlagUntilTimeout
                0x0800861a       0xa2 CMakeFiles/foc.elf.dir/Drivers/STM32G4xx_HAL_Driver/Src/stm32g4xx_hal_uart.c.obj
                0x0800861a                UART_WaitOnFlagUntilTimeout
 .text.HAL_UART_Transmit
                0x080086bc       0xd2 CMakeFiles/foc.elf.dir/Drivers/STM32G4xx_HAL_Driver/Src/stm32g4xx_hal_uart.c.obj
                0x080086bc                HAL_UART_Transmit
 .text.UART_CheckIdleState
                0x0800878e       0xca CMakeFiles/foc.elf.dir/Drivers/STM32G4xx_HAL_Driver/Src/stm32g4xx_hal_uart.c.obj
                0x0800878e                UART_CheckIdleState
 .text.HAL_UART_Init
                0x08008858       0x66 CMakeFiles/foc.elf.dir/Drivers/STM32G4xx_HAL_Driver/Src/stm32g4xx_hal_uart.c.obj
                0x08008858                HAL_UART_Init
 *fill*         0x080088be        0x2 
 .text.UART_Start_Receive_DMA
                0x080088c0       0xb0 CMakeFiles/foc.elf.dir/Drivers/STM32G4xx_HAL_Driver/Src/stm32g4xx_hal_uart.c.obj
                0x080088c0                UART_Start_Receive_DMA
 .text.UARTEx_SetNbDataToProcess
                0x08008970       0x4c CMakeFiles/foc.elf.dir/Drivers/STM32G4xx_HAL_Driver/Src/stm32g4xx_hal_uart_ex.c.obj
 .text.HAL_UARTEx_WakeupCallback
                0x080089bc        0x2 CMakeFiles/foc.elf.dir/Drivers/STM32G4xx_HAL_Driver/Src/stm32g4xx_hal_uart_ex.c.obj
                0x080089bc                HAL_UARTEx_WakeupCallback
 .text.HAL_UARTEx_RxFifoFullCallback
                0x080089be        0x2 CMakeFiles/foc.elf.dir/Drivers/STM32G4xx_HAL_Driver/Src/stm32g4xx_hal_uart_ex.c.obj
                0x080089be                HAL_UARTEx_RxFifoFullCallback
 .text.HAL_UARTEx_TxFifoEmptyCallback
                0x080089c0        0x2 CMakeFiles/foc.elf.dir/Drivers/STM32G4xx_HAL_Driver/Src/stm32g4xx_hal_uart_ex.c.obj
                0x080089c0                HAL_UARTEx_TxFifoEmptyCallback
 .text.HAL_UARTEx_DisableFifoMode
                0x080089c2       0x3e CMakeFiles/foc.elf.dir/Drivers/STM32G4xx_HAL_Driver/Src/stm32g4xx_hal_uart_ex.c.obj
                0x080089c2                HAL_UARTEx_DisableFifoMode
 .text.HAL_UARTEx_SetTxFifoThreshold
                0x08008a00       0x4a CMakeFiles/foc.elf.dir/Drivers/STM32G4xx_HAL_Driver/Src/stm32g4xx_hal_uart_ex.c.obj
                0x08008a00                HAL_UARTEx_SetTxFifoThreshold
 .text.HAL_UARTEx_SetRxFifoThreshold
                0x08008a4a       0x4a CMakeFiles/foc.elf.dir/Drivers/STM32G4xx_HAL_Driver/Src/stm32g4xx_hal_uart_ex.c.obj
                0x08008a4a                HAL_UARTEx_SetRxFifoThreshold
 .text.HAL_UARTEx_ReceiveToIdle_DMA
                0x08008a94       0x50 CMakeFiles/foc.elf.dir/Drivers/STM32G4xx_HAL_Driver/Src/stm32g4xx_hal_uart_ex.c.obj
                0x08008a94                HAL_UARTEx_ReceiveToIdle_DMA
 .text.USB_EnableGlobalInt
                0x08008ae4       0x12 CMakeFiles/foc.elf.dir/Drivers/STM32G4xx_HAL_Driver/Src/stm32g4xx_ll_usb.c.obj
                0x08008ae4                USB_EnableGlobalInt
 .text.USB_DisableGlobalInt
                0x08008af6       0x14 CMakeFiles/foc.elf.dir/Drivers/STM32G4xx_HAL_Driver/Src/stm32g4xx_ll_usb.c.obj
                0x08008af6                USB_DisableGlobalInt
 .text.USB_DevInit
                0x08008b0a       0x22 CMakeFiles/foc.elf.dir/Drivers/STM32G4xx_HAL_Driver/Src/stm32g4xx_ll_usb.c.obj
                0x08008b0a                USB_DevInit
 .text.USB_ActivateEndpoint
                0x08008b2c      0x3ce CMakeFiles/foc.elf.dir/Drivers/STM32G4xx_HAL_Driver/Src/stm32g4xx_ll_usb.c.obj
                0x08008b2c                USB_ActivateEndpoint
 .text.USB_DeactivateEndpoint
                0x08008efa      0x1d6 CMakeFiles/foc.elf.dir/Drivers/STM32G4xx_HAL_Driver/Src/stm32g4xx_ll_usb.c.obj
                0x08008efa                USB_DeactivateEndpoint
 .text.USB_EPSetStall
                0x080090d0       0x4a CMakeFiles/foc.elf.dir/Drivers/STM32G4xx_HAL_Driver/Src/stm32g4xx_ll_usb.c.obj
                0x080090d0                USB_EPSetStall
 .text.USB_EPClearStall
                0x0800911a       0xa2 CMakeFiles/foc.elf.dir/Drivers/STM32G4xx_HAL_Driver/Src/stm32g4xx_ll_usb.c.obj
                0x0800911a                USB_EPClearStall
 .text.USB_SetDevAddress
                0x080091bc        0xc CMakeFiles/foc.elf.dir/Drivers/STM32G4xx_HAL_Driver/Src/stm32g4xx_ll_usb.c.obj
                0x080091bc                USB_SetDevAddress
 .text.USB_DevConnect
                0x080091c8       0x16 CMakeFiles/foc.elf.dir/Drivers/STM32G4xx_HAL_Driver/Src/stm32g4xx_ll_usb.c.obj
                0x080091c8                USB_DevConnect
 .text.USB_ReadInterrupts
                0x080091de        0x8 CMakeFiles/foc.elf.dir/Drivers/STM32G4xx_HAL_Driver/Src/stm32g4xx_ll_usb.c.obj
                0x080091de                USB_ReadInterrupts
 .text.USB_WritePMA
                0x080091e6       0x28 CMakeFiles/foc.elf.dir/Drivers/STM32G4xx_HAL_Driver/Src/stm32g4xx_ll_usb.c.obj
                0x080091e6                USB_WritePMA
 .text.USB_EPStartXfer
                0x0800920e      0x7ce CMakeFiles/foc.elf.dir/Drivers/STM32G4xx_HAL_Driver/Src/stm32g4xx_ll_usb.c.obj
                0x0800920e                USB_EPStartXfer
 .text.USB_ReadPMA
                0x080099dc       0x30 CMakeFiles/foc.elf.dir/Drivers/STM32G4xx_HAL_Driver/Src/stm32g4xx_ll_usb.c.obj
                0x080099dc                USB_ReadPMA
 .text.USBD_CDC_EP0_RxReady
                0x08009a0c       0x36 CMakeFiles/foc.elf.dir/Middlewares/ST/STM32_USB_Device_Library/Class/CDC/Src/usbd_cdc.c.obj
 *fill*         0x08009a42        0x2 
 .text.USBD_CDC_GetFSCfgDesc
                0x08009a44        0xc CMakeFiles/foc.elf.dir/Middlewares/ST/STM32_USB_Device_Library/Class/CDC/Src/usbd_cdc.c.obj
 .text.USBD_CDC_GetHSCfgDesc
                0x08009a50        0xc CMakeFiles/foc.elf.dir/Middlewares/ST/STM32_USB_Device_Library/Class/CDC/Src/usbd_cdc.c.obj
 .text.USBD_CDC_GetOtherSpeedCfgDesc
                0x08009a5c        0xc CMakeFiles/foc.elf.dir/Middlewares/ST/STM32_USB_Device_Library/Class/CDC/Src/usbd_cdc.c.obj
 .text.USBD_CDC_GetDeviceQualifierDescriptor
                0x08009a68        0xc CMakeFiles/foc.elf.dir/Middlewares/ST/STM32_USB_Device_Library/Class/CDC/Src/usbd_cdc.c.obj
                0x08009a68                USBD_CDC_GetDeviceQualifierDescriptor
 .text.USBD_CDC_DataOut
                0x08009a74       0x2a CMakeFiles/foc.elf.dir/Middlewares/ST/STM32_USB_Device_Library/Class/CDC/Src/usbd_cdc.c.obj
 .text.USBD_CDC_DataIn
                0x08009a9e       0x6a CMakeFiles/foc.elf.dir/Middlewares/ST/STM32_USB_Device_Library/Class/CDC/Src/usbd_cdc.c.obj
 .text.USBD_CDC_Setup
                0x08009b08       0xf4 CMakeFiles/foc.elf.dir/Middlewares/ST/STM32_USB_Device_Library/Class/CDC/Src/usbd_cdc.c.obj
 .text.USBD_CDC_DeInit
                0x08009bfc       0x48 CMakeFiles/foc.elf.dir/Middlewares/ST/STM32_USB_Device_Library/Class/CDC/Src/usbd_cdc.c.obj
 .text.USBD_CDC_Init
                0x08009c44       0xc2 CMakeFiles/foc.elf.dir/Middlewares/ST/STM32_USB_Device_Library/Class/CDC/Src/usbd_cdc.c.obj
 .text.USBD_CDC_RegisterInterface
                0x08009d06        0xe CMakeFiles/foc.elf.dir/Middlewares/ST/STM32_USB_Device_Library/Class/CDC/Src/usbd_cdc.c.obj
                0x08009d06                USBD_CDC_RegisterInterface
 .text.USBD_CDC_SetTxBuffer
                0x08009d14       0x16 CMakeFiles/foc.elf.dir/Middlewares/ST/STM32_USB_Device_Library/Class/CDC/Src/usbd_cdc.c.obj
                0x08009d14                USBD_CDC_SetTxBuffer
 .text.USBD_CDC_SetRxBuffer
                0x08009d2a       0x12 CMakeFiles/foc.elf.dir/Middlewares/ST/STM32_USB_Device_Library/Class/CDC/Src/usbd_cdc.c.obj
                0x08009d2a                USBD_CDC_SetRxBuffer
 .text.USBD_CDC_ReceivePacket
                0x08009d3c       0x32 CMakeFiles/foc.elf.dir/Middlewares/ST/STM32_USB_Device_Library/Class/CDC/Src/usbd_cdc.c.obj
                0x08009d3c                USBD_CDC_ReceivePacket
 .text.USBD_Init
                0x08009d6e       0x2e CMakeFiles/foc.elf.dir/Middlewares/ST/STM32_USB_Device_Library/Core/Src/usbd_core.c.obj
                0x08009d6e                USBD_Init
 .text.USBD_RegisterClass
                0x08009d9c       0x2e CMakeFiles/foc.elf.dir/Middlewares/ST/STM32_USB_Device_Library/Core/Src/usbd_core.c.obj
                0x08009d9c                USBD_RegisterClass
 .text.USBD_Start
                0x08009dca        0x8 CMakeFiles/foc.elf.dir/Middlewares/ST/STM32_USB_Device_Library/Core/Src/usbd_core.c.obj
                0x08009dca                USBD_Start
 .text.USBD_SetClassConfig
                0x08009dd2       0x12 CMakeFiles/foc.elf.dir/Middlewares/ST/STM32_USB_Device_Library/Core/Src/usbd_core.c.obj
                0x08009dd2                USBD_SetClassConfig
 .text.USBD_ClrClassConfig
                0x08009de4       0x10 CMakeFiles/foc.elf.dir/Middlewares/ST/STM32_USB_Device_Library/Core/Src/usbd_core.c.obj
                0x08009de4                USBD_ClrClassConfig
 .text.USBD_LL_SetupStage
                0x08009df4       0x58 CMakeFiles/foc.elf.dir/Middlewares/ST/STM32_USB_Device_Library/Core/Src/usbd_core.c.obj
                0x08009df4                USBD_LL_SetupStage
 .text.USBD_LL_DataOutStage
                0x08009e4c       0x78 CMakeFiles/foc.elf.dir/Middlewares/ST/STM32_USB_Device_Library/Core/Src/usbd_core.c.obj
                0x08009e4c                USBD_LL_DataOutStage
 .text.USBD_LL_DataInStage
                0x08009ec4       0xbe CMakeFiles/foc.elf.dir/Middlewares/ST/STM32_USB_Device_Library/Core/Src/usbd_core.c.obj
                0x08009ec4                USBD_LL_DataInStage
 .text.USBD_LL_Reset
                0x08009f82       0x5a CMakeFiles/foc.elf.dir/Middlewares/ST/STM32_USB_Device_Library/Core/Src/usbd_core.c.obj
                0x08009f82                USBD_LL_Reset
 .text.USBD_LL_SetSpeed
                0x08009fdc        0x6 CMakeFiles/foc.elf.dir/Middlewares/ST/STM32_USB_Device_Library/Core/Src/usbd_core.c.obj
                0x08009fdc                USBD_LL_SetSpeed
 .text.USBD_LL_Suspend
                0x08009fe2       0x14 CMakeFiles/foc.elf.dir/Middlewares/ST/STM32_USB_Device_Library/Core/Src/usbd_core.c.obj
                0x08009fe2                USBD_LL_Suspend
 .text.USBD_LL_Resume
                0x08009ff6       0x1a CMakeFiles/foc.elf.dir/Middlewares/ST/STM32_USB_Device_Library/Core/Src/usbd_core.c.obj
                0x08009ff6                USBD_LL_Resume
 .text.USBD_LL_SOF
                0x0800a010       0x28 CMakeFiles/foc.elf.dir/Middlewares/ST/STM32_USB_Device_Library/Core/Src/usbd_core.c.obj
                0x0800a010                USBD_LL_SOF
 .text.USBD_GetLen
                0x0800a038       0x14 CMakeFiles/foc.elf.dir/Middlewares/ST/STM32_USB_Device_Library/Core/Src/usbd_ctlreq.c.obj
 .text.USBD_SetFeature
                0x0800a04c       0x14 CMakeFiles/foc.elf.dir/Middlewares/ST/STM32_USB_Device_Library/Core/Src/usbd_ctlreq.c.obj
 .text.USBD_ParseSetupRequest
                0x0800a060       0x28 CMakeFiles/foc.elf.dir/Middlewares/ST/STM32_USB_Device_Library/Core/Src/usbd_ctlreq.c.obj
                0x0800a060                USBD_ParseSetupRequest
 .text.USBD_CtlError
                0x0800a088       0x14 CMakeFiles/foc.elf.dir/Middlewares/ST/STM32_USB_Device_Library/Core/Src/usbd_ctlreq.c.obj
                0x0800a088                USBD_CtlError
 .text.USBD_GetDescriptor
                0x0800a09c      0x1ac CMakeFiles/foc.elf.dir/Middlewares/ST/STM32_USB_Device_Library/Core/Src/usbd_ctlreq.c.obj
 .text.USBD_SetAddress
                0x0800a248       0x50 CMakeFiles/foc.elf.dir/Middlewares/ST/STM32_USB_Device_Library/Core/Src/usbd_ctlreq.c.obj
 .text.USBD_SetConfig
                0x0800a298       0xc8 CMakeFiles/foc.elf.dir/Middlewares/ST/STM32_USB_Device_Library/Core/Src/usbd_ctlreq.c.obj
 .text.USBD_GetConfig
                0x0800a360       0x40 CMakeFiles/foc.elf.dir/Middlewares/ST/STM32_USB_Device_Library/Core/Src/usbd_ctlreq.c.obj
 .text.USBD_GetStatus
                0x0800a3a0       0x38 CMakeFiles/foc.elf.dir/Middlewares/ST/STM32_USB_Device_Library/Core/Src/usbd_ctlreq.c.obj
 .text.USBD_ClrFeature
                0x0800a3d8       0x26 CMakeFiles/foc.elf.dir/Middlewares/ST/STM32_USB_Device_Library/Core/Src/usbd_ctlreq.c.obj
 .text.USBD_StdDevReq
                0x0800a3fe       0x70 CMakeFiles/foc.elf.dir/Middlewares/ST/STM32_USB_Device_Library/Core/Src/usbd_ctlreq.c.obj
                0x0800a3fe                USBD_StdDevReq
 .text.USBD_StdItfReq
                0x0800a46e       0x68 CMakeFiles/foc.elf.dir/Middlewares/ST/STM32_USB_Device_Library/Core/Src/usbd_ctlreq.c.obj
                0x0800a46e                USBD_StdItfReq
 .text.USBD_StdEPReq
                0x0800a4d6      0x1ec CMakeFiles/foc.elf.dir/Middlewares/ST/STM32_USB_Device_Library/Core/Src/usbd_ctlreq.c.obj
                0x0800a4d6                USBD_StdEPReq
 .text.USBD_GetString
                0x0800a6c2       0x3a CMakeFiles/foc.elf.dir/Middlewares/ST/STM32_USB_Device_Library/Core/Src/usbd_ctlreq.c.obj
                0x0800a6c2                USBD_GetString
 .text.USBD_CtlSendData
                0x0800a6fc       0x1a CMakeFiles/foc.elf.dir/Middlewares/ST/STM32_USB_Device_Library/Core/Src/usbd_ioreq.c.obj
                0x0800a6fc                USBD_CtlSendData
 .text.USBD_CtlContinueSendData
                0x0800a716       0x10 CMakeFiles/foc.elf.dir/Middlewares/ST/STM32_USB_Device_Library/Core/Src/usbd_ioreq.c.obj
                0x0800a716                USBD_CtlContinueSendData
 .text.USBD_CtlPrepareRx
                0x0800a726       0x1e CMakeFiles/foc.elf.dir/Middlewares/ST/STM32_USB_Device_Library/Core/Src/usbd_ioreq.c.obj
                0x0800a726                USBD_CtlPrepareRx
 .text.USBD_CtlContinueRx
                0x0800a744       0x10 CMakeFiles/foc.elf.dir/Middlewares/ST/STM32_USB_Device_Library/Core/Src/usbd_ioreq.c.obj
                0x0800a744                USBD_CtlContinueRx
 .text.USBD_CtlSendStatus
                0x0800a754       0x16 CMakeFiles/foc.elf.dir/Middlewares/ST/STM32_USB_Device_Library/Core/Src/usbd_ioreq.c.obj
                0x0800a754                USBD_CtlSendStatus
 .text.USBD_CtlReceiveStatus
                0x0800a76a       0x16 CMakeFiles/foc.elf.dir/Middlewares/ST/STM32_USB_Device_Library/Core/Src/usbd_ioreq.c.obj
                0x0800a76a                USBD_CtlReceiveStatus
 .text.SysTick_Handler
                0x0800a780       0x18 CMakeFiles/foc.elf.dir/Middlewares/Third_Party/FreeRTOS/Source/CMSIS_RTOS_V2/cmsis_os2.c.obj
                0x0800a780                SysTick_Handler
 .text.osKernelInitialize
                0x0800a798       0x24 CMakeFiles/foc.elf.dir/Middlewares/Third_Party/FreeRTOS/Source/CMSIS_RTOS_V2/cmsis_os2.c.obj
                0x0800a798                osKernelInitialize
 .text.osKernelStart
                0x0800a7bc       0x38 CMakeFiles/foc.elf.dir/Middlewares/Third_Party/FreeRTOS/Source/CMSIS_RTOS_V2/cmsis_os2.c.obj
                0x0800a7bc                osKernelStart
 .text.osThreadNew
                0x0800a7f4       0xbe CMakeFiles/foc.elf.dir/Middlewares/Third_Party/FreeRTOS/Source/CMSIS_RTOS_V2/cmsis_os2.c.obj
                0x0800a7f4                osThreadNew
 .text.osDelay  0x0800a8b2       0x1c CMakeFiles/foc.elf.dir/Middlewares/Third_Party/FreeRTOS/Source/CMSIS_RTOS_V2/cmsis_os2.c.obj
                0x0800a8b2                osDelay
 *fill*         0x0800a8ce        0x2 
 .text.vApplicationGetIdleTaskMemory
                0x0800a8d0       0x18 CMakeFiles/foc.elf.dir/Middlewares/Third_Party/FreeRTOS/Source/CMSIS_RTOS_V2/cmsis_os2.c.obj
                0x0800a8d0                vApplicationGetIdleTaskMemory
 .text.vApplicationGetTimerTaskMemory
                0x0800a8e8       0x18 CMakeFiles/foc.elf.dir/Middlewares/Third_Party/FreeRTOS/Source/CMSIS_RTOS_V2/cmsis_os2.c.obj
                0x0800a8e8                vApplicationGetTimerTaskMemory
 .text.vListInitialise
                0x0800a900       0x16 CMakeFiles/foc.elf.dir/Middlewares/Third_Party/FreeRTOS/Source/list.c.obj
                0x0800a900                vListInitialise
 .text.vListInitialiseItem
                0x0800a916        0x6 CMakeFiles/foc.elf.dir/Middlewares/Third_Party/FreeRTOS/Source/list.c.obj
                0x0800a916                vListInitialiseItem
 .text.vListInsertEnd
                0x0800a91c       0x16 CMakeFiles/foc.elf.dir/Middlewares/Third_Party/FreeRTOS/Source/list.c.obj
                0x0800a91c                vListInsertEnd
 .text.vListInsert
                0x0800a932       0x32 CMakeFiles/foc.elf.dir/Middlewares/Third_Party/FreeRTOS/Source/list.c.obj
                0x0800a932                vListInsert
 .text.uxListRemove
                0x0800a964       0x26 CMakeFiles/foc.elf.dir/Middlewares/Third_Party/FreeRTOS/Source/list.c.obj
                0x0800a964                uxListRemove
 *fill*         0x0800a98a        0x2 
 .text.prvTaskExitError
                0x0800a98c       0x40 CMakeFiles/foc.elf.dir/Middlewares/Third_Party/FreeRTOS/Source/portable/GCC/ARM_CM4F/port.c.obj
 .text.prvPortStartFirstTask
                0x0800a9cc       0x28 CMakeFiles/foc.elf.dir/Middlewares/Third_Party/FreeRTOS/Source/portable/GCC/ARM_CM4F/port.c.obj
 .text.vPortEnableVFP
                0x0800a9f4       0x14 CMakeFiles/foc.elf.dir/Middlewares/Third_Party/FreeRTOS/Source/portable/GCC/ARM_CM4F/port.c.obj
 .text.pxPortInitialiseStack
                0x0800aa08       0x2c CMakeFiles/foc.elf.dir/Middlewares/Third_Party/FreeRTOS/Source/portable/GCC/ARM_CM4F/port.c.obj
                0x0800aa08                pxPortInitialiseStack
 *fill*         0x0800aa34        0xc 
 .text.SVC_Handler
                0x0800aa40       0x24 CMakeFiles/foc.elf.dir/Middlewares/Third_Party/FreeRTOS/Source/portable/GCC/ARM_CM4F/port.c.obj
                0x0800aa40                SVC_Handler
 .text.vPortEnterCritical
                0x0800aa64       0x44 CMakeFiles/foc.elf.dir/Middlewares/Third_Party/FreeRTOS/Source/portable/GCC/ARM_CM4F/port.c.obj
                0x0800aa64                vPortEnterCritical
 .text.vPortExitCritical
                0x0800aaa8       0x2c CMakeFiles/foc.elf.dir/Middlewares/Third_Party/FreeRTOS/Source/portable/GCC/ARM_CM4F/port.c.obj
                0x0800aaa8                vPortExitCritical
 *fill*         0x0800aad4        0xc 
 .text.PendSV_Handler
                0x0800aae0       0x64 CMakeFiles/foc.elf.dir/Middlewares/Third_Party/FreeRTOS/Source/portable/GCC/ARM_CM4F/port.c.obj
                0x0800aae0                PendSV_Handler
 .text.xPortSysTickHandler
                0x0800ab44       0x2c CMakeFiles/foc.elf.dir/Middlewares/Third_Party/FreeRTOS/Source/portable/GCC/ARM_CM4F/port.c.obj
                0x0800ab44                xPortSysTickHandler
 .text.vPortSetupTimerInterrupt
                0x0800ab70       0x28 CMakeFiles/foc.elf.dir/Middlewares/Third_Party/FreeRTOS/Source/portable/GCC/ARM_CM4F/port.c.obj
                0x0800ab70                vPortSetupTimerInterrupt
 .text.xPortStartScheduler
                0x0800ab98      0x118 CMakeFiles/foc.elf.dir/Middlewares/Third_Party/FreeRTOS/Source/portable/GCC/ARM_CM4F/port.c.obj
                0x0800ab98                xPortStartScheduler
 .text.vPortValidateInterruptPriority
                0x0800acb0       0x5c CMakeFiles/foc.elf.dir/Middlewares/Third_Party/FreeRTOS/Source/portable/GCC/ARM_CM4F/port.c.obj
                0x0800acb0                vPortValidateInterruptPriority
 .text.prvHeapInit
                0x0800ad0c       0x64 CMakeFiles/foc.elf.dir/Middlewares/Third_Party/FreeRTOS/Source/portable/MemMang/heap_4.c.obj
 .text.prvInsertBlockIntoFreeList
                0x0800ad70       0x64 CMakeFiles/foc.elf.dir/Middlewares/Third_Party/FreeRTOS/Source/portable/MemMang/heap_4.c.obj
 .text.pvPortMalloc
                0x0800add4       0xfc CMakeFiles/foc.elf.dir/Middlewares/Third_Party/FreeRTOS/Source/portable/MemMang/heap_4.c.obj
                0x0800add4                pvPortMalloc
 .text.vPortFree
                0x0800aed0       0x7c CMakeFiles/foc.elf.dir/Middlewares/Third_Party/FreeRTOS/Source/portable/MemMang/heap_4.c.obj
                0x0800aed0                vPortFree
 .text.prvIsQueueFull
                0x0800af4c       0x1e CMakeFiles/foc.elf.dir/Middlewares/Third_Party/FreeRTOS/Source/queue.c.obj
 .text.prvIsQueueEmpty
                0x0800af6a       0x1a CMakeFiles/foc.elf.dir/Middlewares/Third_Party/FreeRTOS/Source/queue.c.obj
 .text.prvCopyDataToQueue
                0x0800af84       0x76 CMakeFiles/foc.elf.dir/Middlewares/Third_Party/FreeRTOS/Source/queue.c.obj
 .text.prvCopyDataFromQueue
                0x0800affa       0x24 CMakeFiles/foc.elf.dir/Middlewares/Third_Party/FreeRTOS/Source/queue.c.obj
 .text.prvUnlockQueue
                0x0800b01e       0x6e CMakeFiles/foc.elf.dir/Middlewares/Third_Party/FreeRTOS/Source/queue.c.obj
 .text.xQueueGenericReset
                0x0800b08c       0x84 CMakeFiles/foc.elf.dir/Middlewares/Third_Party/FreeRTOS/Source/queue.c.obj
                0x0800b08c                xQueueGenericReset
 .text.prvInitialiseNewQueue
                0x0800b110       0x22 CMakeFiles/foc.elf.dir/Middlewares/Third_Party/FreeRTOS/Source/queue.c.obj
 .text.xQueueGenericCreateStatic
                0x0800b132       0x94 CMakeFiles/foc.elf.dir/Middlewares/Third_Party/FreeRTOS/Source/queue.c.obj
                0x0800b132                xQueueGenericCreateStatic
 .text.xQueueGenericSend
                0x0800b1c6      0x188 CMakeFiles/foc.elf.dir/Middlewares/Third_Party/FreeRTOS/Source/queue.c.obj
                0x0800b1c6                xQueueGenericSend
 .text.xQueueGenericSendFromISR
                0x0800b34e       0xce CMakeFiles/foc.elf.dir/Middlewares/Third_Party/FreeRTOS/Source/queue.c.obj
                0x0800b34e                xQueueGenericSendFromISR
 .text.xQueueReceive
                0x0800b41c      0x15e CMakeFiles/foc.elf.dir/Middlewares/Third_Party/FreeRTOS/Source/queue.c.obj
                0x0800b41c                xQueueReceive
 *fill*         0x0800b57a        0x2 
 .text.vQueueAddToRegistry
                0x0800b57c       0x28 CMakeFiles/foc.elf.dir/Middlewares/Third_Party/FreeRTOS/Source/queue.c.obj
                0x0800b57c                vQueueAddToRegistry
 .text.vQueueWaitForMessageRestricted
                0x0800b5a4       0x52 CMakeFiles/foc.elf.dir/Middlewares/Third_Party/FreeRTOS/Source/queue.c.obj
                0x0800b5a4                vQueueWaitForMessageRestricted
 *fill*         0x0800b5f6        0x2 
 .text.prvResetNextTaskUnblockTime
                0x0800b5f8       0x2c CMakeFiles/foc.elf.dir/Middlewares/Third_Party/FreeRTOS/Source/tasks.c.obj
 .text.prvInitialiseNewTask
                0x0800b624      0x106 CMakeFiles/foc.elf.dir/Middlewares/Third_Party/FreeRTOS/Source/tasks.c.obj
 *fill*         0x0800b72a        0x2 
 .text.prvInitialiseTaskLists
                0x0800b72c       0x68 CMakeFiles/foc.elf.dir/Middlewares/Third_Party/FreeRTOS/Source/tasks.c.obj
 .text.prvAddNewTaskToReadyList
                0x0800b794       0xac CMakeFiles/foc.elf.dir/Middlewares/Third_Party/FreeRTOS/Source/tasks.c.obj
 .text.prvDeleteTCB
                0x0800b840       0x40 CMakeFiles/foc.elf.dir/Middlewares/Third_Party/FreeRTOS/Source/tasks.c.obj
 .text.prvCheckTasksWaitingTermination
                0x0800b880       0x4c CMakeFiles/foc.elf.dir/Middlewares/Third_Party/FreeRTOS/Source/tasks.c.obj
 .text.prvIdleTask
                0x0800b8cc       0x28 CMakeFiles/foc.elf.dir/Middlewares/Third_Party/FreeRTOS/Source/tasks.c.obj
 .text.prvAddCurrentTaskToDelayedList
                0x0800b8f4       0x7c CMakeFiles/foc.elf.dir/Middlewares/Third_Party/FreeRTOS/Source/tasks.c.obj
 .text.xTaskCreateStatic
                0x0800b970       0x7a CMakeFiles/foc.elf.dir/Middlewares/Third_Party/FreeRTOS/Source/tasks.c.obj
                0x0800b970                xTaskCreateStatic
 .text.xTaskCreate
                0x0800b9ea       0x6a CMakeFiles/foc.elf.dir/Middlewares/Third_Party/FreeRTOS/Source/tasks.c.obj
                0x0800b9ea                xTaskCreate
 .text.vTaskStartScheduler
                0x0800ba54       0xac CMakeFiles/foc.elf.dir/Middlewares/Third_Party/FreeRTOS/Source/tasks.c.obj
                0x0800ba54                vTaskStartScheduler
 .text.vTaskSuspendAll
                0x0800bb00       0x10 CMakeFiles/foc.elf.dir/Middlewares/Third_Party/FreeRTOS/Source/tasks.c.obj
                0x0800bb00                vTaskSuspendAll
 .text.xTaskGetTickCount
                0x0800bb10        0xc CMakeFiles/foc.elf.dir/Middlewares/Third_Party/FreeRTOS/Source/tasks.c.obj
                0x0800bb10                xTaskGetTickCount
 .text.xTaskIncrementTick
                0x0800bb1c      0x118 CMakeFiles/foc.elf.dir/Middlewares/Third_Party/FreeRTOS/Source/tasks.c.obj
                0x0800bb1c                xTaskIncrementTick
 .text.xTaskResumeAll
                0x0800bc34       0xf8 CMakeFiles/foc.elf.dir/Middlewares/Third_Party/FreeRTOS/Source/tasks.c.obj
                0x0800bc34                xTaskResumeAll
 .text.vTaskDelay
                0x0800bd2c       0x4c CMakeFiles/foc.elf.dir/Middlewares/Third_Party/FreeRTOS/Source/tasks.c.obj
                0x0800bd2c                vTaskDelay
 .text.vTaskSwitchContext
                0x0800bd78       0xa0 CMakeFiles/foc.elf.dir/Middlewares/Third_Party/FreeRTOS/Source/tasks.c.obj
                0x0800bd78                vTaskSwitchContext
 .text.vTaskPlaceOnEventList
                0x0800be18       0x30 CMakeFiles/foc.elf.dir/Middlewares/Third_Party/FreeRTOS/Source/tasks.c.obj
                0x0800be18                vTaskPlaceOnEventList
 .text.vTaskPlaceOnEventListRestricted
                0x0800be48       0x38 CMakeFiles/foc.elf.dir/Middlewares/Third_Party/FreeRTOS/Source/tasks.c.obj
                0x0800be48                vTaskPlaceOnEventListRestricted
 .text.xTaskRemoveFromEventList
                0x0800be80       0x8c CMakeFiles/foc.elf.dir/Middlewares/Third_Party/FreeRTOS/Source/tasks.c.obj
                0x0800be80                xTaskRemoveFromEventList
 .text.vTaskInternalSetTimeOutState
                0x0800bf0c       0x18 CMakeFiles/foc.elf.dir/Middlewares/Third_Party/FreeRTOS/Source/tasks.c.obj
                0x0800bf0c                vTaskInternalSetTimeOutState
 .text.xTaskCheckForTimeOut
                0x0800bf24       0x84 CMakeFiles/foc.elf.dir/Middlewares/Third_Party/FreeRTOS/Source/tasks.c.obj
                0x0800bf24                xTaskCheckForTimeOut
 .text.vTaskMissedYield
                0x0800bfa8        0xc CMakeFiles/foc.elf.dir/Middlewares/Third_Party/FreeRTOS/Source/tasks.c.obj
                0x0800bfa8                vTaskMissedYield
 .text.xTaskGetSchedulerState
                0x0800bfb4       0x20 CMakeFiles/foc.elf.dir/Middlewares/Third_Party/FreeRTOS/Source/tasks.c.obj
                0x0800bfb4                xTaskGetSchedulerState
 .text.xTaskPriorityDisinherit
                0x0800bfd4       0x90 CMakeFiles/foc.elf.dir/Middlewares/Third_Party/FreeRTOS/Source/tasks.c.obj
                0x0800bfd4                xTaskPriorityDisinherit
 .text.prvGetNextExpireTime
                0x0800c064       0x20 CMakeFiles/foc.elf.dir/Middlewares/Third_Party/FreeRTOS/Source/timers.c.obj
 .text.prvInsertTimerInActiveList
                0x0800c084       0x48 CMakeFiles/foc.elf.dir/Middlewares/Third_Party/FreeRTOS/Source/timers.c.obj
 .text.prvCheckForValidListAndQueue
                0x0800c0cc       0x70 CMakeFiles/foc.elf.dir/Middlewares/Third_Party/FreeRTOS/Source/timers.c.obj
 .text.xTimerCreateTimerTask
                0x0800c13c       0x64 CMakeFiles/foc.elf.dir/Middlewares/Third_Party/FreeRTOS/Source/timers.c.obj
                0x0800c13c                xTimerCreateTimerTask
 .text.xTimerGenericCommand
                0x0800c1a0       0x6c CMakeFiles/foc.elf.dir/Middlewares/Third_Party/FreeRTOS/Source/timers.c.obj
                0x0800c1a0                xTimerGenericCommand
 .text.prvSwitchTimerLists
                0x0800c20c       0x7c CMakeFiles/foc.elf.dir/Middlewares/Third_Party/FreeRTOS/Source/timers.c.obj
 .text.prvSampleTimeNow
                0x0800c288       0x2c CMakeFiles/foc.elf.dir/Middlewares/Third_Party/FreeRTOS/Source/timers.c.obj
 .text.prvProcessExpiredTimer
                0x0800c2b4       0x6c CMakeFiles/foc.elf.dir/Middlewares/Third_Party/FreeRTOS/Source/timers.c.obj
 .text.prvProcessTimerOrBlockTask
                0x0800c320       0x74 CMakeFiles/foc.elf.dir/Middlewares/Third_Party/FreeRTOS/Source/timers.c.obj
 .text.prvProcessReceivedCommands
                0x0800c394      0x10c CMakeFiles/foc.elf.dir/Middlewares/Third_Party/FreeRTOS/Source/timers.c.obj
 .text.prvTimerTask
                0x0800c4a0       0x16 CMakeFiles/foc.elf.dir/Middlewares/Third_Party/FreeRTOS/Source/timers.c.obj
 *fill*         0x0800c4b6        0x2 
 .text.MX_USB_Device_Init
                0x0800c4b8       0x54 CMakeFiles/foc.elf.dir/USB_Device/App/usb_device.c.obj
                0x0800c4b8                MX_USB_Device_Init
 .text.CDC_DeInit_FS
                0x0800c50c        0x4 CMakeFiles/foc.elf.dir/USB_Device/App/usbd_cdc_if.c.obj
 .text.CDC_Control_FS
                0x0800c510        0x4 CMakeFiles/foc.elf.dir/USB_Device/App/usbd_cdc_if.c.obj
 .text.CDC_TransmitCplt_FS
                0x0800c514        0x4 CMakeFiles/foc.elf.dir/USB_Device/App/usbd_cdc_if.c.obj
 .text.vofa_cmd_parse
                0x0800c518       0x1e CMakeFiles/foc.elf.dir/USB_Device/App/usbd_cdc_if.c.obj
 *fill*         0x0800c536        0x2 
 .text.CDC_Receive_FS
                0x0800c538      0x248 CMakeFiles/foc.elf.dir/USB_Device/App/usbd_cdc_if.c.obj
 .text.CDC_Init_FS
                0x0800c780       0x28 CMakeFiles/foc.elf.dir/USB_Device/App/usbd_cdc_if.c.obj
 .text.USBD_CDC_DeviceDescriptor
                0x0800c7a8        0xc CMakeFiles/foc.elf.dir/USB_Device/App/usbd_desc.c.obj
                0x0800c7a8                USBD_CDC_DeviceDescriptor
 .text.USBD_CDC_LangIDStrDescriptor
                0x0800c7b4        0xc CMakeFiles/foc.elf.dir/USB_Device/App/usbd_desc.c.obj
                0x0800c7b4                USBD_CDC_LangIDStrDescriptor
 .text.IntToUnicode
                0x0800c7c0       0x46 CMakeFiles/foc.elf.dir/USB_Device/App/usbd_desc.c.obj
 *fill*         0x0800c806        0x2 
 .text.Get_SerialNum
                0x0800c808       0x38 CMakeFiles/foc.elf.dir/USB_Device/App/usbd_desc.c.obj
 .text.USBD_CDC_SerialStrDescriptor
                0x0800c840       0x14 CMakeFiles/foc.elf.dir/USB_Device/App/usbd_desc.c.obj
                0x0800c840                USBD_CDC_SerialStrDescriptor
 .text.USBD_CDC_ProductStrDescriptor
                0x0800c854       0x24 CMakeFiles/foc.elf.dir/USB_Device/App/usbd_desc.c.obj
                0x0800c854                USBD_CDC_ProductStrDescriptor
 .text.USBD_CDC_ManufacturerStrDescriptor
                0x0800c878       0x1c CMakeFiles/foc.elf.dir/USB_Device/App/usbd_desc.c.obj
                0x0800c878                USBD_CDC_ManufacturerStrDescriptor
 .text.USBD_CDC_ConfigStrDescriptor
                0x0800c894       0x24 CMakeFiles/foc.elf.dir/USB_Device/App/usbd_desc.c.obj
                0x0800c894                USBD_CDC_ConfigStrDescriptor
 .text.USBD_CDC_InterfaceStrDescriptor
                0x0800c8b8       0x24 CMakeFiles/foc.elf.dir/USB_Device/App/usbd_desc.c.obj
                0x0800c8b8                USBD_CDC_InterfaceStrDescriptor
 .text.USBD_Get_USB_Status
                0x0800c8dc       0x14 CMakeFiles/foc.elf.dir/USB_Device/Target/usbd_conf.c.obj
 .text.SystemClockConfig_Resume
                0x0800c8f0        0x8 CMakeFiles/foc.elf.dir/USB_Device/Target/usbd_conf.c.obj
 .text.HAL_PCD_MspInit
                0x0800c8f8       0x60 CMakeFiles/foc.elf.dir/USB_Device/Target/usbd_conf.c.obj
                0x0800c8f8                HAL_PCD_MspInit
 .text.HAL_PCD_SetupStageCallback
                0x0800c958       0x10 CMakeFiles/foc.elf.dir/USB_Device/Target/usbd_conf.c.obj
                0x0800c958                HAL_PCD_SetupStageCallback
 .text.HAL_PCD_DataOutStageCallback
                0x0800c968       0x18 CMakeFiles/foc.elf.dir/USB_Device/Target/usbd_conf.c.obj
                0x0800c968                HAL_PCD_DataOutStageCallback
 .text.HAL_PCD_DataInStageCallback
                0x0800c980       0x16 CMakeFiles/foc.elf.dir/USB_Device/Target/usbd_conf.c.obj
                0x0800c980                HAL_PCD_DataInStageCallback
 .text.HAL_PCD_SOFCallback
                0x0800c996        0xc CMakeFiles/foc.elf.dir/USB_Device/Target/usbd_conf.c.obj
                0x0800c996                HAL_PCD_SOFCallback
 .text.HAL_PCD_ResetCallback
                0x0800c9a2       0x24 CMakeFiles/foc.elf.dir/USB_Device/Target/usbd_conf.c.obj
                0x0800c9a2                HAL_PCD_ResetCallback
 *fill*         0x0800c9c6        0x2 
 .text.HAL_PCD_SuspendCallback
                0x0800c9c8       0x20 CMakeFiles/foc.elf.dir/USB_Device/Target/usbd_conf.c.obj
                0x0800c9c8                HAL_PCD_SuspendCallback
 .text.HAL_PCD_ResumeCallback
                0x0800c9e8       0x28 CMakeFiles/foc.elf.dir/USB_Device/Target/usbd_conf.c.obj
                0x0800c9e8                HAL_PCD_ResumeCallback
 .text.USBD_LL_Init
                0x0800ca10       0x88 CMakeFiles/foc.elf.dir/USB_Device/Target/usbd_conf.c.obj
                0x0800ca10                USBD_LL_Init
 .text.USBD_LL_Start
                0x0800ca98       0x10 CMakeFiles/foc.elf.dir/USB_Device/Target/usbd_conf.c.obj
                0x0800ca98                USBD_LL_Start
 .text.USBD_LL_OpenEP
                0x0800caa8       0x16 CMakeFiles/foc.elf.dir/USB_Device/Target/usbd_conf.c.obj
                0x0800caa8                USBD_LL_OpenEP
 .text.USBD_LL_CloseEP
                0x0800cabe       0x10 CMakeFiles/foc.elf.dir/USB_Device/Target/usbd_conf.c.obj
                0x0800cabe                USBD_LL_CloseEP
 .text.USBD_LL_StallEP
                0x0800cace       0x10 CMakeFiles/foc.elf.dir/USB_Device/Target/usbd_conf.c.obj
                0x0800cace                USBD_LL_StallEP
 .text.USBD_LL_ClearStallEP
                0x0800cade       0x10 CMakeFiles/foc.elf.dir/USB_Device/Target/usbd_conf.c.obj
                0x0800cade                USBD_LL_ClearStallEP
 .text.USBD_LL_IsStallEP
                0x0800caee       0x2c CMakeFiles/foc.elf.dir/USB_Device/Target/usbd_conf.c.obj
                0x0800caee                USBD_LL_IsStallEP
 .text.USBD_LL_SetUSBAddress
                0x0800cb1a       0x10 CMakeFiles/foc.elf.dir/USB_Device/Target/usbd_conf.c.obj
                0x0800cb1a                USBD_LL_SetUSBAddress
 .text.USBD_LL_Transmit
                0x0800cb2a       0x10 CMakeFiles/foc.elf.dir/USB_Device/Target/usbd_conf.c.obj
                0x0800cb2a                USBD_LL_Transmit
 .text.USBD_LL_PrepareReceive
                0x0800cb3a       0x10 CMakeFiles/foc.elf.dir/USB_Device/Target/usbd_conf.c.obj
                0x0800cb3a                USBD_LL_PrepareReceive
 .text.USBD_LL_GetRxDataSize
                0x0800cb4a        0xc CMakeFiles/foc.elf.dir/USB_Device/Target/usbd_conf.c.obj
                0x0800cb4a                USBD_LL_GetRxDataSize
 *fill*         0x0800cb56        0x2 
 .text.HAL_PCDEx_LPM_Callback
                0x0800cb58       0x48 CMakeFiles/foc.elf.dir/USB_Device/Target/usbd_conf.c.obj
                0x0800cb58                HAL_PCDEx_LPM_Callback
 .text.USBD_static_malloc
                0x0800cba0        0x8 CMakeFiles/foc.elf.dir/USB_Device/Target/usbd_conf.c.obj
                0x0800cba0                USBD_static_malloc
 .text.USBD_static_free
                0x0800cba8        0x2 CMakeFiles/foc.elf.dir/USB_Device/Target/usbd_conf.c.obj
                0x0800cba8                USBD_static_free
 *fill*         0x0800cbaa        0x2 
 .text.led3_set_level
                0x0800cbac       0x18 CMakeFiles/foc.elf.dir/bsp/bsp.c.obj
 .text.led2_set_level
                0x0800cbc4       0x18 CMakeFiles/foc.elf.dir/bsp/bsp.c.obj
 .text.led1_set_level
                0x0800cbdc       0x18 CMakeFiles/foc.elf.dir/bsp/bsp.c.obj
 .text.encoder_spi_cs_set_callback
                0x0800cbf4       0x18 CMakeFiles/foc.elf.dir/bsp/bsp.c.obj
 .text.get_btn4_level
                0x0800cc0c       0x10 CMakeFiles/foc.elf.dir/bsp/bsp.c.obj
 .text.get_btn3_level
                0x0800cc1c       0x10 CMakeFiles/foc.elf.dir/bsp/bsp.c.obj
 .text.get_btn2_level
                0x0800cc2c       0x14 CMakeFiles/foc.elf.dir/bsp/bsp.c.obj
 .text.get_btn1_level
                0x0800cc40       0x14 CMakeFiles/foc.elf.dir/bsp/bsp.c.obj
 .text.encoder_get_data_callback
                0x0800cc54       0x10 CMakeFiles/foc.elf.dir/bsp/bsp.c.obj
 .text.encoder_spi_send_recv_callback
                0x0800cc64       0x1c CMakeFiles/foc.elf.dir/bsp/bsp.c.obj
 .text.bsp_init
                0x0800cc80      0x114 CMakeFiles/foc.elf.dir/bsp/bsp.c.obj
                0x0800cc80                bsp_init
 .text.bsp_get_vbus
                0x0800cd94       0x6c CMakeFiles/foc.elf.dir/bsp/bsp.c.obj
                0x0800cd94                bsp_get_vbus
 .text.motor_get_vbus_voltage_callback
                0x0800ce00       0x1c CMakeFiles/foc.elf.dir/bsp/bsp.c.obj
                0x0800ce00                motor_get_vbus_voltage_callback
 .text.bsp_get_phase_voltage
                0x0800ce1c       0xbc CMakeFiles/foc.elf.dir/bsp/bsp.c.obj
                0x0800ce1c                bsp_get_phase_voltage
 .text.motor_get_phase_voltage_callback
                0x0800ced8       0x24 CMakeFiles/foc.elf.dir/bsp/bsp.c.obj
                0x0800ced8                motor_get_phase_voltage_callback
 .text.bsp_get_phase_current
                0x0800cefc       0x60 CMakeFiles/foc.elf.dir/bsp/bsp.c.obj
                0x0800cefc                bsp_get_phase_current
 .text.motor_get_phase_current_callback
                0x0800cf5c       0x24 CMakeFiles/foc.elf.dir/bsp/bsp.c.obj
                0x0800cf5c                motor_get_phase_current_callback
 .text.button_handler
                0x0800cf80      0x192 CMakeFiles/foc.elf.dir/bsp/button/button.c.obj
 .text.button_install_event_callback
                0x0800d112       0x26 CMakeFiles/foc.elf.dir/bsp/button/button.c.obj
                0x0800d112                button_install_event_callback
 .text.button_start
                0x0800d138       0x30 CMakeFiles/foc.elf.dir/bsp/button/button.c.obj
                0x0800d138                button_start
 .text.button_init
                0x0800d168        0x8 CMakeFiles/foc.elf.dir/bsp/button/button.c.obj
 .text.button_create
                0x0800d170       0x3c CMakeFiles/foc.elf.dir/bsp/button/button.c.obj
                0x0800d170                button_create
 .text.button_ticks
                0x0800d1ac       0x1c CMakeFiles/foc.elf.dir/bsp/button/button.c.obj
                0x0800d1ac                button_ticks
 .text.led_open
                0x0800d1c8       0x28 CMakeFiles/foc.elf.dir/bsp/led/led.c.obj
                0x0800d1c8                led_open
 .text.led_close
                0x0800d1f0       0x26 CMakeFiles/foc.elf.dir/bsp/led/led.c.obj
                0x0800d1f0                led_close
 .text.led_init
                0x0800d216       0x1c CMakeFiles/foc.elf.dir/bsp/led/led.c.obj
                0x0800d216                led_init
 .text.led_create
                0x0800d232       0x14 CMakeFiles/foc.elf.dir/bsp/led/led.c.obj
                0x0800d232                led_create
 .text.led_toggle
                0x0800d246       0x30 CMakeFiles/foc.elf.dir/bsp/led/led.c.obj
                0x0800d246                led_toggle
 .text.mt6701_init
                0x0800d276       0x22 CMakeFiles/foc.elf.dir/bsp/mt6701/mt6701.c.obj
                0x0800d276                mt6701_init
 .text.mt6701_get_raw_data
                0x0800d298       0x54 CMakeFiles/foc.elf.dir/bsp/mt6701/mt6701.c.obj
                0x0800d298                mt6701_get_raw_data
 .text.mt6701_get_data
                0x0800d2ec       0x74 CMakeFiles/foc.elf.dir/bsp/mt6701/mt6701.c.obj
                0x0800d2ec                mt6701_get_data
 .text.lpf_init
                0x0800d360       0x60 CMakeFiles/foc.elf.dir/foc/digital_filter.c.obj
                0x0800d360                lpf_init
 .text.encoder_init
                0x0800d3c0       0x16 CMakeFiles/foc.elf.dir/foc/encoder.c.obj
                0x0800d3c0                encoder_init
 *fill*         0x0800d3d6        0x2 
 .text.foc_clark
                0x0800d3d8       0x2c CMakeFiles/foc.elf.dir/foc/foc.c.obj
                0x0800d3d8                foc_clark
 .text.foc_park
                0x0800d404       0x26 CMakeFiles/foc.elf.dir/foc/foc.c.obj
                0x0800d404                foc_park
 .text.foc_inv_park
                0x0800d42a       0x26 CMakeFiles/foc.elf.dir/foc/foc.c.obj
                0x0800d42a                foc_inv_park
 .text.foc_mid_point_svm
                0x0800d450       0xf8 CMakeFiles/foc.elf.dir/foc/foc.c.obj
                0x0800d450                foc_mid_point_svm
 .text.odriver_svm
                0x0800d548      0x21c CMakeFiles/foc.elf.dir/foc/foc.c.obj
                0x0800d548                odriver_svm
 .text.foc_pll_init
                0x0800d764       0x48 CMakeFiles/foc.elf.dir/foc/foc.c.obj
                0x0800d764                foc_pll_init
 .text.foc_pll_calc
                0x0800d7ac       0x70 CMakeFiles/foc.elf.dir/foc/foc.c.obj
                0x0800d7ac                foc_pll_calc
 .text.motor_create
                0x0800d81c      0x1cc CMakeFiles/foc.elf.dir/foc/motor.c.obj
                0x0800d81c                motor_create
 .text.motor_enable
                0x0800d9e8       0x40 CMakeFiles/foc.elf.dir/foc/motor.c.obj
                0x0800d9e8                motor_enable
 .text.motor_disable
                0x0800da28       0x40 CMakeFiles/foc.elf.dir/foc/motor.c.obj
                0x0800da28                motor_disable
 .text.motor_has_encoder
                0x0800da68        0xc CMakeFiles/foc.elf.dir/foc/motor.c.obj
                0x0800da68                motor_has_encoder
 .text.motor_link_encoder
                0x0800da74       0x14 CMakeFiles/foc.elf.dir/foc/motor.c.obj
                0x0800da74                motor_link_encoder
 .text.motor_get_angle_rad
                0x0800da88       0x38 CMakeFiles/foc.elf.dir/foc/motor.c.obj
                0x0800da88                motor_get_angle_rad
 .text.motor_set_and_apply_pwm_duty
                0x0800dac0       0x58 CMakeFiles/foc.elf.dir/foc/motor.c.obj
                0x0800dac0                motor_set_and_apply_pwm_duty
 .text.motor_drag_theta
                0x0800db18       0x78 CMakeFiles/foc.elf.dir/foc/motor.c.obj